C:\Users\Lenovo\Documents\MCUXpressoIDE_25.6.136\workspace\kfx_backpan_fusion\drivers/fsl_clock.h:1194:20:CLOCK_SetXtal0Freq	16	static
C:\Users\Lenovo\Documents\MCUXpressoIDE_25.6.136\workspace\kfx_backpan_fusion\drivers/fsl_smc.h:256:20:SMC_SetPowerModeProtection	16	static
C:\Users\Lenovo\Documents\MCUXpressoIDE_25.6.136\workspace\kfx_backpan_fusion\drivers/fsl_smc.h:275:33:SMC_GetPowerModeState	16	static
../board/clock_config.c:71:13:CLOCK_CONFIG_SetSimSafeDivs	4	static
../board/clock_config.c:83:13:CLOCK_CONFIG_SetFllExtRefDiv	16	static
../board/clock_config.c:91:6:BOARD_InitBootClocks	8	static
../board/clock_config.c:168:6:BOARD_BootClockRUN	8	static
