Archive member included to satisfy reference by file (symbol)

C:/nxp/MCUXpressoIDE_25.6.136/ide/plugins/com.nxp.mcuxpresso.tools.win32_25.6.0.202501151204/tools/bin/../lib/gcc/arm-none-eabi/14.2.1/../../../../arm-none-eabi/lib/thumb/v7e-m+fp/hard\libcr_nohost_nf.a(_cr__main.o)
                              ./startup/startup_mkv56f24.o (__main)
C:/nxp/MCUXpressoIDE_25.6.136/ide/plugins/com.nxp.mcuxpresso.tools.win32_25.6.0.202501151204/tools/bin/../lib/gcc/arm-none-eabi/14.2.1/../../../../arm-none-eabi/lib/thumb/v7e-m+fp/hard\libcr_nohost_nf.a(_cr_assert.o)
                              ./utilities/fsl_debug_console.o (__assertion_failed)
C:/nxp/MCUXpressoIDE_25.6.136/ide/plugins/com.nxp.mcuxpresso.tools.win32_25.6.0.202501151204/tools/bin/../lib/gcc/arm-none-eabi/14.2.1/../../../../arm-none-eabi/lib/thumb/v7e-m+fp/hard\libcr_nohost_nf.a(__ciob.o)
                              C:/nxp/MCUXpressoIDE_25.6.136/ide/plugins/com.nxp.mcuxpresso.tools.win32_25.6.0.202501151204/tools/bin/../lib/gcc/arm-none-eabi/14.2.1/../../../../arm-none-eabi/lib/thumb/v7e-m+fp/hard\libcr_nohost_nf.a(_cr_assert.o) (__Ciob)
C:/nxp/MCUXpressoIDE_25.6.136/ide/plugins/com.nxp.mcuxpresso.tools.win32_25.6.0.202501151204/tools/bin/../lib/gcc/arm-none-eabi/14.2.1/../../../../arm-none-eabi/lib/thumb/v7e-m+fp/hard\libcr_nohost_nf.a(__sys_appexit.o)
                              C:/nxp/MCUXpressoIDE_25.6.136/ide/plugins/com.nxp.mcuxpresso.tools.win32_25.6.0.202501151204/tools/bin/../lib/gcc/arm-none-eabi/14.2.1/../../../../arm-none-eabi/lib/thumb/v7e-m+fp/hard\libcr_nohost_nf.a(_cr_assert.o) (__sys_appexit)
C:/nxp/MCUXpressoIDE_25.6.136/ide/plugins/com.nxp.mcuxpresso.tools.win32_25.6.0.202501151204/tools/bin/../lib/gcc/arm-none-eabi/14.2.1/../../../../arm-none-eabi/lib/thumb/v7e-m+fp/hard\libcr_c.a(asinf.o)
                              ./source/fusion/FusionAhrs.o (asinf)
C:/nxp/MCUXpressoIDE_25.6.136/ide/plugins/com.nxp.mcuxpresso.tools.win32_25.6.0.202501151204/tools/bin/../lib/gcc/arm-none-eabi/14.2.1/../../../../arm-none-eabi/lib/thumb/v7e-m+fp/hard\libcr_c.a(atan2f.o)
                              ./source/fusion/FusionAhrs.o (atan2f)
C:/nxp/MCUXpressoIDE_25.6.136/ide/plugins/com.nxp.mcuxpresso.tools.win32_25.6.0.202501151204/tools/bin/../lib/gcc/arm-none-eabi/14.2.1/../../../../arm-none-eabi/lib/thumb/v7e-m+fp/hard\libcr_c.a(atanf.o)
                              C:/nxp/MCUXpressoIDE_25.6.136/ide/plugins/com.nxp.mcuxpresso.tools.win32_25.6.0.202501151204/tools/bin/../lib/gcc/arm-none-eabi/14.2.1/../../../../arm-none-eabi/lib/thumb/v7e-m+fp/hard\libcr_c.a(atan2f.o) (atanf)
C:/nxp/MCUXpressoIDE_25.6.136/ide/plugins/com.nxp.mcuxpresso.tools.win32_25.6.0.202501151204/tools/bin/../lib/gcc/arm-none-eabi/14.2.1/../../../../arm-none-eabi/lib/thumb/v7e-m+fp/hard\libcr_c.a(cosf.o)
                              ./source/fusion/FusionAhrs.o (cosf)
C:/nxp/MCUXpressoIDE_25.6.136/ide/plugins/com.nxp.mcuxpresso.tools.win32_25.6.0.202501151204/tools/bin/../lib/gcc/arm-none-eabi/14.2.1/../../../../arm-none-eabi/lib/thumb/v7e-m+fp/hard\libcr_c.a(fabsf.o)
                              ./source/fusion/FusionAhrs.o (fabsf)
C:/nxp/MCUXpressoIDE_25.6.136/ide/plugins/com.nxp.mcuxpresso.tools.win32_25.6.0.202501151204/tools/bin/../lib/gcc/arm-none-eabi/14.2.1/../../../../arm-none-eabi/lib/thumb/v7e-m+fp/hard\libcr_c.a(powf.o)
                              ./source/fusion/FusionAhrs.o (powf)
C:/nxp/MCUXpressoIDE_25.6.136/ide/plugins/com.nxp.mcuxpresso.tools.win32_25.6.0.202501151204/tools/bin/../lib/gcc/arm-none-eabi/14.2.1/../../../../arm-none-eabi/lib/thumb/v7e-m+fp/hard\libcr_c.a(sinf.o)
                              ./source/fusion/FusionAhrs.o (sinf)
C:/nxp/MCUXpressoIDE_25.6.136/ide/plugins/com.nxp.mcuxpresso.tools.win32_25.6.0.202501151204/tools/bin/../lib/gcc/arm-none-eabi/14.2.1/../../../../arm-none-eabi/lib/thumb/v7e-m+fp/hard\libcr_c.a(sqrtf_m4_hardfp.o)
                              ./source/fusion/FusionAhrs.o (sqrtf)
C:/nxp/MCUXpressoIDE_25.6.136/ide/plugins/com.nxp.mcuxpresso.tools.win32_25.6.0.202501151204/tools/bin/../lib/gcc/arm-none-eabi/14.2.1/../../../../arm-none-eabi/lib/thumb/v7e-m+fp/hard\libcr_c.a(memcpy.o)
                              ./utilities/fsl_shell.o (memcpy)
C:/nxp/MCUXpressoIDE_25.6.136/ide/plugins/com.nxp.mcuxpresso.tools.win32_25.6.0.202501151204/tools/bin/../lib/gcc/arm-none-eabi/14.2.1/../../../../arm-none-eabi/lib/thumb/v7e-m+fp/hard\libcr_c.a(memmove.o)
                              ./utilities/fsl_shell.o (memmove)
C:/nxp/MCUXpressoIDE_25.6.136/ide/plugins/com.nxp.mcuxpresso.tools.win32_25.6.0.202501151204/tools/bin/../lib/gcc/arm-none-eabi/14.2.1/../../../../arm-none-eabi/lib/thumb/v7e-m+fp/hard\libcr_c.a(memset.o)
                              ./utilities/fsl_debug_console.o (memset)
C:/nxp/MCUXpressoIDE_25.6.136/ide/plugins/com.nxp.mcuxpresso.tools.win32_25.6.0.202501151204/tools/bin/../lib/gcc/arm-none-eabi/14.2.1/../../../../arm-none-eabi/lib/thumb/v7e-m+fp/hard\libcr_c.a(_deferredlazyseek.o)
[...]
Memory Configuration

Name             Origin             Length             Attributes
PROGRAM_FLASH    0x10000000         0x00100000         xr
SRAM_DTC         0x20000000         0x00020000         xrw
SRAM_OC          0x2f000000         0x00010000         xrw
SRAM_ITC         0x00000000         0x00010000         xrw
FLEX_RAM         0x18000000         0x00001000         xrw
*default*        0x00000000         0xffffffff

Linker script and memory map

LOAD ./utilities/fsl_debug_console.o
LOAD ./utilities/fsl_shell.o
LOAD ./utilities/fsl_str.o
LOAD ./startup/startup_mkv56f24.o
LOAD ./source/tasks/task_canopen.o
LOAD ./source/tasks/task_fusion.o
LOAD ./source/tasks/task_imu.o
LOAD ./source/shared/semaphores.o
LOAD ./source/shared/shared_data.o
LOAD ./source/fusion/FusionAhrs.o
LOAD ./source/fusion/FusionCompass.o
LOAD ./source/fusion/FusionOffset.o
LOAD ./source/drivers/flexcan0_drv.o
LOAD ./source/drivers/flexcan1_drv.o
LOAD ./source/drivers/pit_drv.o
LOAD ./source/app_init.o
LOAD ./source/kfx_backpan_fusion.o
LOAD ./source/semihost_hardfault.o
LOAD ./freertos/freertos_kernel/portable/MemMang/heap_4.o
LOAD ./freertos/freertos_kernel/portable/GCC/ARM_CM4F/port.o
LOAD ./freertos/freertos_kernel/croutine.o
LOAD ./freertos/freertos_kernel/event_groups.o
LOAD ./freertos/freertos_kernel/list.o
LOAD ./freertos/freertos_kernel/queue.o
LOAD ./freertos/freertos_kernel/stream_buffer.o
LOAD ./freertos/freertos_kernel/tasks.o
LOAD ./freertos/freertos_kernel/timers.o
LOAD ./drivers/freertos/fsl_i2c_freertos.o
LOAD ./drivers/freertos/fsl_uart_freertos.o
LOAD ./drivers/fsl_clock.o
LOAD ./drivers/fsl_common.o
LOAD ./drivers/fsl_dmamux.o
LOAD ./drivers/fsl_dspi.o
LOAD ./drivers/fsl_dspi_edma.o
LOAD ./drivers/fsl_edma.o
LOAD ./drivers/fsl_flexcan.o
LOAD ./drivers/fsl_ftfx_cache.o
LOAD ./drivers/fsl_ftfx_controller.o
LOAD ./drivers/fsl_ftfx_flash.o
LOAD ./drivers/fsl_ftfx_flexnvm.o
LOAD ./drivers/fsl_ftm.o
LOAD ./drivers/fsl_gpio.o
LOAD ./drivers/fsl_i2c.o
LOAD ./drivers/fsl_i2c_edma.o
LOAD ./drivers/fsl_pit.o
LOAD ./drivers/fsl_smc.o
LOAD ./drivers/fsl_uart.o
LOAD ./drivers/fsl_uart_edma.o
LOAD ./device/system_MKV56F24.o
LOAD ./component/uart/uart_adapter.o
LOAD ./component/timer_manager/timer_manager.o
LOAD ./component/timer/ftm_adapter.o
LOAD ./component/serial_manager/serial_manager.o
LOAD ./component/serial_manager/serial_port_uart.o
LOAD ./component/osa/fsl_os_abstraction_free_rtos.o
LOAD ./component/mem_manager/mem_manager.o
LOAD ./component/lists/generic_list.o
LOAD ./component/led/led.o
LOAD ./component/gpio/gpio_adapter.o
LOAD ./component/common_task/common_task.o
LOAD ./component/button/button.o
LOAD ./board/board.o
LOAD ./board/clock_config.o
LOAD ./board/peripherals.o
LOAD ./board/pin_mux.o
START GROUP
LOAD C:/nxp/MCUXpressoIDE_25.6.136/ide/plugins/com.nxp.mcuxpresso.tools.win32_25.6.0.202501151204/tools/bin/../lib/gcc/arm-none-eabi/14.2.1/../../../../arm-none-eabi/lib/thumb/v7e-m+fp/hard\libcr_nohost_nf.a
LOAD C:/nxp/MCUXpressoIDE_25.6.136/ide/plugins/com.nxp.mcuxpresso.tools.win32_25.6.0.202501151204/tools/bin/../lib/gcc/arm-none-eabi/14.2.1/../../../../arm-none-eabi/lib/thumb/v7e-m+fp/hard\libcr_c.a
LOAD C:/nxp/MCUXpressoIDE_25.6.136/ide/plugins/com.nxp.mcuxpresso.tools.win32_25.6.0.202501151204/tools/bin/../lib/gcc/arm-none-eabi/14.2.1/thumb/v7e-m+fp/hard\libcr_eabihelpers.a
LOAD C:/nxp/MCUXpressoIDE_25.6.136/ide/plugins/com.nxp.mcuxpresso.tools.win32_25.6.0.202501151204/tools/bin/../lib/gcc/arm-none-eabi/14.2.1/thumb/v7e-m+fp/hard\libgcc.a
END GROUP
                0x10000000                        __base_PROGRAM_FLASH = 0x10000000
                0x10000000                        __base_Flash = 0x10000000
                0x10100000                        __top_PROGRAM_FLASH = 0x10100000
                0x10100000                        __top_Flash = 0x10100000
                0x20000000                        __base_SRAM_DTC = 0x20000000
                0x20000000                        __base_RAM = 0x20000000
                0x20020000                        __top_SRAM_DTC = 0x20020000
                0x20020000                        __top_RAM = 0x20020000
                0x2f000000                        __base_SRAM_OC = 0x2f000000
                0x2f000000                        __base_RAM2 = 0x2f000000
                0x2f010000                        __top_SRAM_OC = 0x2f010000
                0x2f010000                        __top_RAM2 = 0x2f010000
                0x00000000                        __base_SRAM_ITC = 0x0
                0x00000000                        __base_RAM3 = 0x0
                0x00010000                        __top_SRAM_ITC = 0x10000
                0x00010000                        __top_RAM3 = 0x10000
                0x18000000                        __base_FLEX_RAM = 0x18000000
                0x18000000                        __base_RAM4 = 0x18000000
                0x18001000                        __top_FLEX_RAM = 0x18001000
                0x18001000                        __top_RAM4 = 0x18001000

.text           0x10000000     0x99b0
 FILL mask 0xff
                0x10000000                        __vectors_start__ = ABSOLUTE (.)
 *(SORT_BY_ALIGNMENT(.isr_vector))
 .isr_vector    0x10000000      0x20c ./startup/startup_mkv56f24.o
                0x10000000                g_pfnVectors
                0x10000000                __Vectors
                0x1000020c                        . = ALIGN (0x4)
                0x1000020c                        __section_table_start = .
                0x1000020c                        __data_section_table = .
                0x1000020c        0x4 LONG 0x100099b0 LOADADDR (.data)
                0x10000210        0x4 LONG 0x20000000 ADDR (.data)
                0x10000214        0x4 LONG 0x60 SIZEOF (.data)
                0x10000218        0x4 LONG 0x100099b0 LOADADDR (.data_RAM2)
                0x1000021c        0x4 LONG 0x2f000000 ADDR (.data_RAM2)
                0x10000220        0x4 LONG 0x0 SIZEOF (.data_RAM2)
                0x10000224        0x4 LONG 0x100099b0 LOADADDR (.data_RAM3)
                0x10000228        0x4 LONG 0x0 ADDR (.data_RAM3)
                0x1000022c        0x4 LONG 0x0 SIZEOF (.data_RAM3)
                0x10000230        0x4 LONG 0x100099b0 LOADADDR (.data_RAM4)
                0x10000234        0x4 LONG 0x18000000 ADDR (.data_RAM4)
                0x10000238        0x4 LONG 0x0 SIZEOF (.data_RAM4)
                0x1000023c                        __data_section_table_end = .
                0x1000023c                        __bss_section_table = .
                0x1000023c        0x4 LONG 0x20000060 ADDR (.bss)
                0x10000240        0x4 LONG 0x2cf0 SIZEOF (.bss)
                0x10000244        0x4 LONG 0x2f000000 ADDR (.bss_RAM2)
                0x10000248        0x4 LONG 0x0 SIZEOF (.bss_RAM2)
                0x1000024c        0x4 LONG 0x0 ADDR (.bss_RAM3)
                0x10000250        0x4 LONG 0x0 SIZEOF (.bss_RAM3)
                0x10000254        0x4 LONG 0x18000000 ADDR (.bss_RAM4)
                0x10000258        0x4 LONG 0x0 SIZEOF (.bss_RAM4)
                0x1000025c                        __bss_section_table_end = .
                0x1000025c                        __section_table_end = .
 *(SORT_BY_ALIGNMENT(.after_vectors*))
 .after_vectors.reset
                0x1000025c       0x4c ./startup/startup_mkv56f24.o
                0x1000025c                ResetISR
 .after_vectors.init_data
                0x100002a8       0x1e ./startup/startup_mkv56f24.o
                0x100002a8                data_init
 .after_vectors.init_bss
                0x100002c6       0x12 ./startup/startup_mkv56f24.o
                0x100002c6                bss_init
 .after_vectors
                0x100002d8       0x14 ./startup/startup_mkv56f24.o
                0x100002d8                NMI_Handler
                0x100002dc                MemManage_Handler
                0x100002de                BusFault_Handler
                0x100002e0                UsageFault_Handler
                0x100002e4                DebugMon_Handler
                0x100002ea                PORTB_DriverIRQHandler
                0x100002ea                LPTMR0_DriverIRQHandler
                0x100002ea                DMA_Error_DriverIRQHandler
                0x100002ea                Reserved119_DriverIRQHandler
                0x100002ea                PWM1_RELOAD0_DriverIRQHandler
                0x100002ea                HSADC1_CCB_DriverIRQHandler
                0x100002ea                PWM1_CAP_DriverIRQHandler
                0x100002ea                HSADC0_CCA_DriverIRQHandler
                0x100002ea                Reserved117_DriverIRQHandler
                0x100002ea                TRNG0_DriverIRQHandler
                0x100002ea                FTM2_DriverIRQHandler
                0x100002ea                PIT2_DriverIRQHandler
                0x100002ea                PWM0_RELOAD3_DriverIRQHandler
                0x100002ea                CMP3_DriverIRQHandler
                0x100002ea                LLWU_DriverIRQHandler
                0x100002ea                MCM_DriverIRQHandler
                0x100002ea                PWM0_RERR_DriverIRQHandler
                0x100002ea                MCG_DriverIRQHandler
                0x100002ea                FTM1_DriverIRQHandler
                0x100002ea                PDB1_DriverIRQHandler
                0x100002ea                PWM1_CMP0_DriverIRQHandler
                0x100002ea                CMP1_DriverIRQHandler
                0x100002ea                PWM0_CAP_DriverIRQHandler
                0x100002ea                PMC_DriverIRQHandler
                0x100002ea                PWM0_CMP0_DriverIRQHandler
                0x100002ea                IntDefaultHandler
                0x100002ea                UART5_ERR_DriverIRQHandler
                0x100002ea                PORTC_DriverIRQHandler
                0x100002ea                DAC0_DriverIRQHandler
                0x100002ea                CMP2_DriverIRQHandler
                0x100002ea                UART2_ERR_DriverIRQHandler
                0x100002ea                PWM1_RERR_DriverIRQHandler
                0x100002ea                PWM0_FAULT_DriverIRQHandler
                0x100002ea                PWM0_RELOAD1_DriverIRQHandler
                0x100002ea                PIT0_DriverIRQHandler
                0x100002ea                PWM0_RELOAD0_DriverIRQHandler
                0x100002ea                UART3_ERR_DriverIRQHandler
                0x100002ea                ENC_COMPARE_DriverIRQHandler
                0x100002ea                UART0_ERR_DriverIRQHandler
                0x100002ea                PWM0_CMP1_DriverIRQHandler
                0x100002ea                PWM1_CMP3_DriverIRQHandler
                0x100002ea                PORTA_DriverIRQHandler
                0x100002ea                PIT3_DriverIRQHandler
                0x100002ea                PIT1_DriverIRQHandler
                0x100002ea                WDOG_EWM_DriverIRQHandler
                0x100002ea                PDB0_DriverIRQHandler
                0x100002ea                PWM1_RELOAD1_DriverIRQHandler
                0x100002ea                Read_Collision_DriverIRQHandler
                0x100002ea                SWI_DriverIRQHandler
                0x100002ea                PWM1_RELOAD2_DriverIRQHandler
                0x100002ea                UART4_ERR_DriverIRQHandler
                0x100002ea                FTM0_DriverIRQHandler
                0x100002ea                PWM0_RELOAD2_DriverIRQHandler
                0x100002ea                PWM1_FAULT_DriverIRQHandler
                0x100002ea                XBARA_DriverIRQHandler
                0x100002ea                PWM1_CMP2_DriverIRQHandler
                0x100002ea                Reserved118_DriverIRQHandler
                0x100002ea                PWM0_CMP2_DriverIRQHandler
                0x100002ea                ENC_HOME_DriverIRQHandler
                0x100002ea                Reserved88_DriverIRQHandler
                0x100002ea                ADC0_DriverIRQHandler
                0x100002ea                HSADC_ERR_DriverIRQHandler
                0x100002ea                PWM1_CMP1_DriverIRQHandler
                0x100002ea                CMP0_DriverIRQHandler
                0x100002ea                Reserved116_DriverIRQHandler
                0x100002ea                ENC_WDOG_SAB_DriverIRQHandler
                0x100002ea                HSADC0_CCB_DriverIRQHandler
                0x100002ea                FTM3_DriverIRQHandler
                0x100002ea                PWM1_RELOAD3_DriverIRQHandler
                0x100002ea                HSADC1_CCA_DriverIRQHandler
                0x100002ea                UART1_ERR_DriverIRQHandler
                0x100002ea                PORTD_DriverIRQHandler
                0x100002ea                Reserved46_DriverIRQHandler
                0x100002ea                PORTE_DriverIRQHandler
                0x100002ea                FTFE_DriverIRQHandler
                0x100002ea                PWM0_CMP3_DriverIRQHandler
                0x100002ea                ENC_INDEX_DriverIRQHandler
                0x00000400                        . = 0x400
 *fill*         0x100002ec      0x114 ff
                0x10000400                        PROVIDE (__FLASH_CONFIG_START__ = .)
 *(SORT_BY_ALIGNMENT(.FlashConfig))
 .FlashConfig   0x10000400       0x10 ./startup/startup_mkv56f24.o
                0x10000400                Flash_Config
                0x10000410                        PROVIDE (__FLASH_CONFIG_END__ = .)
                0x00000001                        ASSERT (! ((__FLASH_CONFIG_START__ == __FLASH_CONFIG_END__)), Linker Flash Config Support Enabled, but no .FlashConfig section provided within application)
 *(SORT_BY_ALIGNMENT(.text*))
 .text.SVC_Handler
                0x10000410       0x28 ./freertos/freertos_kernel/portable/GCC/ARM_CM4F/port.o
                0x10000410                SVC_Handler
 *fill*         0x10000438        0x8 ff
 .text.PendSV_Handler
                0x10000440       0x68 ./freertos/freertos_kernel/portable/GCC/ARM_CM4F/port.o
                0x10000440                PendSV_Handler
 .text.DbgConsole_SendDataReliable
                0x100004a8       0x64 ./utilities/fsl_debug_console.o
                0x100004a8                DbgConsole_SendDataReliable
 .text.DbgConsole_Init
                0x1000050c       0xf4 ./utilities/fsl_debug_console.o
                0x1000050c                DbgConsole_Init
 .text.DbgConsole_Printf
                0x10000600       0x70 ./utilities/fsl_debug_console.o
                0x10000600                DbgConsole_Printf
 .text.TaskCANopen_Init
                0x10000670       0x2c ./source/tasks/task_canopen.o
                0x10000670                TaskCANopen_Init
 .text.TaskFusion_Init
                0x1000069c       0x2c ./source/tasks/task_fusion.o
                0x1000069c                TaskFusion_Init
 .text.TaskFusion
                0x100006c8      0x114 ./source/tasks/task_fusion.o
                0x100006c8                TaskFusion
 .text.TaskIMU_Init
                0x100007dc       0x2c ./source/tasks/task_imu.o
                0x100007dc                TaskIMU_Init
 .text.TaskIMU  0x10000808      0x130 ./source/tasks/task_imu.o
                0x10000808                TaskIMU
 .text.Decode_RateOfTurnHR
                0x10000938       0x8c ./source/tasks/task_imu.o
                0x10000938                Decode_RateOfTurnHR
 .text.Decode_AccelerationHR
                0x100009c4       0x8c ./source/tasks/task_imu.o
                0x100009c4                Decode_AccelerationHR
 .text.Decode_MagneticField
                0x10000a50       0x8c ./source/tasks/task_imu.o
                0x10000a50                Decode_MagneticField
 .text.Semaphores_Init
                0x10000adc       0x54 ./source/shared/semaphores.o
                0x10000adc                Semaphores_Init
 .text.CAN0_ORed_Message_buffer_IRQHandler
                0x10000b30       0xf8 ./source/drivers/flexcan0_drv.o
                0x10000b30                CAN0_ORed_Message_buffer_IRQHandler
 .text.PIT0_IRQHandler
                0x10000c28       0x5c ./source/drivers/pit_drv.o
                0x10000c28                PIT0_IRQHandler
 .text.main     0x10000c84       0x44 ./source/kfx_backpan_fusion.o
                0x10000c84                main
 .text.pvPortMalloc
                0x10000cc8      0x19c ./freertos/freertos_kernel/portable/MemMang/heap_4.o
                0x10000cc8                pvPortMalloc
 .text.vPortFree
                0x10000e64       0xc8 ./freertos/freertos_kernel/portable/MemMang/heap_4.o
                0x10000e64                vPortFree
 .text.prvHeapInit
                0x10000f2c       0xc4 ./freertos/freertos_kernel/portable/MemMang/heap_4.o
 .text.prvInsertBlockIntoFreeList
                0x10000ff0       0xb4 ./freertos/freertos_kernel/portable/MemMang/heap_4.o
 .text.pxPortInitialiseStack
                0x100010a4       0x68 ./freertos/freertos_kernel/portable/GCC/ARM_CM4F/port.o
                0x100010a4                pxPortInitialiseStack
 .text.prvTaskExitError
                0x1000110c       0x5c ./freertos/freertos_kernel/portable/GCC/ARM_CM4F/port.o
 .text.prvPortStartFirstTask
                0x10001168       0x28 ./freertos/freertos_kernel/portable/GCC/ARM_CM4F/port.o
 .text.xPortStartScheduler
                0x10001190      0x148 ./freertos/freertos_kernel/portable/GCC/ARM_CM4F/port.o
                0x10001190                xPortStartScheduler
 .text.vPortEnterCritical
                0x100012d8       0x64 ./freertos/freertos_kernel/portable/GCC/ARM_CM4F/port.o
                0x100012d8                vPortEnterCritical
 .text.vPortExitCritical
                0x1000133c       0x54 ./freertos/freertos_kernel/portable/GCC/ARM_CM4F/port.o
                0x1000133c                vPortExitCritical
 .text.SysTick_Handler
                0x10001390       0x44 ./freertos/freertos_kernel/portable/GCC/ARM_CM4F/port.o
                0x10001390                SysTick_Handler
 .text.vPortSetupTimerInterrupt
                0x100013d4       0x48 ./freertos/freertos_kernel/portable/GCC/ARM_CM4F/port.o
                0x100013d4                vPortSetupTimerInterrupt
 .text.vPortEnableVFP
                0x1000141c       0x14 ./freertos/freertos_kernel/portable/GCC/ARM_CM4F/port.o
 .text.vPortValidateInterruptPriority
                0x10001430       0x84 ./freertos/freertos_kernel/portable/GCC/ARM_CM4F/port.o
                0x10001430                vPortValidateInterruptPriority
 .text.xEventGroupSetBitsFromISR
                0x100014b4       0x28 ./freertos/freertos_kernel/event_groups.o
                0x100014b4                xEventGroupSetBitsFromISR
 .text.xQueueGenericReset
                0x100014dc       0xd4 ./freertos/freertos_kernel/queue.o
                0x100014dc                xQueueGenericReset
 .text.xQueueGenericSend
                0x100015b0      0x204 ./freertos/freertos_kernel/queue.o
                0x100015b0                xQueueGenericSend
 .text.xQueueReceive
                0x100017b4      0x1c4 ./freertos/freertos_kernel/queue.o
                0x100017b4                xQueueReceive
 .text.xQueueSemaphoreTake
                0x10001978      0x224 ./freertos/freertos_kernel/queue.o
                0x10001978                xQueueSemaphoreTake
 .text.vQueueAddToRegistry
                0x10001b9c       0x54 ./freertos/freertos_kernel/queue.o
                0x10001b9c                vQueueAddToRegistry
 .text.vQueueUnregisterQueue
                0x10001bf0       0x54 ./freertos/freertos_kernel/queue.o
                0x10001bf0                vQueueUnregisterQueue
 .text.prvAddNewTaskToReadyList
                0x10001c44       0xdc ./freertos/freertos_kernel/tasks.o
 .text.vTaskStartScheduler
                0x10001d20       0x9c ./freertos/freertos_kernel/tasks.o
                0x10001d20                vTaskStartScheduler
 .text.vTaskSuspendAll
                0x10001dbc       0x1c ./freertos/freertos_kernel/tasks.o
                0x10001dbc                vTaskSuspendAll
 .text.xTaskResumeAll
                0x10001dd8      0x13c ./freertos/freertos_kernel/tasks.o
                0x10001dd8                xTaskResumeAll
 .text.xTaskGetTickCount
                0x10001f14       0x20 ./freertos/freertos_kernel/tasks.o
                0x10001f14                xTaskGetTickCount
 .text.xTaskIncrementTick
                0x10001f34      0x158 ./freertos/freertos_kernel/tasks.o
                0x10001f34                xTaskIncrementTick
 .text.vTaskSwitchContext
                0x1000208c       0xb8 ./freertos/freertos_kernel/tasks.o
                0x1000208c                vTaskSwitchContext
 .text.vTaskPlaceOnEventList
                0x10002144       0x4c ./freertos/freertos_kernel/tasks.o
                0x10002144                vTaskPlaceOnEventList
 .text.vTaskPlaceOnEventListRestricted
                0x10002190       0x58 ./freertos/freertos_kernel/tasks.o
                0x10002190                vTaskPlaceOnEventListRestricted
 .text.xTaskRemoveFromEventList
                0x100021e8       0xc8 ./freertos/freertos_kernel/tasks.o
                0x100021e8                xTaskRemoveFromEventList
 .text.vTaskRemoveFromUnorderedEventList
                0x100022b0       0xc8 ./freertos/freertos_kernel/tasks.o
                0x100022b0                vTaskRemoveFromUnorderedEventList
 .text.vTaskInternalSetTimeOutState
                0x10002378       0x2c ./freertos/freertos_kernel/tasks.o
                0x10002378                vTaskInternalSetTimeOutState
 .text.xTaskCheckForTimeOut
                0x100023a4       0xc8 ./freertos/freertos_kernel/tasks.o
                0x100023a4                xTaskCheckForTimeOut
 .text.vTaskMissedYield
                0x1000246c       0x18 ./freertos/freertos_kernel/tasks.o
                0x1000246c                vTaskMissedYield
 .text.prvIdleTask
                0x10002484       0x30 ./freertos/freertos_kernel/tasks.o
 .text.prvInitialiseTaskLists
                0x100024b4       0x80 ./freertos/freertos_kernel/tasks.o
 .text.prvCheckTasksWaitingTermination
                0x10002534       0x5c ./freertos/freertos_kernel/tasks.o
 .text.prvResetNextTaskUnblockTime
                0x10002590       0x40 ./freertos/freertos_kernel/tasks.o
 .text.xTaskGetSchedulerState
                0x100025d0       0x3c ./freertos/freertos_kernel/tasks.o
                0x100025d0                xTaskGetSchedulerState
 .text.xTaskPriorityInherit
                0x1000260c       0xec ./freertos/freertos_kernel/tasks.o
                0x1000260c                xTaskPriorityInherit
 .text.xTaskPriorityDisinherit
                0x100026f8      0x110 ./freertos/freertos_kernel/tasks.o
                0x100026f8                xTaskPriorityDisinherit
 .text.vTaskPriorityDisinheritAfterTimeout
                0x10002808      0x120 ./freertos/freertos_kernel/tasks.o
                0x10002808                vTaskPriorityDisinheritAfterTimeout
 .text.pvTaskIncrementMutexHeldCount
                0x10002928       0x28 ./freertos/freertos_kernel/tasks.o
                0x10002928                pvTaskIncrementMutexHeldCount
 .text.ulTaskNotifyTake
                0x10002950       0x90 ./freertos/freertos_kernel/tasks.o
                0x10002950                ulTaskNotifyTake
 .text.vTaskNotifyGiveFromISR
                0x100029e0      0x128 ./freertos/freertos_kernel/tasks.o
                0x100029e0                vTaskNotifyGiveFromISR
 .text.prvAddCurrentTaskToDelayedList
                0x10002b08       0xcc ./freertos/freertos_kernel/tasks.o
 .text.xTimerCreateTimerTask
                0x10002bd4       0x64 ./freertos/freertos_kernel/timers.o
                0x10002bd4                xTimerCreateTimerTask
 .text.xTimerGenericCommand
                0x10002c38       0x9c ./freertos/freertos_kernel/timers.o
                0x10002c38                xTimerGenericCommand
 .text.prvProcessExpiredTimer
                0x10002cd4       0x9c ./freertos/freertos_kernel/timers.o
 .text.prvProcessTimerOrBlockTask
                0x10002d70       0x9c ./freertos/freertos_kernel/timers.o
 .text.prvGetNextExpireTime
                0x10002e0c       0x48 ./freertos/freertos_kernel/timers.o
 .text.prvSampleTimeNow
                0x10002e54       0x40 ./freertos/freertos_kernel/timers.o
 .text.prvInsertTimerInActiveList
                0x10002e94       0x84 ./freertos/freertos_kernel/timers.o
 .text.prvProcessReceivedCommands
                0x10002f18      0x1cc ./freertos/freertos_kernel/timers.o
 .text.prvSwitchTimerLists
                0x100030e4       0xcc ./freertos/freertos_kernel/timers.o
 .text.prvCheckForValidListAndQueue
                0x100031b0       0x6c ./freertos/freertos_kernel/timers.o
 .text.xTimerPendFunctionCallFromISR
                0x1000321c       0x40 ./freertos/freertos_kernel/timers.o
                0x1000321c                xTimerPendFunctionCallFromISR
 .text.UART_RTOS_Callback
                0x1000325c       0xc0 ./drivers/freertos/fsl_uart_freertos.o
 .text.UART_RTOS_Init
                0x1000331c      0x16c ./drivers/freertos/fsl_uart_freertos.o
                0x1000331c                UART_RTOS_Init
 .text.CLOCK_SetEr32kClock
                0x10003488       0x30 ./drivers/fsl_clock.o
 .text.CLOCK_SetPllFllSelClock
                0x100034b8       0x38 ./drivers/fsl_clock.o
 .text.CLOCK_GetMcgExtClkFreq
                0x100034f0       0x24 ./drivers/fsl_clock.o
 .text.CLOCK_GetFllExtRefClkFreq
                0x10003514       0x98 ./drivers/fsl_clock.o
 .text.CLOCK_GetInternalRefClkSelectFreq
                0x100035ac       0x4c ./drivers/fsl_clock.o
 .text.CLOCK_GetFllRefClkFreq
                0x100035f8       0x34 ./drivers/fsl_clock.o
 .text.CLOCK_GetOscRangeFromFreq
                0x1000362c       0x3c ./drivers/fsl_clock.o
 .text.CLOCK_GetOsc0ErClkUndivFreq
                0x10003668       0x44 ./drivers/fsl_clock.o
                0x10003668                CLOCK_GetOsc0ErClkUndivFreq
 .text.CLOCK_GetOsc0ErClkDivFreq
                0x100036ac       0x58 ./drivers/fsl_clock.o
                0x100036ac                CLOCK_GetOsc0ErClkDivFreq
 .text.CLOCK_GetEr32kClkFreq
                0x10003704       0x50 ./drivers/fsl_clock.o
                0x10003704                CLOCK_GetEr32kClkFreq
 .text.CLOCK_GetPllFllSelClkFreq
                0x10003754       0x44 ./drivers/fsl_clock.o
                0x10003754                CLOCK_GetPllFllSelClkFreq
 .text.CLOCK_GetFreq
                0x10003798      0x13c ./drivers/fsl_clock.o
                0x10003798                CLOCK_GetFreq
 .text.CLOCK_SetSimConfig
                0x100038d4       0x34 ./drivers/fsl_clock.o
                0x100038d4                CLOCK_SetSimConfig
 .text.CLOCK_GetOutClkFreq
                0x10003908       0x64 ./drivers/fsl_clock.o
                0x10003908                CLOCK_GetOutClkFreq
 .text.CLOCK_GetFllFreq
                0x1000396c       0x84 ./drivers/fsl_clock.o
                0x1000396c                CLOCK_GetFllFreq
 .text.CLOCK_GetInternalRefClkFreq
                0x100039f0       0x30 ./drivers/fsl_clock.o
                0x100039f0                CLOCK_GetInternalRefClkFreq
 .text.CLOCK_GetPll0Freq
                0x10003a20       0x7c ./drivers/fsl_clock.o
                0x10003a20                CLOCK_GetPll0Freq
 .text.CLOCK_EnablePll0
                0x10003a9c       0x88 ./drivers/fsl_clock.o
                0x10003a9c                CLOCK_EnablePll0
 .text.CLOCK_InitOsc0
                0x10003b24       0x8c ./drivers/fsl_clock.o
                0x10003b24                CLOCK_InitOsc0
 .text.CLOCK_SetPbeMode
                0x10003bb0       0xa8 ./drivers/fsl_clock.o
                0x10003bb0                CLOCK_SetPbeMode
 .text.CLOCK_BootToPeeMode
                0x10003c58       0x60 ./drivers/fsl_clock.o
                0x10003c58                CLOCK_BootToPeeMode
 .text.DSPI_CommonIRQHandler
                0x10003cb8       0x44 ./drivers/fsl_dspi.o
 .text.SPI0_DriverIRQHandler
                0x10003cfc       0x30 ./drivers/fsl_dspi.o
                0x10003cfc                SPI0_DriverIRQHandler
 .text.SPI1_DriverIRQHandler
                0x10003d2c       0x30 ./drivers/fsl_dspi.o
                0x10003d2c                SPI1_DriverIRQHandler
 .text.SPI2_DriverIRQHandler
                0x10003d5c       0x30 ./drivers/fsl_dspi.o
                0x10003d5c                SPI2_DriverIRQHandler
 .text.EDMA_GetChannelStatusFlags
                0x10003d8c       0x74 ./drivers/fsl_edma.o
                0x10003d8c                EDMA_GetChannelStatusFlags
 .text.EDMA_HandleIRQ
                0x10003e00      0x160 ./drivers/fsl_edma.o
                0x10003e00                EDMA_HandleIRQ
 .text.DMA0_DMA16_DriverIRQHandler
                0x10003f60       0x50 ./drivers/fsl_edma.o
                0x10003f60                DMA0_DMA16_DriverIRQHandler
 .text.DMA1_DMA17_DriverIRQHandler
                0x10003fb0       0x50 ./drivers/fsl_edma.o
                0x10003fb0                DMA1_DMA17_DriverIRQHandler
 .text.DMA2_DMA18_DriverIRQHandler
                0x10004000       0x50 ./drivers/fsl_edma.o
                0x10004000                DMA2_DMA18_DriverIRQHandler
 .text.DMA3_DMA19_DriverIRQHandler
                0x10004050       0x50 ./drivers/fsl_edma.o
                0x10004050                DMA3_DMA19_DriverIRQHandler
 .text.DMA4_DMA20_DriverIRQHandler
                0x100040a0       0x50 ./drivers/fsl_edma.o
                0x100040a0                DMA4_DMA20_DriverIRQHandler
 .text.DMA5_DMA21_DriverIRQHandler
                0x100040f0       0x50 ./drivers/fsl_edma.o
                0x100040f0                DMA5_DMA21_DriverIRQHandler
 .text.DMA6_DMA22_DriverIRQHandler
                0x10004140       0x50 ./drivers/fsl_edma.o
                0x10004140                DMA6_DMA22_DriverIRQHandler
 .text.DMA7_DMA23_DriverIRQHandler
                0x10004190       0x50 ./drivers/fsl_edma.o
                0x10004190                DMA7_DMA23_DriverIRQHandler
 .text.DMA8_DMA24_DriverIRQHandler
                0x100041e0       0x50 ./drivers/fsl_edma.o
                0x100041e0                DMA8_DMA24_DriverIRQHandler
 .text.DMA9_DMA25_DriverIRQHandler
                0x10004230       0x50 ./drivers/fsl_edma.o
                0x10004230                DMA9_DMA25_DriverIRQHandler
 .text.DMA10_DMA26_DriverIRQHandler
                0x10004280       0x50 ./drivers/fsl_edma.o
                0x10004280                DMA10_DMA26_DriverIRQHandler
 .text.DMA11_DMA27_DriverIRQHandler
                0x100042d0       0x50 ./drivers/fsl_edma.o
                0x100042d0                DMA11_DMA27_DriverIRQHandler
 .text.DMA12_DMA28_DriverIRQHandler
                0x10004320       0x50 ./drivers/fsl_edma.o
                0x10004320                DMA12_DMA28_DriverIRQHandler
 .text.DMA13_DMA29_DriverIRQHandler
                0x10004370       0x50 ./drivers/fsl_edma.o
                0x10004370                DMA13_DMA29_DriverIRQHandler
 .text.DMA14_DMA30_DriverIRQHandler
                0x100043c0       0x50 ./drivers/fsl_edma.o
                0x100043c0                DMA14_DMA30_DriverIRQHandler
 .text.DMA15_DMA31_DriverIRQHandler
                0x10004410       0x50 ./drivers/fsl_edma.o
                0x10004410                DMA15_DMA31_DriverIRQHandler
 .text.CLOCK_EnableClock
                0x10004460       0x34 ./drivers/fsl_flexcan.o
 .text.FLEXCAN_GetInstance
                0x10004494       0x4c ./drivers/fsl_flexcan.o
                0x10004494                FLEXCAN_GetInstance
 .text.FLEXCAN_Reset
                0x100044e0       0xd8 ./drivers/fsl_flexcan.o
 .text.FLEXCAN_SetBaudRate
                0x100045b8       0x98 ./drivers/fsl_flexcan.o
 .text.FLEXCAN_Init
                0x10004650      0x194 ./drivers/fsl_flexcan.o
                0x10004650                FLEXCAN_Init
 .text.FLEXCAN_SetTimingConfig
                0x100047e4       0x7c ./drivers/fsl_flexcan.o
                0x100047e4                FLEXCAN_SetTimingConfig
 .text.FLEXCAN_SetTxMbConfig
                0x10004860       0xa4 ./drivers/fsl_flexcan.o
                0x10004860                FLEXCAN_SetTxMbConfig
 .text.FLEXCAN_SetRxMbConfig
                0x10004904       0xf8 ./drivers/fsl_flexcan.o
                0x10004904                FLEXCAN_SetRxMbConfig
 .text.FLEXCAN_ReadRxMb
                0x100049fc      0x124 ./drivers/fsl_flexcan.o
                0x100049fc                FLEXCAN_ReadRxMb
 .text.CAN0_DriverIRQHandler
                0x10004b20       0x3c ./drivers/fsl_flexcan.o
                0x10004b20                CAN0_DriverIRQHandler
 .text.CAN1_DriverIRQHandler
                0x10004b5c       0x3c ./drivers/fsl_flexcan.o
                0x10004b5c                CAN1_DriverIRQHandler
 .text.GPIO_GetInstance
                0x10004b98       0x4c ./drivers/fsl_gpio.o
 .text.GPIO_PortGetInterruptFlags
                0x10004be4       0x30 ./drivers/fsl_gpio.o
                0x10004be4                GPIO_PortGetInterruptFlags
 .text.GPIO_PortClearInterruptFlags
                0x10004c14       0x34 ./drivers/fsl_gpio.o
                0x10004c14                GPIO_PortClearInterruptFlags
 .text.I2C_TransferCommonIRQHandler
                0x10004c48       0x58 ./drivers/fsl_i2c.o
 .text.I2C0_DriverIRQHandler
                0x10004ca0       0x1c ./drivers/fsl_i2c.o
                0x10004ca0                I2C0_DriverIRQHandler
 .text.I2C1_DriverIRQHandler
                0x10004cbc       0x1c ./drivers/fsl_i2c.o
                0x10004cbc                I2C1_DriverIRQHandler
 .text.CLOCK_EnableClock
                0x10004cd8       0x34 ./drivers/fsl_pit.o
 .text.PIT_GetInstance
                0x10004d0c       0x44 ./drivers/fsl_pit.o
 .text.PIT_Init
                0x10004d50       0x94 ./drivers/fsl_pit.o
                0x10004d50                PIT_Init
 .text.__NVIC_EnableIRQ
                0x10004de4       0x3c ./drivers/fsl_uart.o
 .text.CLOCK_EnableClock
                0x10004e20       0x34 ./drivers/fsl_uart.o
 .text.UART_GetInstance
                0x10004e54       0x54 ./drivers/fsl_uart.o
                0x10004e54                UART_GetInstance
 .text.UART_TransferGetRxRingBufferLength
                0x10004ea8       0x50 ./drivers/fsl_uart.o
                0x10004ea8                UART_TransferGetRxRingBufferLength
 .text.UART_TransferIsRxRingBufferFull
                0x10004ef8       0x40 ./drivers/fsl_uart.o
 .text.UART_Init
                0x10004f38      0x2f4 ./drivers/fsl_uart.o
                0x10004f38                UART_Init
 .text.UART_GetDefaultConfig
                0x1000522c       0x68 ./drivers/fsl_uart.o
                0x1000522c                UART_GetDefaultConfig
 .text.UART_EnableInterrupts
                0x10005294       0x70 ./drivers/fsl_uart.o
                0x10005294                UART_EnableInterrupts
 .text.UART_DisableInterrupts
                0x10005304       0x90 ./drivers/fsl_uart.o
                0x10005304                UART_DisableInterrupts
 .text.UART_WriteNonBlocking
                0x10005394       0x48 ./drivers/fsl_uart.o
 .text.UART_ReadNonBlocking
                0x100053dc       0x48 ./drivers/fsl_uart.o
 .text.UART_TransferCreateHandle
                0x10005424       0x84 ./drivers/fsl_uart.o
                0x10005424                UART_TransferCreateHandle
 .text.UART_TransferStartRingBuffer
                0x100054a8       0x74 ./drivers/fsl_uart.o
                0x100054a8                UART_TransferStartRingBuffer
 .text.UART_TransferHandleIRQ
                0x1000551c      0x534 ./drivers/fsl_uart.o
                0x1000551c                UART_TransferHandleIRQ
 .text.UART0_DriverIRQHandler
                0x10005a50       0x28 ./drivers/fsl_uart.o
                0x10005a50                UART0_DriverIRQHandler
 .text.UART1_DriverIRQHandler
                0x10005a78       0x28 ./drivers/fsl_uart.o
                0x10005a78                UART1_DriverIRQHandler
 .text.UART2_DriverIRQHandler
                0x10005aa0       0x28 ./drivers/fsl_uart.o
                0x10005aa0                UART2_DriverIRQHandler
 .text.UART3_DriverIRQHandler
                0x10005ac8       0x28 ./drivers/fsl_uart.o
                0x10005ac8                UART3_DriverIRQHandler
 .text.UART4_DriverIRQHandler
                0x10005af0       0x28 ./drivers/fsl_uart.o
                0x10005af0                UART4_DriverIRQHandler
 .text.UART5_DriverIRQHandler
                0x10005b18       0x28 ./drivers/fsl_uart.o
                0x10005b18                UART5_DriverIRQHandler
 .text.SystemInit
                0x10005b40      0x108 ./device/system_MKV56F24.o
                0x10005b40                SystemInit
 .text.HAL_UartInit
                0x10005c48      0x108 ./component/uart/uart_adapter.o
                0x10005c48                HAL_UartInit
 .text.HAL_UartSendBlocking
                0x10005d50       0x64 ./component/uart/uart_adapter.o
                0x10005d50                HAL_UartSendBlocking
 .text.HAL_TimerInterruptHandle
                0x10005db4       0x4c ./component/timer/ftm_adapter.o
 .text.SerialManager_Write
                0x10005e00       0x6c ./component/serial_manager/serial_manager.o
 .text.SerialManager_Init
                0x10005e6c       0x74 ./component/serial_manager/serial_manager.o
                0x10005e6c                SerialManager_Init
 .text.SerialManager_OpenWriteHandle
                0x10005ee0       0x64 ./component/serial_manager/serial_manager.o
                0x10005ee0                SerialManager_OpenWriteHandle
 .text.Serial_UartInit
                0x10005f44       0x80 ./component/serial_manager/serial_port_uart.o
                0x10005f44                Serial_UartInit
 .text.Serial_UartWrite
                0x10005fc4       0x58 ./component/serial_manager/serial_port_uart.o
                0x10005fc4                Serial_UartWrite
 .text.HAL_GpioInterruptHandle
                0x1000601c       0xf4 ./component/gpio/gpio_adapter.o
 .text.CLOCK_SetXtal0Freq
                0x10006110       0x20 ./board/clock_config.o
 .text.CLOCK_CONFIG_SetSimSafeDivs
                0x10006130       0x24 ./board/clock_config.o
 .text.CLOCK_CONFIG_SetFllExtRefDiv
                0x10006154       0x3c ./board/clock_config.o
 .text.BOARD_BootClockRUN
                0x10006190       0x70 ./board/clock_config.o
                0x10006190                BOARD_BootClockRUN
 .text.__NVIC_EnableIRQ
                0x10006200       0x3c ./board/peripherals.o
 .text.__NVIC_SetPriority
                0x1000623c       0x54 ./board/peripherals.o
 .text.CAN0_init
                0x10006290       0x84 ./board/peripherals.o
 .text.CAN1_init
                0x10006314       0x38 ./board/peripherals.o
 .text.PIT_init
                0x1000634c       0x44 ./board/peripherals.o
 .text.UART0_init
                0x10006390       0x2c ./board/peripherals.o
 .text.UART2_init
                0x100063bc       0x2c ./board/peripherals.o
 .text.UART4_init
                0x100063e8       0x2c ./board/peripherals.o
 .text.DebugConsole_init
                0x10006414       0x1c ./board/peripherals.o
 .text.CLOCK_EnableClock
                0x10006430       0x34 ./board/pin_mux.o
 .text.BOARD_InitPins
                0x10006464      0x170 ./board/pin_mux.o
                0x10006464                BOARD_InitPins
 .text.__assertion_failed
                0x100065d4       0x4c C:/nxp/MCUXpressoIDE_25.6.136/ide/plugins/com.nxp.mcuxpresso.tools.win32_25.6.0.202501151204/tools/bin/../lib/gcc/arm-none-eabi/14.2.1/../../../../arm-none-eabi/lib/thumb/v7e-m+fp/hard\libcr_nohost_nf.a(_cr_assert.o)
                0x100065d4                __assertion_failed
 .text._Cwritebuf
                0x10006620       0x70 C:/nxp/MCUXpressoIDE_25.6.136/ide/plugins/com.nxp.mcuxpresso.tools.win32_25.6.0.202501151204/tools/bin/../lib/gcc/arm-none-eabi/14.2.1/../../../../arm-none-eabi/lib/thumb/v7e-m+fp/hard\libcr_c.a(_writebuf.o)
                0x10006620                _Cwritebuf
 .text.malloc   0x10006690       0xc8 C:/nxp/MCUXpressoIDE_25.6.136/ide/plugins/com.nxp.mcuxpresso.tools.win32_25.6.0.202501151204/tools/bin/../lib/gcc/arm-none-eabi/14.2.1/../../../../arm-none-eabi/lib/thumb/v7e-m+fp/hard\libcr_c.a(alloc.o)
                0x10006690                malloc
 .text._Csys_alloc
                0x10006758       0x20 C:/nxp/MCUXpressoIDE_25.6.136/ide/plugins/com.nxp.mcuxpresso.tools.win32_25.6.0.202501151204/tools/bin/../lib/gcc/arm-none-eabi/14.2.1/../../../../arm-none-eabi/lib/thumb/v7e-m+fp/hard\libcr_c.a(alloc.o)
                0x10006758                _Csys_alloc
 .text.fseek    0x10006778       0xf8 C:/nxp/MCUXpressoIDE_25.6.136/ide/plugins/com.nxp.mcuxpresso.tools.win32_25.6.0.202501151204/tools/bin/../lib/gcc/arm-none-eabi/14.2.1/../../../../arm-none-eabi/lib/thumb/v7e-m+fp/hard\libcr_c.a(fseek.o)
                0x10006778                fseek
 .text.ftell    0x10006870       0x44 C:/nxp/MCUXpressoIDE_25.6.136/ide/plugins/com.nxp.mcuxpresso.tools.win32_25.6.0.202501151204/tools/bin/../lib/gcc/arm-none-eabi/14.2.1/../../../../arm-none-eabi/lib/thumb/v7e-m+fp/hard\libcr_c.a(ftell.o)
                0x10006870                ftell
 .text._initio  0x100068b4       0x78 C:/nxp/MCUXpressoIDE_25.6.136/ide/plugins/com.nxp.mcuxpresso.tools.win32_25.6.0.202501151204/tools/bin/../lib/gcc/arm-none-eabi/14.2.1/../../../../arm-none-eabi/lib/thumb/v7e-m+fp/hard\libcr_c.a(initio.o)
                0x100068b4                _initio
 .text._sbrk    0x1000692c       0x3c C:/nxp/MCUXpressoIDE_25.6.136/ide/plugins/com.nxp.mcuxpresso.tools.win32_25.6.0.202501151204/tools/bin/../lib/gcc/arm-none-eabi/14.2.1/../../../../arm-none-eabi/lib/thumb/v7e-m+fp/hard\libcr_c.a(_cr_sbrk.o)
                0x1000692c                _sbrk
 .text.fflush   0x10006968       0x3c C:/nxp/MCUXpressoIDE_25.6.136/ide/plugins/com.nxp.mcuxpresso.tools.win32_25.6.0.202501151204/tools/bin/../lib/gcc/arm-none-eabi/14.2.1/../../../../arm-none-eabi/lib/thumb/v7e-m+fp/hard\libcr_c.a(fflush.o)
                0x10006968                fflush
 .text.__check_heap_overflow
                0x100069a4       0x18 C:/nxp/MCUXpressoIDE_25.6.136/ide/plugins/com.nxp.mcuxpresso.tools.win32_25.6.0.202501151204/tools/bin/../lib/gcc/arm-none-eabi/14.2.1/../../../../arm-none-eabi/lib/thumb/v7e-m+fp/hard\libcr_c.a(_cr_check_heap.o)
                0x100069a4                __check_heap_overflow
 .text.DbgConsole_PrintCallback
                0x100069bc       0x66 ./utilities/fsl_debug_console.o
 .text.PrintGetWidth
                0x10006a22       0x6a ./utilities/fsl_str.o
 .text.PrintGetPrecision
                0x10006a8c       0x8c ./utilities/fsl_str.o
 .text.PrintIsobpu
                0x10006b18       0x38 ./utilities/fsl_str.o
 .text.PrintIsdi
                0x10006b50       0x2c ./utilities/fsl_str.o
 .text.PrintOutputdifFobpu
                0x10006b7c       0x44 ./utilities/fsl_str.o
 .text.PrintOutputxX
                0x10006bc0       0x44 ./utilities/fsl_str.o
 .text.PrintIsfF
                0x10006c04       0x2c ./utilities/fsl_str.o
 .text.PrintIsxX
                0x10006c30       0x2c ./utilities/fsl_str.o
 .text.PrintGetRadixFromobpu
                0x10006c5c       0x40 ./utilities/fsl_str.o
 .text.ConvertRadixNumToString
                0x10006c9c      0x118 ./utilities/fsl_str.o
 .text.StrFormatPrintf
                0x10006db4      0x286 ./utilities/fsl_str.o
                0x10006db4                StrFormatPrintf
 .text.DMA0_DMA16_IRQHandler
                0x1000703a        0x8 ./startup/startup_mkv56f24.o
                0x1000703a                DMA0_DMA16_IRQHandler
 .text.DMA1_DMA17_IRQHandler
                0x10007042        0x8 ./startup/startup_mkv56f24.o
                0x10007042                DMA1_DMA17_IRQHandler
 .text.DMA2_DMA18_IRQHandler
                0x1000704a        0x8 ./startup/startup_mkv56f24.o
                0x1000704a                DMA2_DMA18_IRQHandler
 .text.DMA3_DMA19_IRQHandler
                0x10007052        0x8 ./startup/startup_mkv56f24.o
                0x10007052                DMA3_DMA19_IRQHandler
 .text.DMA4_DMA20_IRQHandler
                0x1000705a        0x8 ./startup/startup_mkv56f24.o
                0x1000705a                DMA4_DMA20_IRQHandler
 .text.DMA5_DMA21_IRQHandler
                0x10007062        0x8 ./startup/startup_mkv56f24.o
                0x10007062                DMA5_DMA21_IRQHandler
 .text.DMA6_DMA22_IRQHandler
                0x1000706a        0x8 ./startup/startup_mkv56f24.o
                0x1000706a                DMA6_DMA22_IRQHandler
 .text.DMA7_DMA23_IRQHandler
                0x10007072        0x8 ./startup/startup_mkv56f24.o
                0x10007072                DMA7_DMA23_IRQHandler
 .text.DMA8_DMA24_IRQHandler
                0x1000707a        0x8 ./startup/startup_mkv56f24.o
                0x1000707a                DMA8_DMA24_IRQHandler
 .text.DMA9_DMA25_IRQHandler
                0x10007082        0x8 ./startup/startup_mkv56f24.o
                0x10007082                DMA9_DMA25_IRQHandler
 .text.DMA10_DMA26_IRQHandler
                0x1000708a        0x8 ./startup/startup_mkv56f24.o
                0x1000708a                DMA10_DMA26_IRQHandler
 .text.DMA11_DMA27_IRQHandler
                0x10007092        0x8 ./startup/startup_mkv56f24.o
                0x10007092                DMA11_DMA27_IRQHandler
 .text.DMA12_DMA28_IRQHandler
                0x1000709a        0x8 ./startup/startup_mkv56f24.o
                0x1000709a                DMA12_DMA28_IRQHandler
 .text.DMA13_DMA29_IRQHandler
                0x100070a2        0x8 ./startup/startup_mkv56f24.o
                0x100070a2                DMA13_DMA29_IRQHandler
 .text.DMA14_DMA30_IRQHandler
                0x100070aa        0x8 ./startup/startup_mkv56f24.o
                0x100070aa                DMA14_DMA30_IRQHandler
 .text.DMA15_DMA31_IRQHandler
                0x100070b2        0x8 ./startup/startup_mkv56f24.o
                0x100070b2                DMA15_DMA31_IRQHandler
 .text.DMA_Error_IRQHandler
                0x100070ba        0x8 ./startup/startup_mkv56f24.o
                0x100070ba                DMA_Error_IRQHandler
 .text.MCM_IRQHandler
                0x100070c2        0x8 ./startup/startup_mkv56f24.o
                0x100070c2                MCM_IRQHandler
 .text.FTFE_IRQHandler
                0x100070ca        0x8 ./startup/startup_mkv56f24.o
                0x100070ca                FTFE_IRQHandler
 .text.Read_Collision_IRQHandler
                0x100070d2        0x8 ./startup/startup_mkv56f24.o
                0x100070d2                Read_Collision_IRQHandler
 .text.PMC_IRQHandler
                0x100070da        0x8 ./startup/startup_mkv56f24.o
                0x100070da                PMC_IRQHandler
 .text.LLWU_IRQHandler
                0x100070e2        0x8 ./startup/startup_mkv56f24.o
                0x100070e2                LLWU_IRQHandler
 .text.WDOG_EWM_IRQHandler
                0x100070ea        0x8 ./startup/startup_mkv56f24.o
                0x100070ea                WDOG_EWM_IRQHandler
 .text.TRNG0_IRQHandler
                0x100070f2        0x8 ./startup/startup_mkv56f24.o
                0x100070f2                TRNG0_IRQHandler
 .text.I2C0_IRQHandler
                0x100070fa        0x8 ./startup/startup_mkv56f24.o
                0x100070fa                I2C0_IRQHandler
 .text.I2C1_IRQHandler
                0x10007102        0x8 ./startup/startup_mkv56f24.o
                0x10007102                I2C1_IRQHandler
 .text.SPI0_IRQHandler
                0x1000710a        0x8 ./startup/startup_mkv56f24.o
                0x1000710a                SPI0_IRQHandler
 .text.SPI1_IRQHandler
                0x10007112        0x8 ./startup/startup_mkv56f24.o
                0x10007112                SPI1_IRQHandler
 .text.UART5_RX_TX_IRQHandler
                0x1000711a        0x8 ./startup/startup_mkv56f24.o
                0x1000711a                UART5_RX_TX_IRQHandler
 .text.UART5_ERR_IRQHandler
                0x10007122        0x8 ./startup/startup_mkv56f24.o
                0x10007122                UART5_ERR_IRQHandler
 .text.Reserved46_IRQHandler
                0x1000712a        0x8 ./startup/startup_mkv56f24.o
                0x1000712a                Reserved46_IRQHandler
 .text.UART0_RX_TX_IRQHandler
                0x10007132        0x8 ./startup/startup_mkv56f24.o
                0x10007132                UART0_RX_TX_IRQHandler
 .text.UART0_ERR_IRQHandler
                0x1000713a        0x8 ./startup/startup_mkv56f24.o
                0x1000713a                UART0_ERR_IRQHandler
 .text.UART1_RX_TX_IRQHandler
                0x10007142        0x8 ./startup/startup_mkv56f24.o
                0x10007142                UART1_RX_TX_IRQHandler
 .text.UART1_ERR_IRQHandler
                0x1000714a        0x8 ./startup/startup_mkv56f24.o
                0x1000714a                UART1_ERR_IRQHandler
 .text.UART2_RX_TX_IRQHandler
                0x10007152        0x8 ./startup/startup_mkv56f24.o
                0x10007152                UART2_RX_TX_IRQHandler
 .text.UART2_ERR_IRQHandler
                0x1000715a        0x8 ./startup/startup_mkv56f24.o
                0x1000715a                UART2_ERR_IRQHandler
 .text.ADC0_IRQHandler
                0x10007162        0x8 ./startup/startup_mkv56f24.o
                0x10007162                ADC0_IRQHandler
 .text.HSADC_ERR_IRQHandler
                0x1000716a        0x8 ./startup/startup_mkv56f24.o
                0x1000716a                HSADC_ERR_IRQHandler
 .text.HSADC0_CCA_IRQHandler
                0x10007172        0x8 ./startup/startup_mkv56f24.o
                0x10007172                HSADC0_CCA_IRQHandler
 .text.CMP0_IRQHandler
                0x1000717a        0x8 ./startup/startup_mkv56f24.o
                0x1000717a                CMP0_IRQHandler
 .text.CMP1_IRQHandler
                0x10007182        0x8 ./startup/startup_mkv56f24.o
                0x10007182                CMP1_IRQHandler
 .text.UART3_RX_TX_IRQHandler
                0x1000718a        0x8 ./startup/startup_mkv56f24.o
                0x1000718a                UART3_RX_TX_IRQHandler
 .text.UART3_ERR_IRQHandler
                0x10007192        0x8 ./startup/startup_mkv56f24.o
                0x10007192                UART3_ERR_IRQHandler
 .text.UART4_RX_TX_IRQHandler
                0x1000719a        0x8 ./startup/startup_mkv56f24.o
                0x1000719a                UART4_RX_TX_IRQHandler
 .text.UART4_ERR_IRQHandler
                0x100071a2        0x8 ./startup/startup_mkv56f24.o
                0x100071a2                UART4_ERR_IRQHandler
 .text.PIT1_IRQHandler
                0x100071aa        0x8 ./startup/startup_mkv56f24.o
                0x100071aa                PIT1_IRQHandler
 .text.PIT2_IRQHandler
                0x100071b2        0x8 ./startup/startup_mkv56f24.o
                0x100071b2                PIT2_IRQHandler
 .text.PIT3_IRQHandler
                0x100071ba        0x8 ./startup/startup_mkv56f24.o
                0x100071ba                PIT3_IRQHandler
 .text.PDB0_IRQHandler
                0x100071c2        0x8 ./startup/startup_mkv56f24.o
                0x100071c2                PDB0_IRQHandler
 .text.XBARA_IRQHandler
                0x100071ca        0x8 ./startup/startup_mkv56f24.o
                0x100071ca                XBARA_IRQHandler
 .text.PDB1_IRQHandler
                0x100071d2        0x8 ./startup/startup_mkv56f24.o
                0x100071d2                PDB1_IRQHandler
 .text.DAC0_IRQHandler
                0x100071da        0x8 ./startup/startup_mkv56f24.o
                0x100071da                DAC0_IRQHandler
 .text.MCG_IRQHandler
                0x100071e2        0x8 ./startup/startup_mkv56f24.o
                0x100071e2                MCG_IRQHandler
 .text.LPTMR0_IRQHandler
                0x100071ea        0x8 ./startup/startup_mkv56f24.o
                0x100071ea                LPTMR0_IRQHandler
 .text.SWI_IRQHandler
                0x100071f2        0x8 ./startup/startup_mkv56f24.o
                0x100071f2                SWI_IRQHandler
 .text.SPI2_IRQHandler
                0x100071fa        0x8 ./startup/startup_mkv56f24.o
                0x100071fa                SPI2_IRQHandler
 .text.ENC_COMPARE_IRQHandler
                0x10007202        0x8 ./startup/startup_mkv56f24.o
                0x10007202                ENC_COMPARE_IRQHandler
 .text.ENC_HOME_IRQHandler
                0x1000720a        0x8 ./startup/startup_mkv56f24.o
                0x1000720a                ENC_HOME_IRQHandler
 .text.ENC_WDOG_SAB_IRQHandler
                0x10007212        0x8 ./startup/startup_mkv56f24.o
                0x10007212                ENC_WDOG_SAB_IRQHandler
 .text.ENC_INDEX_IRQHandler
                0x1000721a        0x8 ./startup/startup_mkv56f24.o
                0x1000721a                ENC_INDEX_IRQHandler
 .text.CMP2_IRQHandler
                0x10007222        0x8 ./startup/startup_mkv56f24.o
                0x10007222                CMP2_IRQHandler
 .text.FTM3_IRQHandler
                0x1000722a        0x8 ./startup/startup_mkv56f24.o
                0x1000722a                FTM3_IRQHandler
 .text.Reserved88_IRQHandler
                0x10007232        0x8 ./startup/startup_mkv56f24.o
                0x10007232                Reserved88_IRQHandler
 .text.HSADC0_CCB_IRQHandler
                0x1000723a        0x8 ./startup/startup_mkv56f24.o
                0x1000723a                HSADC0_CCB_IRQHandler
 .text.HSADC1_CCA_IRQHandler
                0x10007242        0x8 ./startup/startup_mkv56f24.o
                0x10007242                HSADC1_CCA_IRQHandler
 .text.CAN0_Bus_Off_IRQHandler
                0x1000724a        0x8 ./startup/startup_mkv56f24.o
                0x1000724a                CAN0_Bus_Off_IRQHandler
 .text.CAN0_Error_IRQHandler
                0x10007252        0x8 ./startup/startup_mkv56f24.o
                0x10007252                CAN0_Error_IRQHandler
 .text.CAN0_Tx_Warning_IRQHandler
                0x1000725a        0x8 ./startup/startup_mkv56f24.o
                0x1000725a                CAN0_Tx_Warning_IRQHandler
 .text.CAN0_Rx_Warning_IRQHandler
                0x10007262        0x8 ./startup/startup_mkv56f24.o
                0x10007262                CAN0_Rx_Warning_IRQHandler
 .text.CAN0_Wake_Up_IRQHandler
                0x1000726a        0x8 ./startup/startup_mkv56f24.o
                0x1000726a                CAN0_Wake_Up_IRQHandler
 .text.PWM0_CMP0_IRQHandler
                0x10007272        0x8 ./startup/startup_mkv56f24.o
                0x10007272                PWM0_CMP0_IRQHandler
 .text.PWM0_RELOAD0_IRQHandler
                0x1000727a        0x8 ./startup/startup_mkv56f24.o
                0x1000727a                PWM0_RELOAD0_IRQHandler
 .text.PWM0_CMP1_IRQHandler
                0x10007282        0x8 ./startup/startup_mkv56f24.o
                0x10007282                PWM0_CMP1_IRQHandler
 .text.PWM0_RELOAD1_IRQHandler
                0x1000728a        0x8 ./startup/startup_mkv56f24.o
                0x1000728a                PWM0_RELOAD1_IRQHandler
 .text.PWM0_CMP2_IRQHandler
                0x10007292        0x8 ./startup/startup_mkv56f24.o
                0x10007292                PWM0_CMP2_IRQHandler
 .text.PWM0_RELOAD2_IRQHandler
                0x1000729a        0x8 ./startup/startup_mkv56f24.o
                0x1000729a                PWM0_RELOAD2_IRQHandler
 .text.PWM0_CMP3_IRQHandler
                0x100072a2        0x8 ./startup/startup_mkv56f24.o
                0x100072a2                PWM0_CMP3_IRQHandler
 .text.PWM0_RELOAD3_IRQHandler
                0x100072aa        0x8 ./startup/startup_mkv56f24.o
                0x100072aa                PWM0_RELOAD3_IRQHandler
 .text.PWM0_CAP_IRQHandler
                0x100072b2        0x8 ./startup/startup_mkv56f24.o
                0x100072b2                PWM0_CAP_IRQHandler
 .text.PWM0_RERR_IRQHandler
                0x100072ba        0x8 ./startup/startup_mkv56f24.o
                0x100072ba                PWM0_RERR_IRQHandler
 .text.PWM0_FAULT_IRQHandler
                0x100072c2        0x8 ./startup/startup_mkv56f24.o
                0x100072c2                PWM0_FAULT_IRQHandler
 .text.CMP3_IRQHandler
                0x100072ca        0x8 ./startup/startup_mkv56f24.o
                0x100072ca                CMP3_IRQHandler
 .text.HSADC1_CCB_IRQHandler
                0x100072d2        0x8 ./startup/startup_mkv56f24.o
                0x100072d2                HSADC1_CCB_IRQHandler
 .text.CAN1_ORed_Message_buffer_IRQHandler
                0x100072da        0x8 ./startup/startup_mkv56f24.o
                0x100072da                CAN1_ORed_Message_buffer_IRQHandler
 .text.CAN1_Bus_Off_IRQHandler
                0x100072e2        0x8 ./startup/startup_mkv56f24.o
                0x100072e2                CAN1_Bus_Off_IRQHandler
 .text.CAN1_Error_IRQHandler
                0x100072ea        0x8 ./startup/startup_mkv56f24.o
                0x100072ea                CAN1_Error_IRQHandler
 .text.CAN1_Tx_Warning_IRQHandler
                0x100072f2        0x8 ./startup/startup_mkv56f24.o
                0x100072f2                CAN1_Tx_Warning_IRQHandler
 .text.CAN1_Rx_Warning_IRQHandler
                0x100072fa        0x8 ./startup/startup_mkv56f24.o
                0x100072fa                CAN1_Rx_Warning_IRQHandler
 .text.CAN1_Wake_Up_IRQHandler
                0x10007302        0x8 ./startup/startup_mkv56f24.o
                0x10007302                CAN1_Wake_Up_IRQHandler
 .text.Reserved116_IRQHandler
                0x1000730a        0x8 ./startup/startup_mkv56f24.o
                0x1000730a                Reserved116_IRQHandler
 .text.Reserved117_IRQHandler
                0x10007312        0x8 ./startup/startup_mkv56f24.o
                0x10007312                Reserved117_IRQHandler
 .text.Reserved118_IRQHandler
                0x1000731a        0x8 ./startup/startup_mkv56f24.o
                0x1000731a                Reserved118_IRQHandler
 .text.Reserved119_IRQHandler
                0x10007322        0x8 ./startup/startup_mkv56f24.o
                0x10007322                Reserved119_IRQHandler
 .text.PWM1_CMP0_IRQHandler
                0x1000732a        0x8 ./startup/startup_mkv56f24.o
                0x1000732a                PWM1_CMP0_IRQHandler
 .text.PWM1_RELOAD0_IRQHandler
                0x10007332        0x8 ./startup/startup_mkv56f24.o
                0x10007332                PWM1_RELOAD0_IRQHandler
 .text.PWM1_CMP1_IRQHandler
                0x1000733a        0x8 ./startup/startup_mkv56f24.o
                0x1000733a                PWM1_CMP1_IRQHandler
 .text.PWM1_RELOAD1_IRQHandler
                0x10007342        0x8 ./startup/startup_mkv56f24.o
                0x10007342                PWM1_RELOAD1_IRQHandler
 .text.PWM1_CMP2_IRQHandler
                0x1000734a        0x8 ./startup/startup_mkv56f24.o
                0x1000734a                PWM1_CMP2_IRQHandler
 .text.PWM1_RELOAD2_IRQHandler
                0x10007352        0x8 ./startup/startup_mkv56f24.o
                0x10007352                PWM1_RELOAD2_IRQHandler
 .text.PWM1_CMP3_IRQHandler
                0x1000735a        0x8 ./startup/startup_mkv56f24.o
                0x1000735a                PWM1_CMP3_IRQHandler
 .text.PWM1_RELOAD3_IRQHandler
                0x10007362        0x8 ./startup/startup_mkv56f24.o
                0x10007362                PWM1_RELOAD3_IRQHandler
 .text.PWM1_CAP_IRQHandler
                0x1000736a        0x8 ./startup/startup_mkv56f24.o
                0x1000736a                PWM1_CAP_IRQHandler
 .text.PWM1_RERR_IRQHandler
                0x10007372        0x8 ./startup/startup_mkv56f24.o
                0x10007372                PWM1_RERR_IRQHandler
 .text.PWM1_FAULT_IRQHandler
                0x1000737a        0x8 ./startup/startup_mkv56f24.o
                0x1000737a                PWM1_FAULT_IRQHandler
 .text.TaskCANopen
                0x10007382        0xc ./source/tasks/task_canopen.o
                0x10007382                TaskCANopen
 .text.FLEXCAN_GetMbStatusFlags
                0x1000738e       0x1e ./source/drivers/flexcan0_drv.o
 .text.FLEXCAN_ClearMbStatusFlags
                0x100073ac       0x1c ./source/drivers/flexcan0_drv.o
 .text.PIT_ClearStatusFlags
                0x100073c8       0x2a ./source/drivers/pit_drv.o
 .text.HardFault_Handler
                0x100073f2       0x36 ./source/semihost_hardfault.o
                0x100073f2                HardFault_Handler
 .text.xEventGroupCreate
                0x10007428       0x2e ./freertos/freertos_kernel/event_groups.o
                0x10007428                xEventGroupCreate
 .text.xEventGroupSetBits
                0x10007456      0x118 ./freertos/freertos_kernel/event_groups.o
                0x10007456                xEventGroupSetBits
 .text.vEventGroupDelete
                0x1000756e       0x64 ./freertos/freertos_kernel/event_groups.o
                0x1000756e                vEventGroupDelete
 .text.vEventGroupSetBitsCallback
                0x100075d2       0x1a ./freertos/freertos_kernel/event_groups.o
                0x100075d2                vEventGroupSetBitsCallback
 .text.vListInitialise
                0x100075ec       0x40 ./freertos/freertos_kernel/list.o
                0x100075ec                vListInitialise
 .text.vListInitialiseItem
                0x1000762c       0x1a ./freertos/freertos_kernel/list.o
                0x1000762c                vListInitialiseItem
 .text.vListInsertEnd
                0x10007646       0x48 ./freertos/freertos_kernel/list.o
                0x10007646                vListInsertEnd
 .text.vListInsert
                0x1000768e       0x72 ./freertos/freertos_kernel/list.o
                0x1000768e                vListInsert
 .text.uxListRemove
                0x10007700       0x54 ./freertos/freertos_kernel/list.o
                0x10007700                uxListRemove
 .text.xQueueGenericCreate
                0x10007754       0x6e ./freertos/freertos_kernel/queue.o
                0x10007754                xQueueGenericCreate
 .text.prvInitialiseNewQueue
                0x100077c2       0x46 ./freertos/freertos_kernel/queue.o
 .text.prvInitialiseMutex
                0x10007808       0x34 ./freertos/freertos_kernel/queue.o
 .text.xQueueCreateMutex
                0x1000783c       0x30 ./freertos/freertos_kernel/queue.o
                0x1000783c                xQueueCreateMutex
 .text.xQueueGenericSendFromISR
                0x1000786c      0x13c ./freertos/freertos_kernel/queue.o
                0x1000786c                xQueueGenericSendFromISR
 .text.xQueueReceiveFromISR
                0x100079a8      0x104 ./freertos/freertos_kernel/queue.o
                0x100079a8                xQueueReceiveFromISR
 .text.vQueueDelete
                0x10007aac       0x3e ./freertos/freertos_kernel/queue.o
                0x10007aac                vQueueDelete
 .text.prvGetDisinheritPriorityAfterTimeout
                0x10007aea       0x30 ./freertos/freertos_kernel/queue.o
 .text.prvCopyDataToQueue
                0x10007b1a       0xd4 ./freertos/freertos_kernel/queue.o
 .text.prvCopyDataFromQueue
                0x10007bee       0x4c ./freertos/freertos_kernel/queue.o
 .text.prvUnlockQueue
                0x10007c3a       0xa4 ./freertos/freertos_kernel/queue.o
 .text.prvIsQueueEmpty
                0x10007cde       0x2c ./freertos/freertos_kernel/queue.o
 .text.prvIsQueueFull
                0x10007d0a       0x30 ./freertos/freertos_kernel/queue.o
 .text.vQueueWaitForMessageRestricted
                0x10007d3a       0x68 ./freertos/freertos_kernel/queue.o
                0x10007d3a                vQueueWaitForMessageRestricted
 .text.xTaskCreate
                0x10007da2       0x82 ./freertos/freertos_kernel/tasks.o
                0x10007da2                xTaskCreate
 .text.prvInitialiseNewTask
                0x10007e24      0x13e ./freertos/freertos_kernel/tasks.o
 .text.prvDeleteTCB
                0x10007f62       0x20 ./freertos/freertos_kernel/tasks.o
 .text.prvTimerTask
                0x10007f82       0x26 ./freertos/freertos_kernel/timers.o
 .text.UART_EnableTx
                0x10007fa8       0x40 ./drivers/freertos/fsl_uart_freertos.o
 .text.UART_EnableRx
                0x10007fe8       0x40 ./drivers/freertos/fsl_uart_freertos.o
 .text.OSC_SetExtRefClkConfig
                0x10008028       0x40 ./drivers/fsl_clock.o
 .text.OSC_SetCapLoad
                0x10008068       0x34 ./drivers/fsl_clock.o
 .text.CLOCK_GetPll0RefFreq
                0x1000809c        0xe ./drivers/fsl_clock.o
 .text.CLOCK_GetFixedFreqClkFreq
                0x100080aa       0x34 ./drivers/fsl_clock.o
                0x100080aa                CLOCK_GetFixedFreqClkFreq
 .text.CLOCK_SetExternalRefClkConfig
                0x100080de       0x18 ./drivers/fsl_clock.o
                0x100080de                CLOCK_SetExternalRefClkConfig
 .text.DSPI_IsMaster
                0x100080f6       0x26 ./drivers/fsl_dspi.o
 .text.FLEXCAN_Enable
                0x1000811c       0x54 ./drivers/fsl_flexcan.o
 .text.FLEXCAN_EnterFreezeMode
                0x10008170       0x3c ./drivers/fsl_flexcan.o
                0x10008170                FLEXCAN_EnterFreezeMode
 .text.FLEXCAN_ExitFreezeMode
                0x100081ac       0x3c ./drivers/fsl_flexcan.o
                0x100081ac                FLEXCAN_ExitFreezeMode
 .text.FLEXCAN_IsMbOccupied
                0x100081e8       0x52 ./drivers/fsl_flexcan.o
 .text.FTM_ClearStatusFlags
                0x1000823a       0x68 ./drivers/fsl_ftm.o
                0x1000823a                FTM_ClearStatusFlags
 .text.SMC_SetPowerModeHsrun
                0x100082a2       0x32 ./drivers/fsl_smc.o
                0x100082a2                SMC_SetPowerModeHsrun
 .text.EnableIRQ
                0x100082d4       0x2c ./drivers/fsl_uart.o
 .text.UART_GetStatusFlags
                0x10008300       0x48 ./drivers/fsl_uart.o
                0x10008300                UART_GetStatusFlags
 .text.UART_ClearStatusFlags
                0x10008348       0x80 ./drivers/fsl_uart.o
                0x10008348                UART_ClearStatusFlags
 .text.UART_WriteBlocking
                0x100083c8       0x50 ./drivers/fsl_uart.o
                0x100083c8                UART_WriteBlocking
 .text.UART0_RX_TX_DriverIRQHandler
                0x10008418       0x12 ./drivers/fsl_uart.o
                0x10008418                UART0_RX_TX_DriverIRQHandler
 .text.UART1_RX_TX_DriverIRQHandler
                0x1000842a       0x12 ./drivers/fsl_uart.o
                0x1000842a                UART1_RX_TX_DriverIRQHandler
 .text.UART2_RX_TX_DriverIRQHandler
                0x1000843c       0x12 ./drivers/fsl_uart.o
                0x1000843c                UART2_RX_TX_DriverIRQHandler
 .text.UART3_RX_TX_DriverIRQHandler
                0x1000844e       0x12 ./drivers/fsl_uart.o
                0x1000844e                UART3_RX_TX_DriverIRQHandler
 .text.UART4_RX_TX_DriverIRQHandler
                0x10008460       0x12 ./drivers/fsl_uart.o
                0x10008460                UART4_RX_TX_DriverIRQHandler
 .text.UART5_RX_TX_DriverIRQHandler
                0x10008472       0x12 ./drivers/fsl_uart.o
                0x10008472                UART5_RX_TX_DriverIRQHandler
 .text.SystemInitHook
                0x10008484        0xe ./device/system_MKV56F24.o
                0x10008484                SystemInitHook
 .text.HAL_UartGetStatus
                0x10008492       0x22 ./component/uart/uart_adapter.o
 .text.FTM0_IRQHandler
                0x100084b4       0x14 ./component/timer/ftm_adapter.o
                0x100084b4                FTM0_IRQHandler
 .text.FTM1_IRQHandler
                0x100084c8       0x14 ./component/timer/ftm_adapter.o
                0x100084c8                FTM1_IRQHandler
 .text.FTM2_IRQHandler
                0x100084dc       0x14 ./component/timer/ftm_adapter.o
                0x100084dc                FTM2_IRQHandler
 .text.DisableGlobalIRQ
                0x100084f0       0x22 ./component/serial_manager/serial_manager.o
 .text.EnableGlobalIRQ
                0x10008512       0x20 ./component/serial_manager/serial_manager.o
 .text.SerialManager_StartWriting
                0x10008532       0x38 ./component/serial_manager/serial_manager.o
 .text.SerialManager_WriteBlocking
                0x1000856a       0x20 ./component/serial_manager/serial_manager.o
                0x1000856a                SerialManager_WriteBlocking
 .text.PORTA_IRQHandler
                0x1000858a       0x14 ./component/gpio/gpio_adapter.o
                0x1000858a                PORTA_IRQHandler
 .text.PORTB_IRQHandler
                0x1000859e       0x14 ./component/gpio/gpio_adapter.o
                0x1000859e                PORTB_IRQHandler
 .text.PORTC_IRQHandler
                0x100085b2       0x14 ./component/gpio/gpio_adapter.o
                0x100085b2                PORTC_IRQHandler
 .text.PORTD_IRQHandler
                0x100085c6       0x14 ./component/gpio/gpio_adapter.o
                0x100085c6                PORTD_IRQHandler
 .text.PORTE_IRQHandler
                0x100085da       0x14 ./component/gpio/gpio_adapter.o
                0x100085da                PORTE_IRQHandler
 .text.SMC_SetPowerModeProtection
                0x100085ee       0x1e ./board/clock_config.o
 .text.SMC_GetPowerModeState
                0x1000860c       0x1a ./board/clock_config.o
 .text.BOARD_InitBootClocks
                0x10008626        0xc ./board/clock_config.o
                0x10008626                BOARD_InitBootClocks
 .text.EnableIRQ
                0x10008632       0x2c ./board/peripherals.o
 .text.FLEXCAN_EnableMbInterrupts
                0x1000865e       0x22 ./board/peripherals.o
 .text.PIT_EnableInterrupts
                0x10008680       0x3a ./board/peripherals.o
 .text.PIT_SetTimerPeriod
                0x100086ba       0x28 ./board/peripherals.o
 .text.PIT_StartTimer
                0x100086e2       0x38 ./board/peripherals.o
 .text.GPIOB_init
                0x1000871a        0xe ./board/peripherals.o
 .text.BOARD_InitPeripherals
                0x10008728       0x28 ./board/peripherals.o
                0x10008728                BOARD_InitPeripherals
 .text.BOARD_InitBootPeripherals
                0x10008750        0xc ./board/peripherals.o
                0x10008750                BOARD_InitBootPeripherals
 .text.PORT_SetPinMux
                0x1000875c       0x3a ./board/pin_mux.o
 .text.BOARD_InitBootPins
                0x10008796        0xc ./board/pin_mux.o
                0x10008796                BOARD_InitBootPins
 .text.__main   0x100087a2        0xe C:/nxp/MCUXpressoIDE_25.6.136/ide/plugins/com.nxp.mcuxpresso.tools.win32_25.6.0.202501151204/tools/bin/../lib/gcc/arm-none-eabi/14.2.1/../../../../arm-none-eabi/lib/thumb/v7e-m+fp/hard\libcr_nohost_nf.a(_cr__main.o)
                0x100087a2                __main
 .text.__sys_appexit
                0x100087b0        0x2 C:/nxp/MCUXpressoIDE_25.6.136/ide/plugins/com.nxp.mcuxpresso.tools.win32_25.6.0.202501151204/tools/bin/../lib/gcc/arm-none-eabi/14.2.1/../../../../arm-none-eabi/lib/thumb/v7e-m+fp/hard\libcr_nohost_nf.a(__sys_appexit.o)
                0x100087b0                __sys_appexit
                0x100087b0                __exit
 .text.memcpy   0x100087b2        0x4 C:/nxp/MCUXpressoIDE_25.6.136/ide/plugins/com.nxp.mcuxpresso.tools.win32_25.6.0.202501151204/tools/bin/../lib/gcc/arm-none-eabi/14.2.1/../../../../arm-none-eabi/lib/thumb/v7e-m+fp/hard\libcr_c.a(memcpy.o)
                0x100087b2                memcpy
 .text.memset   0x100087b6        0x4 C:/nxp/MCUXpressoIDE_25.6.136/ide/plugins/com.nxp.mcuxpresso.tools.win32_25.6.0.202501151204/tools/bin/../lib/gcc/arm-none-eabi/14.2.1/../../../../arm-none-eabi/lib/thumb/v7e-m+fp/hard\libcr_c.a(memset.o)
                0x100087b6                memset
 .text._deferredlazyseek
                0x100087ba       0x40 C:/nxp/MCUXpressoIDE_25.6.136/ide/plugins/com.nxp.mcuxpresso.tools.win32_25.6.0.202501151204/tools/bin/../lib/gcc/arm-none-eabi/14.2.1/../../../../arm-none-eabi/lib/thumb/v7e-m+fp/hard\libcr_c.a(_deferredlazyseek.o)
                0x100087ba                _deferredlazyseek
 .text.__flsbuf
                0x100087fa      0x12a C:/nxp/MCUXpressoIDE_25.6.136/ide/plugins/com.nxp.mcuxpresso.tools.win32_25.6.0.202501151204/tools/bin/../lib/gcc/arm-none-eabi/14.2.1/../../../../arm-none-eabi/lib/thumb/v7e-m+fp/hard\libcr_c.a(_deferredlazyseek.o)
                0x100087fa                __flsbuf
 .text._fflush  0x10008924       0x52 C:/nxp/MCUXpressoIDE_25.6.136/ide/plugins/com.nxp.mcuxpresso.tools.win32_25.6.0.202501151204/tools/bin/../lib/gcc/arm-none-eabi/14.2.1/../../../../arm-none-eabi/lib/thumb/v7e-m+fp/hard\libcr_c.a(_fflush.o)
                0x10008924                _fflush
 .text.free     0x10008976       0x30 C:/nxp/MCUXpressoIDE_25.6.136/ide/plugins/com.nxp.mcuxpresso.tools.win32_25.6.0.202501151204/tools/bin/../lib/gcc/arm-none-eabi/14.2.1/../../../../arm-none-eabi/lib/thumb/v7e-m+fp/hard\libcr_c.a(alloc.o)
                0x10008976                free
 .text.fputs    0x100089a6       0x2c C:/nxp/MCUXpressoIDE_25.6.136/ide/plugins/com.nxp.mcuxpresso.tools.win32_25.6.0.202501151204/tools/bin/../lib/gcc/arm-none-eabi/14.2.1/../../../../arm-none-eabi/lib/thumb/v7e-m+fp/hard\libcr_c.a(fputs.o)
                0x100089a6                fputs
 .text.setvbuf  0x100089d2       0x3e C:/nxp/MCUXpressoIDE_25.6.136/ide/plugins/com.nxp.mcuxpresso.tools.win32_25.6.0.202501151204/tools/bin/../lib/gcc/arm-none-eabi/14.2.1/../../../../arm-none-eabi/lib/thumb/v7e-m+fp/hard\libcr_c.a(setvbuf.o)
                0x100089d2                setvbuf
 .text.strlen   0x10008a10       0x4e C:/nxp/MCUXpressoIDE_25.6.136/ide/plugins/com.nxp.mcuxpresso.tools.win32_25.6.0.202501151204/tools/bin/../lib/gcc/arm-none-eabi/14.2.1/../../../../arm-none-eabi/lib/thumb/v7e-m+fp/hard\libcr_c.a(strlen.o)
                0x10008a10                strlen
 .text._fdopen  0x10008a5e       0x68 C:/nxp/MCUXpressoIDE_25.6.136/ide/plugins/com.nxp.mcuxpresso.tools.win32_25.6.0.202501151204/tools/bin/../lib/gcc/arm-none-eabi/14.2.1/../../../../arm-none-eabi/lib/thumb/v7e-m+fp/hard\libcr_c.a(_fdopen.o)
                0x10008a5e                _fdopen
 .text.fclose   0x10008ac6       0x58 C:/nxp/MCUXpressoIDE_25.6.136/ide/plugins/com.nxp.mcuxpresso.tools.win32_25.6.0.202501151204/tools/bin/../lib/gcc/arm-none-eabi/14.2.1/../../../../arm-none-eabi/lib/thumb/v7e-m+fp/hard\libcr_c.a(fclose.o)
                0x10008ac6                fclose
 .text.remove   0x10008b1e       0x14 C:/nxp/MCUXpressoIDE_25.6.136/ide/plugins/com.nxp.mcuxpresso.tools.win32_25.6.0.202501151204/tools/bin/../lib/gcc/arm-none-eabi/14.2.1/../../../../arm-none-eabi/lib/thumb/v7e-m+fp/hard\libcr_c.a(remove.o)
                0x10008b1e                remove
 .text._do_fflush
                0x10008b32       0x40 C:/nxp/MCUXpressoIDE_25.6.136/ide/plugins/com.nxp.mcuxpresso.tools.win32_25.6.0.202501151204/tools/bin/../lib/gcc/arm-none-eabi/14.2.1/../../../../arm-none-eabi/lib/thumb/v7e-m+fp/hard\libcr_c.a(_do_fflush.o)
                0x10008b32                _do_fflush
 .text.__aeabi_memcpy
                0x10008b72       0x34 C:/nxp/MCUXpressoIDE_25.6.136/ide/plugins/com.nxp.mcuxpresso.tools.win32_25.6.0.202501151204/tools/bin/../lib/gcc/arm-none-eabi/14.2.1/thumb/v7e-m+fp/hard\libcr_eabihelpers.a(memcpy.o)
                0x10008b72                __aeabi_memcpy
                0x10008b7c                __aeabi_memcpy8
                0x10008b7c                __aeabi_memcpy4
 .text.__aeabi_memset_lowlevel
                0x10008ba6       0x32 C:/nxp/MCUXpressoIDE_25.6.136/ide/plugins/com.nxp.mcuxpresso.tools.win32_25.6.0.202501151204/tools/bin/../lib/gcc/arm-none-eabi/14.2.1/thumb/v7e-m+fp/hard\libcr_eabihelpers.a(memcpy.o)
                0x10008ba6                __aeabi_lowlevel_memset
 .text.__sys_close
                0x10008bd8        0x6 C:/nxp/MCUXpressoIDE_25.6.136/ide/plugins/com.nxp.mcuxpresso.tools.win32_25.6.0.202501151204/tools/bin/../lib/gcc/arm-none-eabi/14.2.1/../../../../arm-none-eabi/lib/thumb/v7e-m+fp/hard\libcr_nohost_nf.a(__sys_close.o)
                0x10008bd8                __sys_close
 .text.__sys_flen
                0x10008bde        0x6 C:/nxp/MCUXpressoIDE_25.6.136/ide/plugins/com.nxp.mcuxpresso.tools.win32_25.6.0.202501151204/tools/bin/../lib/gcc/arm-none-eabi/14.2.1/../../../../arm-none-eabi/lib/thumb/v7e-m+fp/hard\libcr_nohost_nf.a(__sys_flen.o)
                0x10008bde                __sys_flen
 .text.__sys_istty
                0x10008be4        0x6 C:/nxp/MCUXpressoIDE_25.6.136/ide/plugins/com.nxp.mcuxpresso.tools.win32_25.6.0.202501151204/tools/bin/../lib/gcc/arm-none-eabi/14.2.1/../../../../arm-none-eabi/lib/thumb/v7e-m+fp/hard\libcr_nohost_nf.a(__sys_istty.o)
                0x10008be4                __sys_istty
 .text.__sys_remove
                0x10008bea        0x6 C:/nxp/MCUXpressoIDE_25.6.136/ide/plugins/com.nxp.mcuxpresso.tools.win32_25.6.0.202501151204/tools/bin/../lib/gcc/arm-none-eabi/14.2.1/../../../../arm-none-eabi/lib/thumb/v7e-m+fp/hard\libcr_nohost_nf.a(__sys_remove.o)
                0x10008bea                __sys_remove
 .text.__sys_seek
                0x10008bf0        0x6 C:/nxp/MCUXpressoIDE_25.6.136/ide/plugins/com.nxp.mcuxpresso.tools.win32_25.6.0.202501151204/tools/bin/../lib/gcc/arm-none-eabi/14.2.1/../../../../arm-none-eabi/lib/thumb/v7e-m+fp/hard\libcr_nohost_nf.a(__sys_seek.o)
                0x10008bf0                __sys_seek
 .text.__sys_tmpnam
                0x10008bf6        0x6 C:/nxp/MCUXpressoIDE_25.6.136/ide/plugins/com.nxp.mcuxpresso.tools.win32_25.6.0.202501151204/tools/bin/../lib/gcc/arm-none-eabi/14.2.1/../../../../arm-none-eabi/lib/thumb/v7e-m+fp/hard\libcr_nohost_nf.a(__sys_tmpnam.o)
                0x10008bf6                __sys_tmpnam
 .text.__sys_write
                0x10008bfc        0x4 C:/nxp/MCUXpressoIDE_25.6.136/ide/plugins/com.nxp.mcuxpresso.tools.win32_25.6.0.202501151204/tools/bin/../lib/gcc/arm-none-eabi/14.2.1/../../../../arm-none-eabi/lib/thumb/v7e-m+fp/hard\libcr_nohost_nf.a(__sys_write.o)
                0x10008bfc                __sys_write
 *freertos*/tasks.o(SORT_BY_ALIGNMENT(.rodata*))
 .rodata.vTaskStartScheduler.str1.4
                0x10008c00        0x5 ./freertos/freertos_kernel/tasks.o
 *(SORT_BY_ALIGNMENT(.rodata) SORT_BY_ALIGNMENT(.rodata.*) SORT_BY_ALIGNMENT(.constdata) SORT_BY_ALIGNMENT(.constdata.*))
 .rodata.DbgConsole_SendDataReliable.str1.4
                0x10008c00      0xc48 ./utilities/fsl_debug_console.o
                                 0x4d (size before relaxing)
 .rodata.DbgConsole_Init.str1.4
                0x10009848       0x86 ./utilities/fsl_debug_console.o
 .rodata.TaskCANopen_Init.str1.4
                0x10009848        0xd ./source/tasks/task_canopen.o
 .rodata.TaskFusion_Init.str1.4
                0x10009848        0xc ./source/tasks/task_fusion.o
 .rodata.TaskIMU_Init.str1.4
                0x10009848        0x9 ./source/tasks/task_imu.o
 .rodata.main.str1.4
                0x10009848        0xe ./source/kfx_backpan_fusion.o
 .rodata.xTimerCreateTimerTask.str1.4
                0x10009848        0x8 ./freertos/freertos_kernel/timers.o
 .rodata.prvCheckForValidListAndQueue.str1.4
                0x10009848        0x5 ./freertos/freertos_kernel/timers.o
 .rodata.CLOCK_GetMcgExtClkFreq.str1.4
                0x10009848       0x24 ./drivers/fsl_clock.o
 .rodata.CLOCK_GetOsc0ErClkUndivFreq.str1.4
                0x10009848       0x1e ./drivers/fsl_clock.o
 .rodata.CLOCK_GetOsc0ErClkDivFreq.str1.4
                0x10009848       0x1e ./drivers/fsl_clock.o
 .rodata.CLOCK_GetPll0Freq.str1.4
                0x10009848       0x1d ./drivers/fsl_clock.o
 .rodata.CLOCK_EnablePll0.str1.4
                0x10009848       0x19 ./drivers/fsl_clock.o
 .rodata.CLOCK_SetPbeMode.str1.4
                0x10009848       0x1a ./drivers/fsl_clock.o
 .rodata.CLOCK_BootToPeeMode.str1.4
                0x10009848       0x1a ./drivers/fsl_clock.o
 .rodata.fllFactorTable.1
                0x10009848       0x10 ./drivers/fsl_clock.o
 .rodata.SPI0_DriverIRQHandler.str1.4
                0x10009858       0x2a ./drivers/fsl_dspi.o
 .rodata.SPI1_DriverIRQHandler.str1.4
                0x10009858       0x2a ./drivers/fsl_dspi.o
 .rodata.SPI2_DriverIRQHandler.str1.4
                0x10009858       0x2a ./drivers/fsl_dspi.o
 .rodata.EDMA_GetChannelStatusFlags.str1.4
                0x10009858       0x45 ./drivers/fsl_edma.o
 .rodata.EDMA_HandleIRQ.str1.4
                0x10009858       0x21 ./drivers/fsl_edma.o
 .rodata.s_flexcanBases
                0x10009858        0x8 ./drivers/fsl_flexcan.o
 .rodata.s_flexcanClock
                0x10009860        0xc ./drivers/fsl_flexcan.o
 .rodata.FLEXCAN_GetInstance.str1.4
                0x1000986c       0x3a ./drivers/fsl_flexcan.o
 .rodata.FLEXCAN_Reset.str1.4
                0x1000986c       0x3a ./drivers/fsl_flexcan.o
 .rodata.FLEXCAN_SetBaudRate.str1.4
                0x1000986c       0x5d ./drivers/fsl_flexcan.o
 .rodata.FLEXCAN_Init.str1.4
                0x1000986c       0xad ./drivers/fsl_flexcan.o
 .rodata.FLEXCAN_SetTimingConfig.str1.4
                0x1000986c       0x25 ./drivers/fsl_flexcan.o
 .rodata.FLEXCAN_SetTxMbConfig.str1.4
                0x1000986c       0x78 ./drivers/fsl_flexcan.o
 .rodata.FLEXCAN_SetRxMbConfig.str1.4
                0x1000986c       0xbc ./drivers/fsl_flexcan.o
 .rodata.FLEXCAN_ReadRxMb.str1.4
                0x1000986c       0xa0 ./drivers/fsl_flexcan.o
 .rodata.CAN0_DriverIRQHandler.str1.4
                0x1000986c       0x30 ./drivers/fsl_flexcan.o
 .rodata.CAN1_DriverIRQHandler.str1.4
                0x1000986c       0x30 ./drivers/fsl_flexcan.o
 .rodata.s_portBases
                0x1000986c       0x14 ./drivers/fsl_gpio.o
 .rodata.s_gpioBases
                0x10009880       0x14 ./drivers/fsl_gpio.o
 .rodata.GPIO_GetInstance.str1.4
                0x10009894       0x33 ./drivers/fsl_gpio.o
 .rodata.PIT_GetInstance.str1.4
                0x10009894       0x31 ./drivers/fsl_pit.o
 .rodata.PIT_Init.str1.4
                0x10009894       0x1e ./drivers/fsl_pit.o
 .rodata.s_uartBases
                0x10009894       0x18 ./drivers/fsl_uart.o
 .rodata.s_uartIRQ
                0x100098ac        0x6 ./drivers/fsl_uart.o
 *fill*         0x100098b2        0x2 ff
 .rodata.s_uartClock
                0x100098b4       0x18 ./drivers/fsl_uart.o
 .rodata.UART_GetInstance.str1.4
                0x100098cc       0x2b ./drivers/fsl_uart.o
 .rodata.UART_TransferGetRxRingBufferLength.str1.4
                0x100098cc       0x18 ./drivers/fsl_uart.o
 .rodata.UART_TransferIsRxRingBufferFull.str1.4
                0x100098cc       0x18 ./drivers/fsl_uart.o
 .rodata.UART_Init.str1.4
                0x100098cc       0xef ./drivers/fsl_uart.o
 .rodata.UART_GetDefaultConfig.str1.4
                0x100098cc       0x18 ./drivers/fsl_uart.o
 .rodata.UART_WriteNonBlocking.str1.4
                0x100098cc       0x16 ./drivers/fsl_uart.o
 .rodata.UART_ReadNonBlocking.str1.4
                0x100098cc       0x16 ./drivers/fsl_uart.o
 .rodata.UART_TransferCreateHandle.str1.4
                0x100098cc       0x18 ./drivers/fsl_uart.o
 .rodata.UART_TransferStartRingBuffer.str1.4
                0x100098cc       0x34 ./drivers/fsl_uart.o
 .rodata.UART_TransferHandleIRQ.str1.4
                0x100098cc       0x19 ./drivers/fsl_uart.o
 .rodata.s_UartAdapterBase
                0x100098cc       0x18 ./component/uart/uart_adapter.o
 .rodata.HAL_UartInit.str1.4
                0x100098e4       0xcd ./component/uart/uart_adapter.o
 .rodata.HAL_UartSendBlocking.str1.4
                0x100098e4       0x54 ./component/uart/uart_adapter.o
 .rodata.s_FtmBase
                0x100098e4       0x10 ./component/timer/ftm_adapter.o
 .rodata.SerialManager_Write.str1.4
                0x100098f4       0x82 ./component/serial_manager/serial_manager.o
 .rodata.SerialManager_Init.str1.4
                0x100098f4       0x44 ./component/serial_manager/serial_manager.o
 .rodata.SerialManager_OpenWriteHandle.str1.4
                0x100098f4       0x4c ./component/serial_manager/serial_manager.o
 .rodata.Serial_UartInit.str1.4
                0x100098f4       0x4e ./component/serial_manager/serial_port_uart.o
 .rodata.Serial_UartWrite.str1.4
                0x100098f4       0x68 ./component/serial_manager/serial_port_uart.o
 .rodata.s_GpioPort
                0x100098f4       0x14 ./component/gpio/gpio_adapter.o
 .rodata.mcgConfig_BOARD_BootClockRUN
                0x10009908        0xa ./board/clock_config.o
                0x10009908                mcgConfig_BOARD_BootClockRUN
 *fill*         0x10009912        0x2 ff
 .rodata.simConfig_BOARD_BootClockRUN
                0x10009914        0x8 ./board/clock_config.o
                0x10009914                simConfig_BOARD_BootClockRUN
 .rodata.oscConfig_BOARD_BootClockRUN
                0x1000991c        0x8 ./board/clock_config.o
                0x1000991c                oscConfig_BOARD_BootClockRUN
 .rodata.CAN0_config
                0x10009924       0x14 ./board/peripherals.o
                0x10009924                CAN0_config
 .rodata.CAN0_rx_mb_config_0
                0x10009938        0x8 ./board/peripherals.o
                0x10009938                CAN0_rx_mb_config_0
 .rodata.CAN0_rx_mb_config_1
                0x10009940        0x8 ./board/peripherals.o
                0x10009940                CAN0_rx_mb_config_1
 .rodata.CAN0_rx_mb_config_2
                0x10009948        0x8 ./board/peripherals.o
                0x10009948                CAN0_rx_mb_config_2
 .rodata.CAN0_rx_mb_config_3
                0x10009950        0x8 ./board/peripherals.o
                0x10009950                CAN0_rx_mb_config_3
 .rodata.CAN1_config
                0x10009958       0x14 ./board/peripherals.o
                0x10009958                CAN1_config
 .rodata.CAN1_rx_mb_config_0
                0x1000996c        0x8 ./board/peripherals.o
                0x1000996c                CAN1_rx_mb_config_0
 .rodata.PIT_config
                0x10009974        0x1 ./board/peripherals.o
                0x10009974                PIT_config
 *fill*         0x10009975        0x3 ff
 .rodata.__num_Ciob_streams
                0x10009978        0x4 C:/nxp/MCUXpressoIDE_25.6.136/ide/plugins/com.nxp.mcuxpresso.tools.win32_25.6.0.202501151204/tools/bin/../lib/gcc/arm-none-eabi/14.2.1/../../../../arm-none-eabi/lib/thumb/v7e-m+fp/hard\libcr_nohost_nf.a(__ciob.o)
                0x10009978                __num_Ciob_streams
 .rodata.__assertion_failed.str1.1
                0x1000997c       0x31 C:/nxp/MCUXpressoIDE_25.6.136/ide/plugins/com.nxp.mcuxpresso.tools.win32_25.6.0.202501151204/tools/bin/../lib/gcc/arm-none-eabi/14.2.1/../../../../arm-none-eabi/lib/thumb/v7e-m+fp/hard\libcr_nohost_nf.a(_cr_assert.o)
                                 0x15 (size before relaxing)
 .rodata._Csys_alloc.str1.1
                0x100099ad       0x18 C:/nxp/MCUXpressoIDE_25.6.136/ide/plugins/com.nxp.mcuxpresso.tools.win32_25.6.0.202501151204/tools/bin/../lib/gcc/arm-none-eabi/14.2.1/../../../../arm-none-eabi/lib/thumb/v7e-m+fp/hard\libcr_c.a(alloc.o)
 .rodata._initio.str1.1
                0x100099ad        0x4 C:/nxp/MCUXpressoIDE_25.6.136/ide/plugins/com.nxp.mcuxpresso.tools.win32_25.6.0.202501151204/tools/bin/../lib/gcc/arm-none-eabi/14.2.1/../../../../arm-none-eabi/lib/thumb/v7e-m+fp/hard\libcr_c.a(initio.o)
                0x100099c8                        . = ALIGN (0x8)
 *fill*         0x100099ad        0x3 ff

.glue_7         0x100099b0        0x0
 .glue_7        0x100099b0        0x0 linker stubs

.glue_7t        0x100099b0        0x0
 .glue_7t       0x100099b0        0x0 linker stubs

.vfp11_veneer   0x100099b0        0x0
 .vfp11_veneer  0x100099b0        0x0 linker stubs

.v4_bx          0x100099b0        0x0
 .v4_bx         0x100099b0        0x0 linker stubs

.iplt           0x100099b0        0x0
 .iplt          0x100099b0        0x0 ./utilities/fsl_debug_console.o

.rel.dyn        0x100099b0        0x0
 .rel.iplt      0x100099b0        0x0 ./utilities/fsl_debug_console.o

.ARM.extab
 *(SORT_BY_ALIGNMENT(.ARM.extab*) SORT_BY_ALIGNMENT(.gnu.linkonce.armextab.*))

.ARM.exidx      0x100099b0        0x0
                0x100099b0                        __exidx_start = .
 *(SORT_BY_ALIGNMENT(.ARM.exidx*) SORT_BY_ALIGNMENT(.gnu.linkonce.armexidx.*))
                0x100099b0                        __exidx_end = .
                0x100099b0                        _etext = .

.data_RAM2      0x2f000000        0x0 load address 0x100099b0
 FILL mask 0xff
                [!provide]                        PROVIDE (__start_data_RAM2 = .)
                [!provide]                        PROVIDE (__start_data_SRAM_OC = .)
 *(SORT_BY_ALIGNMENT(.ramfunc.$RAM2))
 *(SORT_BY_ALIGNMENT(.ramfunc.$SRAM_OC))
 *(SORT_BY_ALIGNMENT(.data.$RAM2))
 *(SORT_BY_ALIGNMENT(.data.$SRAM_OC))
 *(SORT_BY_ALIGNMENT(.data.$RAM2.*))
 *(SORT_BY_ALIGNMENT(.data.$SRAM_OC.*))
                0x2f000000                        . = ALIGN (0x8)
                [!provide]                        PROVIDE (__end_data_RAM2 = .)
                [!provide]                        PROVIDE (__end_data_SRAM_OC = .)

.data_RAM3      0x00000000        0x0 load address 0x100099b0
 FILL mask 0xff
                [!provide]                        PROVIDE (__start_data_RAM3 = .)
                [!provide]                        PROVIDE (__start_data_SRAM_ITC = .)
 *(SORT_BY_ALIGNMENT(.ramfunc.$RAM3))
 *(SORT_BY_ALIGNMENT(.ramfunc.$SRAM_ITC))
 *(SORT_BY_ALIGNMENT(.data.$RAM3))
 *(SORT_BY_ALIGNMENT(.data.$SRAM_ITC))
 *(SORT_BY_ALIGNMENT(.data.$RAM3.*))
 *(SORT_BY_ALIGNMENT(.data.$SRAM_ITC.*))
                0x00000000                        . = ALIGN (0x8)
                [!provide]                        PROVIDE (__end_data_RAM3 = .)
                [!provide]                        PROVIDE (__end_data_SRAM_ITC = .)

.data_RAM4      0x18000000        0x0 load address 0x100099b0
 FILL mask 0xff
                [!provide]                        PROVIDE (__start_data_RAM4 = .)
                [!provide]                        PROVIDE (__start_data_FLEX_RAM = .)
 *(SORT_BY_ALIGNMENT(.ramfunc.$RAM4))
 *(SORT_BY_ALIGNMENT(.ramfunc.$FLEX_RAM))
 *(SORT_BY_ALIGNMENT(.data.$RAM4))
 *(SORT_BY_ALIGNMENT(.data.$FLEX_RAM))
 *(SORT_BY_ALIGNMENT(.data.$RAM4.*))
 *(SORT_BY_ALIGNMENT(.data.$FLEX_RAM.*))
                0x18000000                        . = ALIGN (0x8)
                [!provide]                        PROVIDE (__end_data_RAM4 = .)
                [!provide]                        PROVIDE (__end_data_FLEX_RAM = .)

.uninit_RESERVED
                0x20000000        0x0
                0x20000000                        _start_uninit_RESERVED = .
 *(SORT_BY_ALIGNMENT(.bss.$RESERVED*))
                0x20000000                        . = ALIGN (0x8)
                0x20000000                        _end_uninit_RESERVED = .

.data           0x20000000       0x60 load address 0x100099b0
 FILL mask 0xff
                0x20000000                        _data = .
                [!provide]                        PROVIDE (__start_data_RAM = .)
                [!provide]                        PROVIDE (__start_data_SRAM_DTC = .)
 *(SORT_BY_ALIGNMENT(vtable))
 *(SORT_BY_ALIGNMENT(.ramfunc*))
 *(SORT_BY_ALIGNMENT(CodeQuickAccess))
 *(SORT_BY_ALIGNMENT(DataQuickAccess))
 *(SORT_BY_ALIGNMENT(RamFunction))
 *(SORT_BY_ALIGNMENT(.data*))
 .data.uxCriticalNesting
                0x20000000        0x4 ./freertos/freertos_kernel/portable/GCC/ARM_CM4F/port.o
 .data.s_slowIrcFreq
                0x20000004        0x4 ./drivers/fsl_clock.o
 .data.s_fastIrcFreq
                0x20000008        0x4 ./drivers/fsl_clock.o
 .data.SystemCoreClock
                0x2000000c        0x4 ./device/system_MKV56F24.o
                0x2000000c                SystemCoreClock
 .data.UART0_rtos_config
                0x20000010       0x18 ./board/peripherals.o
                0x20000010                UART0_rtos_config
 .data.UART2_rtos_config
                0x20000028       0x18 ./board/peripherals.o
                0x20000028                UART2_rtos_config
 .data.UART4_rtos_config
                0x20000040       0x18 ./board/peripherals.o
                0x20000040                UART4_rtos_config
 .data.gImuReadIndex
                0x20000058        0x1 ./source/shared/shared_data.o
                0x20000058                gImuReadIndex
                0x20000060                        . = ALIGN (0x8)
 *fill*         0x20000059        0x7 ff
                0x20000060                        _edata = .
                [!provide]                        PROVIDE (__end_data_RAM = .)
                [!provide]                        PROVIDE (__end_data_SRAM_DTC = .)

.igot.plt       0x20000060        0x0 load address 0x10009a10
 .igot.plt      0x20000060        0x0 ./utilities/fsl_debug_console.o

.bss_RAM2       0x2f000000        0x0
                [!provide]                        PROVIDE (__start_bss_RAM2 = .)
                [!provide]                        PROVIDE (__start_bss_SRAM_OC = .)
 *(SORT_BY_ALIGNMENT(.bss.$RAM2))
 *(SORT_BY_ALIGNMENT(.bss.$SRAM_OC))
 *(SORT_BY_ALIGNMENT(.bss.$RAM2.*))
 *(SORT_BY_ALIGNMENT(.bss.$SRAM_OC.*))
                0x2f000000                        . = ALIGN ((. != 0x0)?0x8:0x1)
                [!provide]                        PROVIDE (__end_bss_RAM2 = .)
                [!provide]                        PROVIDE (__end_bss_SRAM_OC = .)

.bss_RAM3       0x00000000        0x0
                [!provide]                        PROVIDE (__start_bss_RAM3 = .)
                [!provide]                        PROVIDE (__start_bss_SRAM_ITC = .)
 *(SORT_BY_ALIGNMENT(.bss.$RAM3))
 *(SORT_BY_ALIGNMENT(.bss.$SRAM_ITC))
 *(SORT_BY_ALIGNMENT(.bss.$RAM3.*))
 *(SORT_BY_ALIGNMENT(.bss.$SRAM_ITC.*))
                0x00000000                        . = ALIGN ((. != 0x0)?0x8:0x1)
                [!provide]                        PROVIDE (__end_bss_RAM3 = .)