Archive member included to satisfy reference by file (symbol)

C:/nxp/MCUXpressoIDE_25.6.136/ide/plugins/com.nxp.mcuxpresso.tools.win32_25.6.0.202501151204/tools/bin/../lib/gcc/arm-none-eabi/14.2.1/../../../../arm-none-eabi/lib/thumb/v7e-m+fp/hard\libcr_nohost_nf.a(_cr__main.o)
                              ./startup/startup_mkv56f24.o (__main)
C:/nxp/MCUXpressoIDE_25.6.136/ide/plugins/com.nxp.mcuxpresso.tools.win32_25.6.0.202501151204/tools/bin/../lib/gcc/arm-none-eabi/14.2.1/../../../../arm-none-eabi/lib/thumb/v7e-m+fp/hard\libcr_nohost_nf.a(_cr_assert.o)
                              ./utilities/fsl_debug_console.o (__assertion_failed)
C:/nxp/MCUXpressoIDE_25.6.136/ide/plugins/com.nxp.mcuxpresso.tools.win32_25.6.0.202501151204/tools/bin/../lib/gcc/arm-none-eabi/14.2.1/../../../../arm-none-eabi/lib/thumb/v7e-m+fp/hard\libcr_nohost_nf.a(__ciob.o)
                              C:/nxp/MCUXpressoIDE_25.6.136/ide/plugins/com.nxp.mcuxpresso.tools.win32_25.6.0.202501151204/tools/bin/../lib/gcc/arm-none-eabi/14.2.1/../../../../arm-none-eabi/lib/thumb/v7e-m+fp/hard\libcr_nohost_nf.a(_cr_assert.o) (__Ciob)
C:/nxp/MCUXpressoIDE_25.6.136/ide/plugins/com.nxp.mcuxpresso.tools.win32_25.6.0.202501151204/tools/bin/../lib/gcc/arm-none-eabi/14.2.1/../../../../arm-none-eabi/lib/thumb/v7e-m+fp/hard\libcr_nohost_nf.a(__sys_appexit.o)
                              C:/nxp/MCUXpressoIDE_25.6.136/ide/plugins/com.nxp.mcuxpresso.tools.win32_25.6.0.202501151204/tools/bin/../lib/gcc/arm-none-eabi/14.2.1/../../../../arm-none-eabi/lib/thumb/v7e-m+fp/hard\libcr_nohost_nf.a(_cr_assert.o) (__sys_appexit)
C:/nxp/MCUXpressoIDE_25.6.136/ide/plugins/com.nxp.mcuxpresso.tools.win32_25.6.0.202501151204/tools/bin/../lib/gcc/arm-none-eabi/14.2.1/../../../../arm-none-eabi/lib/thumb/v7e-m+fp/hard\libcr_c.a(asinf.o)
                              ./source/fusion/FusionAhrs.o (asinf)
C:/nxp/MCUXpressoIDE_25.6.136/ide/plugins/com.nxp.mcuxpresso.tools.win32_25.6.0.202501151204/tools/bin/../lib/gcc/arm-none-eabi/14.2.1/../../../../arm-none-eabi/lib/thumb/v7e-m+fp/hard\libcr_c.a(atan2f.o)
                              ./source/fusion/FusionAhrs.o (atan2f)
C:/nxp/MCUXpressoIDE_25.6.136/ide/plugins/com.nxp.mcuxpresso.tools.win32_25.6.0.202501151204/tools/bin/../lib/gcc/arm-none-eabi/14.2.1/../../../../arm-none-eabi/lib/thumb/v7e-m+fp/hard\libcr_c.a(atanf.o)
                              C:/nxp/MCUXpressoIDE_25.6.136/ide/plugins/com.nxp.mcuxpresso.tools.win32_25.6.0.202501151204/tools/bin/../lib/gcc/arm-none-eabi/14.2.1/../../../../arm-none-eabi/lib/thumb/v7e-m+fp/hard\libcr_c.a(atan2f.o) (atanf)
C:/nxp/MCUXpressoIDE_25.6.136/ide/plugins/com.nxp.mcuxpresso.tools.win32_25.6.0.202501151204/tools/bin/../lib/gcc/arm-none-eabi/14.2.1/../../../../arm-none-eabi/lib/thumb/v7e-m+fp/hard\libcr_c.a(cosf.o)
                              ./source/fusion/FusionAhrs.o (cosf)
C:/nxp/MCUXpressoIDE_25.6.136/ide/plugins/com.nxp.mcuxpresso.tools.win32_25.6.0.202501151204/tools/bin/../lib/gcc/arm-none-eabi/14.2.1/../../../../arm-none-eabi/lib/thumb/v7e-m+fp/hard\libcr_c.a(fabsf.o)
                              ./source/fusion/FusionAhrs.o (fabsf)
C:/nxp/MCUXpressoIDE_25.6.136/ide/plugins/com.nxp.mcuxpresso.tools.win32_25.6.0.202501151204/tools/bin/../lib/gcc/arm-none-eabi/14.2.1/../../../../arm-none-eabi/lib/thumb/v7e-m+fp/hard\libcr_c.a(powf.o)
                              ./source/fusion/FusionAhrs.o (powf)
C:/nxp/MCUXpressoIDE_25.6.136/ide/plugins/com.nxp.mcuxpresso.tools.win32_25.6.0.202501151204/tools/bin/../lib/gcc/arm-none-eabi/14.2.1/../../../../arm-none-eabi/lib/thumb/v7e-m+fp/hard\libcr_c.a(sinf.o)
                              ./source/fusion/FusionAhrs.o (sinf)
C:/nxp/MCUXpressoIDE_25.6.136/ide/plugins/com.nxp.mcuxpresso.tools.win32_25.6.0.202501151204/tools/bin/../lib/gcc/arm-none-eabi/14.2.1/../../../../arm-none-eabi/lib/thumb/v7e-m+fp/hard\libcr_c.a(sqrtf_m4_hardfp.o)
                              ./source/fusion/FusionAhrs.o (sqrtf)
C:/nxp/MCUXpressoIDE_25.6.136/ide/plugins/com.nxp.mcuxpresso.tools.win32_25.6.0.202501151204/tools/bin/../lib/gcc/arm-none-eabi/14.2.1/../../../../arm-none-eabi/lib/thumb/v7e-m+fp/hard\libcr_c.a(memcpy.o)
                              ./utilities/fsl_shell.o (memcpy)
C:/nxp/MCUXpressoIDE_25.6.136/ide/plugins/com.nxp.mcuxpresso.tools.win32_25.6.0.202501151204/tools/bin/../lib/gcc/arm-none-eabi/14.2.1/../../../../arm-none-eabi/lib/thumb/v7e-m+fp/hard\libcr_c.a(memmove.o)
                              ./utilities/fsl_shell.o (memmove)
C:/nxp/MCUXpressoIDE_25.6.136/ide/plugins/com.nxp.mcuxpresso.tools.win32_25.6.0.202501151204/tools/bin/../lib/gcc/arm-none-eabi/14.2.1/../../../../arm-none-eabi/lib/thumb/v7e-m+fp/hard\libcr_c.a(memset.o)
                              ./utilities/fsl_debug_console.o (memset)
C:/nxp/MCUXpressoIDE_25.6.136/ide/plugins/com.nxp.mcuxpresso.tools.win32_25.6.0.202501151204/tools/bin/../lib/gcc/arm-none-eabi/14.2.1/../../../../arm-none-eabi/lib/thumb/v7e-m+fp/hard\libcr_c.a(_deferredlazyseek.o)
[...]
Memory Configuration

Name             Origin             Length             Attributes
PROGRAM_FLASH    0x10000000         0x00100000         xr
SRAM_DTC         0x20000000         0x00020000         xrw
SRAM_OC          0x2f000000         0x00010000         xrw
SRAM_ITC         0x00000000         0x00010000         xrw
FLEX_RAM         0x18000000         0x00001000         xrw
*default*        0x00000000         0xffffffff

Linker script and memory map

LOAD ./utilities/fsl_debug_console.o
LOAD ./utilities/fsl_shell.o
LOAD ./utilities/fsl_str.o
LOAD ./startup/startup_mkv56f24.o
LOAD ./source/tasks/task_canopen.o
LOAD ./source/tasks/task_fusion.o
LOAD ./source/tasks/task_imu.o
LOAD ./source/shared/semaphores.o
LOAD ./source/shared/shared_data.o
LOAD ./source/fusion/FusionAhrs.o
LOAD ./source/fusion/FusionCompass.o
LOAD ./source/fusion/FusionOffset.o
LOAD ./source/drivers/flexcan0_drv.o
LOAD ./source/drivers/flexcan1_drv.o
LOAD ./source/drivers/pit_drv.o
LOAD ./source/app_init.o
LOAD ./source/kfx_backpan_fusion.o
LOAD ./source/semihost_hardfault.o
LOAD ./freertos/freertos_kernel/portable/MemMang/heap_4.o
LOAD ./freertos/freertos_kernel/portable/GCC/ARM_CM4F/port.o
LOAD ./freertos/freertos_kernel/croutine.o
LOAD ./freertos/freertos_kernel/event_groups.o
LOAD ./freertos/freertos_kernel/list.o
LOAD ./freertos/freertos_kernel/queue.o
LOAD ./freertos/freertos_kernel/stream_buffer.o
LOAD ./freertos/freertos_kernel/tasks.o
LOAD ./freertos/freertos_kernel/timers.o
LOAD ./drivers/freertos/fsl_i2c_freertos.o
LOAD ./drivers/freertos/fsl_uart_freertos.o
LOAD ./drivers/fsl_clock.o
LOAD ./drivers/fsl_common.o
LOAD ./drivers/fsl_dmamux.o
LOAD ./drivers/fsl_dspi.o
LOAD ./drivers/fsl_dspi_edma.o
LOAD ./drivers/fsl_edma.o
LOAD ./drivers/fsl_flexcan.o
LOAD ./drivers/fsl_ftfx_cache.o
LOAD ./drivers/fsl_ftfx_controller.o
LOAD ./drivers/fsl_ftfx_flash.o
LOAD ./drivers/fsl_ftfx_flexnvm.o
LOAD ./drivers/fsl_ftm.o
LOAD ./drivers/fsl_gpio.o
LOAD ./drivers/fsl_i2c.o
LOAD ./drivers/fsl_i2c_edma.o
LOAD ./drivers/fsl_pit.o
LOAD ./drivers/fsl_smc.o
LOAD ./drivers/fsl_uart.o
LOAD ./drivers/fsl_uart_edma.o
LOAD ./device/system_MKV56F24.o
LOAD ./component/uart/uart_adapter.o
LOAD ./component/timer_manager/timer_manager.o
LOAD ./component/timer/ftm_adapter.o
LOAD ./component/serial_manager/serial_manager.o
LOAD ./component/serial_manager/serial_port_uart.o
LOAD ./component/osa/fsl_os_abstraction_free_rtos.o
LOAD ./component/mem_manager/mem_manager.o
LOAD ./component/lists/generic_list.o
LOAD ./component/led/led.o
LOAD ./component/gpio/gpio_adapter.o
LOAD ./component/common_task/common_task.o
LOAD ./component/button/button.o
LOAD ./board/board.o
LOAD ./board/clock_config.o
LOAD ./board/peripherals.o
LOAD ./board/pin_mux.o
START GROUP
LOAD C:/nxp/MCUXpressoIDE_25.6.136/ide/plugins/com.nxp.mcuxpresso.tools.win32_25.6.0.202501151204/tools/bin/../lib/gcc/arm-none-eabi/14.2.1/../../../../arm-none-eabi/lib/thumb/v7e-m+fp/hard\libcr_nohost_nf.a
LOAD C:/nxp/MCUXpressoIDE_25.6.136/ide/plugins/com.nxp.mcuxpresso.tools.win32_25.6.0.202501151204/tools/bin/../lib/gcc/arm-none-eabi/14.2.1/../../../../arm-none-eabi/lib/thumb/v7e-m+fp/hard\libcr_c.a
LOAD C:/nxp/MCUXpressoIDE_25.6.136/ide/plugins/com.nxp.mcuxpresso.tools.win32_25.6.0.202501151204/tools/bin/../lib/gcc/arm-none-eabi/14.2.1/thumb/v7e-m+fp/hard\libcr_eabihelpers.a
LOAD C:/nxp/MCUXpressoIDE_25.6.136/ide/plugins/com.nxp.mcuxpresso.tools.win32_25.6.0.202501151204/tools/bin/../lib/gcc/arm-none-eabi/14.2.1/thumb/v7e-m+fp/hard\libgcc.a
END GROUP
                0x10000000                        __base_PROGRAM_FLASH = 0x10000000
                0x10000000                        __base_Flash = 0x10000000
                0x10100000                        __top_PROGRAM_FLASH = 0x10100000
                0x10100000                        __top_Flash = 0x10100000
                0x20000000                        __base_SRAM_DTC = 0x20000000
                0x20000000                        __base_RAM = 0x20000000
                0x20020000                        __top_SRAM_DTC = 0x20020000
                0x20020000                        __top_RAM = 0x20020000
                0x2f000000                        __base_SRAM_OC = 0x2f000000
                0x2f000000                        __base_RAM2 = 0x2f000000
                0x2f010000                        __top_SRAM_OC = 0x2f010000
                0x2f010000                        __top_RAM2 = 0x2f010000
                0x00000000                        __base_SRAM_ITC = 0x0
                0x00000000                        __base_RAM3 = 0x0
                0x00010000                        __top_SRAM_ITC = 0x10000
                0x00010000                        __top_RAM3 = 0x10000
                0x18000000                        __base_FLEX_RAM = 0x18000000
                0x18000000                        __base_RAM4 = 0x18000000
                0x18001000                        __top_FLEX_RAM = 0x18001000
                0x18001000                        __top_RAM4 = 0x18001000

.text           0x10000000     0xccc0
 FILL mask 0xff
                0x10000000                        __vectors_start__ = ABSOLUTE (.)
 *(SORT_BY_ALIGNMENT(.isr_vector))
 .isr_vector    0x10000000      0x20c ./startup/startup_mkv56f24.o
                0x10000000                g_pfnVectors
                0x10000000                __Vectors
                0x1000020c                        . = ALIGN (0x4)
                0x1000020c                        __section_table_start = .
                0x1000020c                        __data_section_table = .
                0x1000020c        0x4 LONG 0x1000ccc0 LOADADDR (.data)
                0x10000210        0x4 LONG 0x20000000 ADDR (.data)
                0x10000214        0x4 LONG 0x60 SIZEOF (.data)
                0x10000218        0x4 LONG 0x1000ccc0 LOADADDR (.data_RAM2)
                0x1000021c        0x4 LONG 0x2f000000 ADDR (.data_RAM2)
                0x10000220        0x4 LONG 0x0 SIZEOF (.data_RAM2)
                0x10000224        0x4 LONG 0x1000ccc0 LOADADDR (.data_RAM3)
                0x10000228        0x4 LONG 0x0 ADDR (.data_RAM3)
                0x1000022c        0x4 LONG 0x0 SIZEOF (.data_RAM3)
                0x10000230        0x4 LONG 0x1000ccc0 LOADADDR (.data_RAM4)
                0x10000234        0x4 LONG 0x18000000 ADDR (.data_RAM4)
                0x10000238        0x4 LONG 0x0 SIZEOF (.data_RAM4)
                0x1000023c                        __data_section_table_end = .
                0x1000023c                        __bss_section_table = .
                0x1000023c        0x4 LONG 0x20000060 ADDR (.bss)
                0x10000240        0x4 LONG 0x2d80 SIZEOF (.bss)
                0x10000244        0x4 LONG 0x2f000000 ADDR (.bss_RAM2)
                0x10000248        0x4 LONG 0x0 SIZEOF (.bss_RAM2)
                0x1000024c        0x4 LONG 0x0 ADDR (.bss_RAM3)
                0x10000250        0x4 LONG 0x0 SIZEOF (.bss_RAM3)
                0x10000254        0x4 LONG 0x18000000 ADDR (.bss_RAM4)
                0x10000258        0x4 LONG 0x0 SIZEOF (.bss_RAM4)
                0x1000025c                        __bss_section_table_end = .
                0x1000025c                        __section_table_end = .
 *(SORT_BY_ALIGNMENT(.after_vectors*))
 .after_vectors.reset
                0x1000025c       0x4c ./startup/startup_mkv56f24.o
                0x1000025c                ResetISR
 .after_vectors.init_data
                0x100002a8       0x1e ./startup/startup_mkv56f24.o
                0x100002a8                data_init
 .after_vectors.init_bss
                0x100002c6       0x12 ./startup/startup_mkv56f24.o
                0x100002c6                bss_init
 .after_vectors
                0x100002d8       0x14 ./startup/startup_mkv56f24.o
                0x100002d8                NMI_Handler
                0x100002dc                MemManage_Handler
                0x100002de                BusFault_Handler
                0x100002e0                UsageFault_Handler
                0x100002e4                DebugMon_Handler
                0x100002ea                PORTB_DriverIRQHandler
                0x100002ea                LPTMR0_DriverIRQHandler
                0x100002ea                DMA_Error_DriverIRQHandler
                0x100002ea                Reserved119_DriverIRQHandler
                0x100002ea                PWM1_RELOAD0_DriverIRQHandler
                0x100002ea                HSADC1_CCB_DriverIRQHandler
                0x100002ea                PWM1_CAP_DriverIRQHandler
                0x100002ea                HSADC0_CCA_DriverIRQHandler
                0x100002ea                Reserved117_DriverIRQHandler
                0x100002ea                TRNG0_DriverIRQHandler
                0x100002ea                FTM2_DriverIRQHandler
                0x100002ea                PIT2_DriverIRQHandler
                0x100002ea                PWM0_RELOAD3_DriverIRQHandler
                0x100002ea                CMP3_DriverIRQHandler
                0x100002ea                LLWU_DriverIRQHandler
                0x100002ea                MCM_DriverIRQHandler
                0x100002ea                PWM0_RERR_DriverIRQHandler
                0x100002ea                MCG_DriverIRQHandler
                0x100002ea                FTM1_DriverIRQHandler
                0x100002ea                PDB1_DriverIRQHandler
                0x100002ea                PWM1_CMP0_DriverIRQHandler
                0x100002ea                CMP1_DriverIRQHandler
                0x100002ea                PWM0_CAP_DriverIRQHandler
                0x100002ea                PMC_DriverIRQHandler
                0x100002ea                PWM0_CMP0_DriverIRQHandler
                0x100002ea                IntDefaultHandler
                0x100002ea                UART5_ERR_DriverIRQHandler
                0x100002ea                PORTC_DriverIRQHandler
                0x100002ea                DAC0_DriverIRQHandler
                0x100002ea                CMP2_DriverIRQHandler
                0x100002ea                UART2_ERR_DriverIRQHandler
                0x100002ea                PWM1_RERR_DriverIRQHandler
                0x100002ea                PWM0_FAULT_DriverIRQHandler
                0x100002ea                PWM0_RELOAD1_DriverIRQHandler
                0x100002ea                PIT0_DriverIRQHandler
                0x100002ea                PWM0_RELOAD0_DriverIRQHandler
                0x100002ea                UART3_ERR_DriverIRQHandler
                0x100002ea                ENC_COMPARE_DriverIRQHandler
                0x100002ea                UART0_ERR_DriverIRQHandler
                0x100002ea                PWM0_CMP1_DriverIRQHandler
                0x100002ea                PWM1_CMP3_DriverIRQHandler
                0x100002ea                PORTA_DriverIRQHandler
                0x100002ea                PIT3_DriverIRQHandler
                0x100002ea                PIT1_DriverIRQHandler
                0x100002ea                WDOG_EWM_DriverIRQHandler
                0x100002ea                PDB0_DriverIRQHandler
                0x100002ea                PWM1_RELOAD1_DriverIRQHandler
                0x100002ea                Read_Collision_DriverIRQHandler
                0x100002ea                SWI_DriverIRQHandler
                0x100002ea                PWM1_RELOAD2_DriverIRQHandler
                0x100002ea                UART4_ERR_DriverIRQHandler
                0x100002ea                FTM0_DriverIRQHandler
                0x100002ea                PWM0_RELOAD2_DriverIRQHandler
                0x100002ea                PWM1_FAULT_DriverIRQHandler
                0x100002ea                XBARA_DriverIRQHandler
                0x100002ea                PWM1_CMP2_DriverIRQHandler
                0x100002ea                Reserved118_DriverIRQHandler
                0x100002ea                PWM0_CMP2_DriverIRQHandler
                0x100002ea                ENC_HOME_DriverIRQHandler
                0x100002ea                Reserved88_DriverIRQHandler
                0x100002ea                ADC0_DriverIRQHandler
                0x100002ea                HSADC_ERR_DriverIRQHandler
                0x100002ea                PWM1_CMP1_DriverIRQHandler
                0x100002ea                CMP0_DriverIRQHandler
                0x100002ea                Reserved116_DriverIRQHandler
                0x100002ea                ENC_WDOG_SAB_DriverIRQHandler
                0x100002ea                HSADC0_CCB_DriverIRQHandler
                0x100002ea                FTM3_DriverIRQHandler
                0x100002ea                PWM1_RELOAD3_DriverIRQHandler
                0x100002ea                HSADC1_CCA_DriverIRQHandler
                0x100002ea                UART1_ERR_DriverIRQHandler
                0x100002ea                PORTD_DriverIRQHandler
                0x100002ea                Reserved46_DriverIRQHandler
                0x100002ea                PORTE_DriverIRQHandler
                0x100002ea                FTFE_DriverIRQHandler
                0x100002ea                PWM0_CMP3_DriverIRQHandler
                0x100002ea                ENC_INDEX_DriverIRQHandler
                0x00000400                        . = 0x400
 *fill*         0x100002ec      0x114 ff
                0x10000400                        PROVIDE (__FLASH_CONFIG_START__ = .)
 *(SORT_BY_ALIGNMENT(.FlashConfig))
 .FlashConfig   0x10000400       0x10 ./startup/startup_mkv56f24.o
                0x10000400                Flash_Config
                0x10000410                        PROVIDE (__FLASH_CONFIG_END__ = .)
                0x00000001                        ASSERT (! ((__FLASH_CONFIG_START__ == __FLASH_CONFIG_END__)), Linker Flash Config Support Enabled, but no .FlashConfig section provided within application)
 *(SORT_BY_ALIGNMENT(.text*))
 .text.SVC_Handler
                0x10000410       0x28 ./freertos/freertos_kernel/portable/GCC/ARM_CM4F/port.o
                0x10000410                SVC_Handler
 *fill*         0x10000438        0x8 ff
 .text.PendSV_Handler
                0x10000440       0x68 ./freertos/freertos_kernel/portable/GCC/ARM_CM4F/port.o
                0x10000440                PendSV_Handler
 .text.powf     0x100004a8      0x2d4 C:/nxp/MCUXpressoIDE_25.6.136/ide/plugins/com.nxp.mcuxpresso.tools.win32_25.6.0.202501151204/tools/bin/../lib/gcc/arm-none-eabi/14.2.1/../../../../arm-none-eabi/lib/thumb/v7e-m+fp/hard\libcr_c.a(powf.o)
                0x100004a8                powf
 *fill*         0x1000077c        0x4 ff
 .text._sincosf
                0x10000780      0x138 C:/nxp/MCUXpressoIDE_25.6.136/ide/plugins/com.nxp.mcuxpresso.tools.win32_25.6.0.202501151204/tools/bin/../lib/gcc/arm-none-eabi/14.2.1/../../../../arm-none-eabi/lib/thumb/v7e-m+fp/hard\libcr_c.a(_sincosf.o)
                0x10000780                _sincosf
 .text.DbgConsole_SendDataReliable
                0x100008b8       0x64 ./utilities/fsl_debug_console.o
                0x100008b8                DbgConsole_SendDataReliable
 .text.DbgConsole_Init
                0x1000091c       0xf4 ./utilities/fsl_debug_console.o
                0x1000091c                DbgConsole_Init
 .text.DbgConsole_Printf
                0x10000a10       0x70 ./utilities/fsl_debug_console.o
                0x10000a10                DbgConsole_Printf
 .text.TaskCANopen_Init
                0x10000a80       0x2c ./source/tasks/task_canopen.o
                0x10000a80                TaskCANopen_Init
 .text.TaskFusion_Init
                0x10000aac       0x4c ./source/tasks/task_fusion.o
                0x10000aac                TaskFusion_Init
 .text.TaskFusion
                0x10000af8      0x360 ./source/tasks/task_fusion.o
                0x10000af8                TaskFusion
 .text.TaskIMU_Init
                0x10000e58       0x2c ./source/tasks/task_imu.o
                0x10000e58                TaskIMU_Init
 .text.TaskIMU  0x10000e84      0x130 ./source/tasks/task_imu.o
                0x10000e84                TaskIMU
 .text.Decode_RateOfTurnHR
                0x10000fb4       0x8c ./source/tasks/task_imu.o
                0x10000fb4                Decode_RateOfTurnHR
 .text.Decode_AccelerationHR
                0x10001040       0x8c ./source/tasks/task_imu.o
                0x10001040                Decode_AccelerationHR
 .text.Decode_MagneticField
                0x100010cc       0x8c ./source/tasks/task_imu.o
                0x100010cc                Decode_MagneticField
 .text.Semaphores_Init
                0x10001158       0x54 ./source/shared/semaphores.o
                0x10001158                Semaphores_Init
 .text.FusionDegreesToRadians
                0x100011ac       0x28 ./source/fusion/FusionAhrs.o
 .text.FusionFastInverseSqrt
                0x100011d4       0x60 ./source/fusion/FusionAhrs.o
 .text.FusionAhrsInitialise
                0x10001234       0x3c ./source/fusion/FusionAhrs.o
                0x10001234                FusionAhrsInitialise
 .text.FusionAhrsReset
                0x10001270       0xc8 ./source/fusion/FusionAhrs.o
                0x10001270                FusionAhrsReset
 .text.FusionAhrsSetSettings
                0x10001338      0x170 ./source/fusion/FusionAhrs.o
                0x10001338                FusionAhrsSetSettings
 .text.FusionAhrsUpdateNoMagnetometer
                0x100014a8       0xb4 ./source/fusion/FusionAhrs.o
                0x100014a8                FusionAhrsUpdateNoMagnetometer
 .text.FusionOffsetInitialise
                0x1000155c       0x64 ./source/fusion/FusionOffset.o
                0x1000155c                FusionOffsetInitialise
 .text.CAN0_ORed_Message_buffer_IRQHandler
                0x100015c0       0xf8 ./source/drivers/flexcan0_drv.o
                0x100015c0                CAN0_ORed_Message_buffer_IRQHandler
 .text.PIT0_IRQHandler
                0x100016b8       0x5c ./source/drivers/pit_drv.o
                0x100016b8                PIT0_IRQHandler
 .text.main     0x10001714       0x44 ./source/kfx_backpan_fusion.o
                0x10001714                main
 .text.pvPortMalloc
                0x10001758      0x19c ./freertos/freertos_kernel/portable/MemMang/heap_4.o
                0x10001758                pvPortMalloc
 .text.vPortFree
                0x100018f4       0xc8 ./freertos/freertos_kernel/portable/MemMang/heap_4.o
                0x100018f4                vPortFree
 .text.prvHeapInit
                0x100019bc       0xc4 ./freertos/freertos_kernel/portable/MemMang/heap_4.o
 .text.prvInsertBlockIntoFreeList
                0x10001a80       0xb4 ./freertos/freertos_kernel/portable/MemMang/heap_4.o
 .text.pxPortInitialiseStack
                0x10001b34       0x68 ./freertos/freertos_kernel/portable/GCC/ARM_CM4F/port.o
                0x10001b34                pxPortInitialiseStack
 .text.prvTaskExitError
                0x10001b9c       0x5c ./freertos/freertos_kernel/portable/GCC/ARM_CM4F/port.o
 .text.prvPortStartFirstTask
                0x10001bf8       0x28 ./freertos/freertos_kernel/portable/GCC/ARM_CM4F/port.o
 .text.xPortStartScheduler
                0x10001c20      0x148 ./freertos/freertos_kernel/portable/GCC/ARM_CM4F/port.o
                0x10001c20                xPortStartScheduler
 .text.vPortEnterCritical
                0x10001d68       0x64 ./freertos/freertos_kernel/portable/GCC/ARM_CM4F/port.o
                0x10001d68                vPortEnterCritical
 .text.vPortExitCritical
                0x10001dcc       0x54 ./freertos/freertos_kernel/portable/GCC/ARM_CM4F/port.o
                0x10001dcc                vPortExitCritical
 .text.SysTick_Handler
                0x10001e20       0x44 ./freertos/freertos_kernel/portable/GCC/ARM_CM4F/port.o
                0x10001e20                SysTick_Handler
 .text.vPortSetupTimerInterrupt
                0x10001e64       0x48 ./freertos/freertos_kernel/portable/GCC/ARM_CM4F/port.o
                0x10001e64                vPortSetupTimerInterrupt
 .text.vPortEnableVFP
                0x10001eac       0x14 ./freertos/freertos_kernel/portable/GCC/ARM_CM4F/port.o
 .text.vPortValidateInterruptPriority
                0x10001ec0       0x84 ./freertos/freertos_kernel/portable/GCC/ARM_CM4F/port.o
                0x10001ec0                vPortValidateInterruptPriority
 .text.xEventGroupSetBitsFromISR
                0x10001f44       0x28 ./freertos/freertos_kernel/event_groups.o
                0x10001f44                xEventGroupSetBitsFromISR
 .text.xQueueGenericReset
                0x10001f6c       0xd4 ./freertos/freertos_kernel/queue.o
                0x10001f6c                xQueueGenericReset
 .text.xQueueGenericSend
                0x10002040      0x204 ./freertos/freertos_kernel/queue.o
                0x10002040                xQueueGenericSend
 .text.xQueueReceive
                0x10002244      0x1c4 ./freertos/freertos_kernel/queue.o
                0x10002244                xQueueReceive
 .text.xQueueSemaphoreTake
                0x10002408      0x224 ./freertos/freertos_kernel/queue.o
                0x10002408                xQueueSemaphoreTake
 .text.vQueueAddToRegistry
                0x1000262c       0x54 ./freertos/freertos_kernel/queue.o
                0x1000262c                vQueueAddToRegistry
 .text.vQueueUnregisterQueue
                0x10002680       0x54 ./freertos/freertos_kernel/queue.o
                0x10002680                vQueueUnregisterQueue
 .text.prvAddNewTaskToReadyList
                0x100026d4       0xdc ./freertos/freertos_kernel/tasks.o
 .text.vTaskStartScheduler
                0x100027b0       0x9c ./freertos/freertos_kernel/tasks.o
                0x100027b0                vTaskStartScheduler
 .text.vTaskSuspendAll
                0x1000284c       0x1c ./freertos/freertos_kernel/tasks.o
                0x1000284c                vTaskSuspendAll
 .text.xTaskResumeAll
                0x10002868      0x13c ./freertos/freertos_kernel/tasks.o
                0x10002868                xTaskResumeAll
 .text.xTaskGetTickCount
                0x100029a4       0x20 ./freertos/freertos_kernel/tasks.o
                0x100029a4                xTaskGetTickCount
 .text.xTaskIncrementTick
                0x100029c4      0x158 ./freertos/freertos_kernel/tasks.o
                0x100029c4                xTaskIncrementTick
 .text.vTaskSwitchContext
                0x10002b1c       0xb8 ./freertos/freertos_kernel/tasks.o
                0x10002b1c                vTaskSwitchContext
 .text.vTaskPlaceOnEventList
                0x10002bd4       0x4c ./freertos/freertos_kernel/tasks.o
                0x10002bd4                vTaskPlaceOnEventList
 .text.vTaskPlaceOnEventListRestricted
                0x10002c20       0x58 ./freertos/freertos_kernel/tasks.o
                0x10002c20                vTaskPlaceOnEventListRestricted
 .text.xTaskRemoveFromEventList
                0x10002c78       0xc8 ./freertos/freertos_kernel/tasks.o
                0x10002c78                xTaskRemoveFromEventList
 .text.vTaskRemoveFromUnorderedEventList
                0x10002d40       0xc8 ./freertos/freertos_kernel/tasks.o
                0x10002d40                vTaskRemoveFromUnorderedEventList
 .text.vTaskInternalSetTimeOutState
                0x10002e08       0x2c ./freertos/freertos_kernel/tasks.o
                0x10002e08                vTaskInternalSetTimeOutState
 .text.xTaskCheckForTimeOut
                0x10002e34       0xc8 ./freertos/freertos_kernel/tasks.o
                0x10002e34                xTaskCheckForTimeOut
 .text.vTaskMissedYield
                0x10002efc       0x18 ./freertos/freertos_kernel/tasks.o
                0x10002efc                vTaskMissedYield
 .text.prvIdleTask
                0x10002f14       0x30 ./freertos/freertos_kernel/tasks.o
 .text.prvInitialiseTaskLists
                0x10002f44       0x80 ./freertos/freertos_kernel/tasks.o
 .text.prvCheckTasksWaitingTermination
                0x10002fc4       0x5c ./freertos/freertos_kernel/tasks.o
 .text.prvResetNextTaskUnblockTime
                0x10003020       0x40 ./freertos/freertos_kernel/tasks.o
 .text.xTaskGetSchedulerState
                0x10003060       0x3c ./freertos/freertos_kernel/tasks.o
                0x10003060                xTaskGetSchedulerState
 .text.xTaskPriorityInherit
                0x1000309c       0xec ./freertos/freertos_kernel/tasks.o
                0x1000309c                xTaskPriorityInherit
 .text.xTaskPriorityDisinherit
                0x10003188      0x110 ./freertos/freertos_kernel/tasks.o
                0x10003188                xTaskPriorityDisinherit
 .text.vTaskPriorityDisinheritAfterTimeout
                0x10003298      0x120 ./freertos/freertos_kernel/tasks.o
                0x10003298                vTaskPriorityDisinheritAfterTimeout
 .text.pvTaskIncrementMutexHeldCount
                0x100033b8       0x28 ./freertos/freertos_kernel/tasks.o
                0x100033b8                pvTaskIncrementMutexHeldCount
 .text.ulTaskNotifyTake
                0x100033e0       0x90 ./freertos/freertos_kernel/tasks.o
                0x100033e0                ulTaskNotifyTake
 .text.vTaskNotifyGiveFromISR
                0x10003470      0x128 ./freertos/freertos_kernel/tasks.o
                0x10003470                vTaskNotifyGiveFromISR
 .text.prvAddCurrentTaskToDelayedList
                0x10003598       0xcc ./freertos/freertos_kernel/tasks.o
 .text.xTimerCreateTimerTask
                0x10003664       0x64 ./freertos/freertos_kernel/timers.o
                0x10003664                xTimerCreateTimerTask
 .text.xTimerGenericCommand
                0x100036c8       0x9c ./freertos/freertos_kernel/timers.o
                0x100036c8                xTimerGenericCommand
 .text.prvProcessExpiredTimer
                0x10003764       0x9c ./freertos/freertos_kernel/timers.o
 .text.prvProcessTimerOrBlockTask
                0x10003800       0x9c ./freertos/freertos_kernel/timers.o
 .text.prvGetNextExpireTime
                0x1000389c       0x48 ./freertos/freertos_kernel/timers.o
 .text.prvSampleTimeNow
                0x100038e4       0x40 ./freertos/freertos_kernel/timers.o
 .text.prvInsertTimerInActiveList
                0x10003924       0x84 ./freertos/freertos_kernel/timers.o
 .text.prvProcessReceivedCommands
                0x100039a8      0x1cc ./freertos/freertos_kernel/timers.o
 .text.prvSwitchTimerLists
                0x10003b74       0xcc ./freertos/freertos_kernel/timers.o
 .text.prvCheckForValidListAndQueue
                0x10003c40       0x6c ./freertos/freertos_kernel/timers.o
 .text.xTimerPendFunctionCallFromISR
                0x10003cac       0x40 ./freertos/freertos_kernel/timers.o
                0x10003cac                xTimerPendFunctionCallFromISR
 .text.UART_RTOS_Callback
                0x10003cec       0xc0 ./drivers/freertos/fsl_uart_freertos.o
 .text.UART_RTOS_Init
                0x10003dac      0x16c ./drivers/freertos/fsl_uart_freertos.o
                0x10003dac                UART_RTOS_Init
 .text.CLOCK_SetEr32kClock
                0x10003f18       0x30 ./drivers/fsl_clock.o
 .text.CLOCK_SetPllFllSelClock
                0x10003f48       0x38 ./drivers/fsl_clock.o
 .text.CLOCK_GetMcgExtClkFreq
                0x10003f80       0x24 ./drivers/fsl_clock.o
 .text.CLOCK_GetFllExtRefClkFreq
                0x10003fa4       0x98 ./drivers/fsl_clock.o
 .text.CLOCK_GetInternalRefClkSelectFreq
                0x1000403c       0x4c ./drivers/fsl_clock.o
 .text.CLOCK_GetFllRefClkFreq
                0x10004088       0x34 ./drivers/fsl_clock.o
 .text.CLOCK_GetOscRangeFromFreq
                0x100040bc       0x3c ./drivers/fsl_clock.o
 .text.CLOCK_GetOsc0ErClkUndivFreq
                0x100040f8       0x44 ./drivers/fsl_clock.o
                0x100040f8                CLOCK_GetOsc0ErClkUndivFreq
 .text.CLOCK_GetOsc0ErClkDivFreq
                0x1000413c       0x58 ./drivers/fsl_clock.o
                0x1000413c                CLOCK_GetOsc0ErClkDivFreq
 .text.CLOCK_GetEr32kClkFreq
                0x10004194       0x50 ./drivers/fsl_clock.o
                0x10004194                CLOCK_GetEr32kClkFreq
 .text.CLOCK_GetPllFllSelClkFreq
                0x100041e4       0x44 ./drivers/fsl_clock.o
                0x100041e4                CLOCK_GetPllFllSelClkFreq
 .text.CLOCK_GetFreq
                0x10004228      0x13c ./drivers/fsl_clock.o
                0x10004228                CLOCK_GetFreq
 .text.CLOCK_SetSimConfig
                0x10004364       0x34 ./drivers/fsl_clock.o
                0x10004364                CLOCK_SetSimConfig
 .text.CLOCK_GetOutClkFreq
                0x10004398       0x64 ./drivers/fsl_clock.o
                0x10004398                CLOCK_GetOutClkFreq
 .text.CLOCK_GetFllFreq
                0x100043fc       0x84 ./drivers/fsl_clock.o
                0x100043fc                CLOCK_GetFllFreq
 .text.CLOCK_GetInternalRefClkFreq
                0x10004480       0x30 ./drivers/fsl_clock.o
                0x10004480                CLOCK_GetInternalRefClkFreq
 .text.CLOCK_GetPll0Freq
                0x100044b0       0x7c ./drivers/fsl_clock.o
                0x100044b0                CLOCK_GetPll0Freq
 .text.CLOCK_EnablePll0
                0x1000452c       0x88 ./drivers/fsl_clock.o
                0x1000452c                CLOCK_EnablePll0
 .text.CLOCK_InitOsc0
                0x100045b4       0x8c ./drivers/fsl_clock.o
                0x100045b4                CLOCK_InitOsc0
 .text.CLOCK_SetPbeMode
                0x10004640       0xa8 ./drivers/fsl_clock.o
                0x10004640                CLOCK_SetPbeMode
 .text.CLOCK_BootToPeeMode
                0x100046e8       0x60 ./drivers/fsl_clock.o
                0x100046e8                CLOCK_BootToPeeMode
 .text.DSPI_CommonIRQHandler
                0x10004748       0x44 ./drivers/fsl_dspi.o
 .text.SPI0_DriverIRQHandler
                0x1000478c       0x30 ./drivers/fsl_dspi.o
                0x1000478c                SPI0_DriverIRQHandler
 .text.SPI1_DriverIRQHandler
                0x100047bc       0x30 ./drivers/fsl_dspi.o
                0x100047bc                SPI1_DriverIRQHandler
 .text.SPI2_DriverIRQHandler
                0x100047ec       0x30 ./drivers/fsl_dspi.o
                0x100047ec                SPI2_DriverIRQHandler
 .text.EDMA_GetChannelStatusFlags
                0x1000481c       0x74 ./drivers/fsl_edma.o
                0x1000481c                EDMA_GetChannelStatusFlags
 .text.EDMA_HandleIRQ
                0x10004890      0x160 ./drivers/fsl_edma.o
                0x10004890                EDMA_HandleIRQ
 .text.DMA0_DMA16_DriverIRQHandler
                0x100049f0       0x50 ./drivers/fsl_edma.o
                0x100049f0                DMA0_DMA16_DriverIRQHandler
 .text.DMA1_DMA17_DriverIRQHandler
                0x10004a40       0x50 ./drivers/fsl_edma.o
                0x10004a40                DMA1_DMA17_DriverIRQHandler
 .text.DMA2_DMA18_DriverIRQHandler
                0x10004a90       0x50 ./drivers/fsl_edma.o
                0x10004a90                DMA2_DMA18_DriverIRQHandler
 .text.DMA3_DMA19_DriverIRQHandler
                0x10004ae0       0x50 ./drivers/fsl_edma.o
                0x10004ae0                DMA3_DMA19_DriverIRQHandler
 .text.DMA4_DMA20_DriverIRQHandler
                0x10004b30       0x50 ./drivers/fsl_edma.o
                0x10004b30                DMA4_DMA20_DriverIRQHandler
 .text.DMA5_DMA21_DriverIRQHandler
                0x10004b80       0x50 ./drivers/fsl_edma.o
                0x10004b80                DMA5_DMA21_DriverIRQHandler
 .text.DMA6_DMA22_DriverIRQHandler
                0x10004bd0       0x50 ./drivers/fsl_edma.o
                0x10004bd0                DMA6_DMA22_DriverIRQHandler
 .text.DMA7_DMA23_DriverIRQHandler
                0x10004c20       0x50 ./drivers/fsl_edma.o
                0x10004c20                DMA7_DMA23_DriverIRQHandler
 .text.DMA8_DMA24_DriverIRQHandler
                0x10004c70       0x50 ./drivers/fsl_edma.o
                0x10004c70                DMA8_DMA24_DriverIRQHandler
 .text.DMA9_DMA25_DriverIRQHandler
                0x10004cc0       0x50 ./drivers/fsl_edma.o
                0x10004cc0                DMA9_DMA25_DriverIRQHandler
 .text.DMA10_DMA26_DriverIRQHandler
                0x10004d10       0x50 ./drivers/fsl_edma.o
                0x10004d10                DMA10_DMA26_DriverIRQHandler
 .text.DMA11_DMA27_DriverIRQHandler
                0x10004d60       0x50 ./drivers/fsl_edma.o
                0x10004d60                DMA11_DMA27_DriverIRQHandler
 .text.DMA12_DMA28_DriverIRQHandler
                0x10004db0       0x50 ./drivers/fsl_edma.o
                0x10004db0                DMA12_DMA28_DriverIRQHandler
 .text.DMA13_DMA29_DriverIRQHandler
                0x10004e00       0x50 ./drivers/fsl_edma.o
                0x10004e00                DMA13_DMA29_DriverIRQHandler
 .text.DMA14_DMA30_DriverIRQHandler
                0x10004e50       0x50 ./drivers/fsl_edma.o
                0x10004e50                DMA14_DMA30_DriverIRQHandler
 .text.DMA15_DMA31_DriverIRQHandler
                0x10004ea0       0x50 ./drivers/fsl_edma.o
                0x10004ea0                DMA15_DMA31_DriverIRQHandler
 .text.CLOCK_EnableClock
                0x10004ef0       0x34 ./drivers/fsl_flexcan.o
 .text.FLEXCAN_GetInstance
                0x10004f24       0x4c ./drivers/fsl_flexcan.o
                0x10004f24                FLEXCAN_GetInstance
 .text.FLEXCAN_Reset
                0x10004f70       0xd8 ./drivers/fsl_flexcan.o
 .text.FLEXCAN_SetBaudRate
                0x10005048       0x98 ./drivers/fsl_flexcan.o
 .text.FLEXCAN_Init
                0x100050e0      0x194 ./drivers/fsl_flexcan.o
                0x100050e0                FLEXCAN_Init
 .text.FLEXCAN_SetTimingConfig
                0x10005274       0x7c ./drivers/fsl_flexcan.o
                0x10005274                FLEXCAN_SetTimingConfig
 .text.FLEXCAN_SetTxMbConfig
                0x100052f0       0xa4 ./drivers/fsl_flexcan.o
                0x100052f0                FLEXCAN_SetTxMbConfig
 .text.FLEXCAN_SetRxMbConfig
                0x10005394       0xf8 ./drivers/fsl_flexcan.o
                0x10005394                FLEXCAN_SetRxMbConfig
 .text.FLEXCAN_ReadRxMb
                0x1000548c      0x124 ./drivers/fsl_flexcan.o
                0x1000548c                FLEXCAN_ReadRxMb
 .text.CAN0_DriverIRQHandler
                0x100055b0       0x3c ./drivers/fsl_flexcan.o
                0x100055b0                CAN0_DriverIRQHandler
 .text.CAN1_DriverIRQHandler
                0x100055ec       0x3c ./drivers/fsl_flexcan.o
                0x100055ec                CAN1_DriverIRQHandler
 .text.GPIO_GetInstance
                0x10005628       0x4c ./drivers/fsl_gpio.o
 .text.GPIO_PortGetInterruptFlags
                0x10005674       0x30 ./drivers/fsl_gpio.o
                0x10005674                GPIO_PortGetInterruptFlags
 .text.GPIO_PortClearInterruptFlags
                0x100056a4       0x34 ./drivers/fsl_gpio.o
                0x100056a4                GPIO_PortClearInterruptFlags
 .text.I2C_TransferCommonIRQHandler
                0x100056d8       0x58 ./drivers/fsl_i2c.o
 .text.I2C0_DriverIRQHandler
                0x10005730       0x1c ./drivers/fsl_i2c.o
                0x10005730                I2C0_DriverIRQHandler
 .text.I2C1_DriverIRQHandler
                0x1000574c       0x1c ./drivers/fsl_i2c.o
                0x1000574c                I2C1_DriverIRQHandler
 .text.CLOCK_EnableClock
                0x10005768       0x34 ./drivers/fsl_pit.o
 .text.PIT_GetInstance
                0x1000579c       0x44 ./drivers/fsl_pit.o
 .text.PIT_Init
                0x100057e0       0x94 ./drivers/fsl_pit.o
                0x100057e0                PIT_Init
 .text.__NVIC_EnableIRQ
                0x10005874       0x3c ./drivers/fsl_uart.o
 .text.CLOCK_EnableClock
                0x100058b0       0x34 ./drivers/fsl_uart.o
 .text.UART_GetInstance
                0x100058e4       0x54 ./drivers/fsl_uart.o
                0x100058e4                UART_GetInstance
 .text.UART_TransferGetRxRingBufferLength
                0x10005938       0x50 ./drivers/fsl_uart.o
                0x10005938                UART_TransferGetRxRingBufferLength
 .text.UART_TransferIsRxRingBufferFull
                0x10005988       0x40 ./drivers/fsl_uart.o
 .text.UART_Init
                0x100059c8      0x2f4 ./drivers/fsl_uart.o
                0x100059c8                UART_Init
 .text.UART_GetDefaultConfig
                0x10005cbc       0x68 ./drivers/fsl_uart.o
                0x10005cbc                UART_GetDefaultConfig
 .text.UART_EnableInterrupts
                0x10005d24       0x70 ./drivers/fsl_uart.o
                0x10005d24                UART_EnableInterrupts
 .text.UART_DisableInterrupts
                0x10005d94       0x90 ./drivers/fsl_uart.o
                0x10005d94                UART_DisableInterrupts
 .text.UART_WriteNonBlocking
                0x10005e24       0x48 ./drivers/fsl_uart.o
 .text.UART_ReadNonBlocking
                0x10005e6c       0x48 ./drivers/fsl_uart.o
 .text.UART_TransferCreateHandle
                0x10005eb4       0x84 ./drivers/fsl_uart.o
                0x10005eb4                UART_TransferCreateHandle
 .text.UART_TransferStartRingBuffer
                0x10005f38       0x74 ./drivers/fsl_uart.o
                0x10005f38                UART_TransferStartRingBuffer
 .text.UART_TransferHandleIRQ
                0x10005fac      0x534 ./drivers/fsl_uart.o
                0x10005fac                UART_TransferHandleIRQ
 .text.UART0_DriverIRQHandler
                0x100064e0       0x28 ./drivers/fsl_uart.o
                0x100064e0                UART0_DriverIRQHandler
 .text.UART1_DriverIRQHandler
                0x10006508       0x28 ./drivers/fsl_uart.o
                0x10006508                UART1_DriverIRQHandler
 .text.UART2_DriverIRQHandler
                0x10006530       0x28 ./drivers/fsl_uart.o
                0x10006530                UART2_DriverIRQHandler
 .text.UART3_DriverIRQHandler
                0x10006558       0x28 ./drivers/fsl_uart.o
                0x10006558                UART3_DriverIRQHandler
 .text.UART4_DriverIRQHandler
                0x10006580       0x28 ./drivers/fsl_uart.o
                0x10006580                UART4_DriverIRQHandler
 .text.UART5_DriverIRQHandler
                0x100065a8       0x28 ./drivers/fsl_uart.o
                0x100065a8                UART5_DriverIRQHandler
 .text.SystemInit
                0x100065d0      0x108 ./device/system_MKV56F24.o
                0x100065d0                SystemInit
 .text.HAL_UartInit
                0x100066d8      0x108 ./component/uart/uart_adapter.o
                0x100066d8                HAL_UartInit
 .text.HAL_UartSendBlocking
                0x100067e0       0x64 ./component/uart/uart_adapter.o
                0x100067e0                HAL_UartSendBlocking
 .text.HAL_TimerInterruptHandle
                0x10006844       0x4c ./component/timer/ftm_adapter.o
 .text.SerialManager_Write
                0x10006890       0x6c ./component/serial_manager/serial_manager.o
 .text.SerialManager_Init
                0x100068fc       0x74 ./component/serial_manager/serial_manager.o
                0x100068fc                SerialManager_Init
 .text.SerialManager_OpenWriteHandle
                0x10006970       0x64 ./component/serial_manager/serial_manager.o
                0x10006970                SerialManager_OpenWriteHandle
 .text.Serial_UartInit
                0x100069d4       0x80 ./component/serial_manager/serial_port_uart.o
                0x100069d4                Serial_UartInit
 .text.Serial_UartWrite
                0x10006a54       0x58 ./component/serial_manager/serial_port_uart.o
                0x10006a54                Serial_UartWrite
 .text.HAL_GpioInterruptHandle
                0x10006aac       0xf4 ./component/gpio/gpio_adapter.o
 .text.CLOCK_SetXtal0Freq
                0x10006ba0       0x20 ./board/clock_config.o
 .text.CLOCK_CONFIG_SetSimSafeDivs
                0x10006bc0       0x24 ./board/clock_config.o
 .text.CLOCK_CONFIG_SetFllExtRefDiv
                0x10006be4       0x3c ./board/clock_config.o
 .text.BOARD_BootClockRUN
                0x10006c20       0x70 ./board/clock_config.o
                0x10006c20                BOARD_BootClockRUN
 .text.__NVIC_EnableIRQ
                0x10006c90       0x3c ./board/peripherals.o
 .text.__NVIC_SetPriority
                0x10006ccc       0x54 ./board/peripherals.o
 .text.CAN0_init
                0x10006d20       0x84 ./board/peripherals.o
 .text.CAN1_init
                0x10006da4       0x38 ./board/peripherals.o
 .text.PIT_init
                0x10006ddc       0x44 ./board/peripherals.o
 .text.UART0_init
                0x10006e20       0x2c ./board/peripherals.o
 .text.UART2_init
                0x10006e4c       0x2c ./board/peripherals.o
 .text.UART4_init
                0x10006e78       0x2c ./board/peripherals.o
 .text.DebugConsole_init
                0x10006ea4       0x1c ./board/peripherals.o
 .text.CLOCK_EnableClock
                0x10006ec0       0x34 ./board/pin_mux.o
 .text.BOARD_InitPins
                0x10006ef4      0x170 ./board/pin_mux.o
                0x10006ef4                BOARD_InitPins
 .text.__assertion_failed
                0x10007064       0x4c C:/nxp/MCUXpressoIDE_25.6.136/ide/plugins/com.nxp.mcuxpresso.tools.win32_25.6.0.202501151204/tools/bin/../lib/gcc/arm-none-eabi/14.2.1/../../../../arm-none-eabi/lib/thumb/v7e-m+fp/hard\libcr_nohost_nf.a(_cr_assert.o)
                0x10007064                __assertion_failed
 .text.atan2f   0x100070b0       0xc0 C:/nxp/MCUXpressoIDE_25.6.136/ide/plugins/com.nxp.mcuxpresso.tools.win32_25.6.0.202501151204/tools/bin/../lib/gcc/arm-none-eabi/14.2.1/../../../../arm-none-eabi/lib/thumb/v7e-m+fp/hard\libcr_c.a(atan2f.o)
                0x100070b0                atan2f
 .text.atanf    0x10007170       0xec C:/nxp/MCUXpressoIDE_25.6.136/ide/plugins/com.nxp.mcuxpresso.tools.win32_25.6.0.202501151204/tools/bin/../lib/gcc/arm-none-eabi/14.2.1/../../../../arm-none-eabi/lib/thumb/v7e-m+fp/hard\libcr_c.a(atanf.o)
                0x10007170                atanf
 .text.cosf     0x1000725c       0x30 C:/nxp/MCUXpressoIDE_25.6.136/ide/plugins/com.nxp.mcuxpresso.tools.win32_25.6.0.202501151204/tools/bin/../lib/gcc/arm-none-eabi/14.2.1/../../../../arm-none-eabi/lib/thumb/v7e-m+fp/hard\libcr_c.a(cosf.o)
                0x1000725c                cosf
 .text._Cwritebuf
                0x1000728c       0x70 C:/nxp/MCUXpressoIDE_25.6.136/ide/plugins/com.nxp.mcuxpresso.tools.win32_25.6.0.202501151204/tools/bin/../lib/gcc/arm-none-eabi/14.2.1/../../../../arm-none-eabi/lib/thumb/v7e-m+fp/hard\libcr_c.a(_writebuf.o)
                0x1000728c                _Cwritebuf
 .text.malloc   0x100072fc       0xc8 C:/nxp/MCUXpressoIDE_25.6.136/ide/plugins/com.nxp.mcuxpresso.tools.win32_25.6.0.202501151204/tools/bin/../lib/gcc/arm-none-eabi/14.2.1/../../../../arm-none-eabi/lib/thumb/v7e-m+fp/hard\libcr_c.a(alloc.o)
                0x100072fc                malloc
 .text._Csys_alloc
                0x100073c4       0x20 C:/nxp/MCUXpressoIDE_25.6.136/ide/plugins/com.nxp.mcuxpresso.tools.win32_25.6.0.202501151204/tools/bin/../lib/gcc/arm-none-eabi/14.2.1/../../../../arm-none-eabi/lib/thumb/v7e-m+fp/hard\libcr_c.a(alloc.o)
                0x100073c4                _Csys_alloc
 .text.fseek    0x100073e4       0xf8 C:/nxp/MCUXpressoIDE_25.6.136/ide/plugins/com.nxp.mcuxpresso.tools.win32_25.6.0.202501151204/tools/bin/../lib/gcc/arm-none-eabi/14.2.1/../../../../arm-none-eabi/lib/thumb/v7e-m+fp/hard\libcr_c.a(fseek.o)
                0x100073e4                fseek
 .text.ftell    0x100074dc       0x44 C:/nxp/MCUXpressoIDE_25.6.136/ide/plugins/com.nxp.mcuxpresso.tools.win32_25.6.0.202501151204/tools/bin/../lib/gcc/arm-none-eabi/14.2.1/../../../../arm-none-eabi/lib/thumb/v7e-m+fp/hard\libcr_c.a(ftell.o)
                0x100074dc                ftell
 .text._initio  0x10007520       0x78 C:/nxp/MCUXpressoIDE_25.6.136/ide/plugins/com.nxp.mcuxpresso.tools.win32_25.6.0.202501151204/tools/bin/../lib/gcc/arm-none-eabi/14.2.1/../../../../arm-none-eabi/lib/thumb/v7e-m+fp/hard\libcr_c.a(initio.o)
                0x10007520                _initio
 .text.frexpf   0x10007598       0x50 C:/nxp/MCUXpressoIDE_25.6.136/ide/plugins/com.nxp.mcuxpresso.tools.win32_25.6.0.202501151204/tools/bin/../lib/gcc/arm-none-eabi/14.2.1/../../../../arm-none-eabi/lib/thumb/v7e-m+fp/hard\libcr_c.a(frexpf.o)
                0x10007598                frexpf
 .text.ldexpf   0x100075e8       0x40 C:/nxp/MCUXpressoIDE_25.6.136/ide/plugins/com.nxp.mcuxpresso.tools.win32_25.6.0.202501151204/tools/bin/../lib/gcc/arm-none-eabi/14.2.1/../../../../arm-none-eabi/lib/thumb/v7e-m+fp/hard\libcr_c.a(ldexpf.o)
                0x100075e8                ldexpf
 .text._sbrk    0x10007628       0x3c C:/nxp/MCUXpressoIDE_25.6.136/ide/plugins/com.nxp.mcuxpresso.tools.win32_25.6.0.202501151204/tools/bin/../lib/gcc/arm-none-eabi/14.2.1/../../../../arm-none-eabi/lib/thumb/v7e-m+fp/hard\libcr_c.a(_cr_sbrk.o)
                0x10007628                _sbrk
 .text.fflush   0x10007664       0x3c C:/nxp/MCUXpressoIDE_25.6.136/ide/plugins/com.nxp.mcuxpresso.tools.win32_25.6.0.202501151204/tools/bin/../lib/gcc/arm-none-eabi/14.2.1/../../../../arm-none-eabi/lib/thumb/v7e-m+fp/hard\libcr_c.a(fflush.o)
                0x10007664                fflush
 .text.__check_heap_overflow
                0x100076a0       0x18 C:/nxp/MCUXpressoIDE_25.6.136/ide/plugins/com.nxp.mcuxpresso.tools.win32_25.6.0.202501151204/tools/bin/../lib/gcc/arm-none-eabi/14.2.1/../../../../arm-none-eabi/lib/thumb/v7e-m+fp/hard\libcr_c.a(_cr_check_heap.o)
                0x100076a0                __check_heap_overflow
 .text.__aeabi_dmul
                0x100076b8       0xfc C:/nxp/MCUXpressoIDE_25.6.136/ide/plugins/com.nxp.mcuxpresso.tools.win32_25.6.0.202501151204/tools/bin/../lib/gcc/arm-none-eabi/14.2.1/thumb/v7e-m+fp/hard\libcr_eabihelpers.a(double.o)
                0x100076b8                __aeabi_dmul
 .text.__aeabi_dsub
                0x100077b4      0x1b4 C:/nxp/MCUXpressoIDE_25.6.136/ide/plugins/com.nxp.mcuxpresso.tools.win32_25.6.0.202501151204/tools/bin/../lib/gcc/arm-none-eabi/14.2.1/thumb/v7e-m+fp/hard\libcr_eabihelpers.a(double.o)
                0x100077b4                __aeabi_dsub
 .text.__aeabi_dadd
                0x10007968      0x124 C:/nxp/MCUXpressoIDE_25.6.136/ide/plugins/com.nxp.mcuxpresso.tools.win32_25.6.0.202501151204/tools/bin/../lib/gcc/arm-none-eabi/14.2.1/thumb/v7e-m+fp/hard\libcr_eabihelpers.a(double.o)
                0x10007968                __aeabi_dadd
 .text.__aeabi_d2f
                0x10007a8c       0x58 C:/nxp/MCUXpressoIDE_25.6.136/ide/plugins/com.nxp.mcuxpresso.tools.win32_25.6.0.202501151204/tools/bin/../lib/gcc/arm-none-eabi/14.2.1/thumb/v7e-m+fp/hard\libcr_eabihelpers.a(double.o)
                0x10007a8c                __aeabi_d2f
 .text.__aeabi_f2d
                0x10007ae4       0x38 C:/nxp/MCUXpressoIDE_25.6.136/ide/plugins/com.nxp.mcuxpresso.tools.win32_25.6.0.202501151204/tools/bin/../lib/gcc/arm-none-eabi/14.2.1/thumb/v7e-m+fp/hard\libcr_eabihelpers.a(float.o)
                0x10007ae4                __aeabi_f2d
 .text.DbgConsole_PrintCallback
                0x10007b1c       0x66 ./utilities/fsl_debug_console.o
 .text.PrintGetWidth
                0x10007b82       0x6a ./utilities/fsl_str.o
 .text.PrintGetPrecision
                0x10007bec       0x8c ./utilities/fsl_str.o
 .text.PrintIsobpu
                0x10007c78       0x38 ./utilities/fsl_str.o
 .text.PrintIsdi
                0x10007cb0       0x2c ./utilities/fsl_str.o
 .text.PrintOutputdifFobpu
                0x10007cdc       0x44 ./utilities/fsl_str.o
 .text.PrintOutputxX
                0x10007d20       0x44 ./utilities/fsl_str.o
 .text.PrintIsfF
                0x10007d64       0x2c ./utilities/fsl_str.o
 .text.PrintIsxX
                0x10007d90       0x2c ./utilities/fsl_str.o
 .text.PrintGetRadixFromobpu
                0x10007dbc       0x40 ./utilities/fsl_str.o
 .text.ConvertRadixNumToString
                0x10007dfc      0x118 ./utilities/fsl_str.o
 .text.StrFormatPrintf
                0x10007f14      0x286 ./utilities/fsl_str.o
                0x10007f14                StrFormatPrintf
 .text.DMA0_DMA16_IRQHandler
                0x1000819a        0x8 ./startup/startup_mkv56f24.o
                0x1000819a                DMA0_DMA16_IRQHandler
 .text.DMA1_DMA17_IRQHandler
                0x100081a2        0x8 ./startup/startup_mkv56f24.o
                0x100081a2                DMA1_DMA17_IRQHandler
 .text.DMA2_DMA18_IRQHandler
                0x100081aa        0x8 ./startup/startup_mkv56f24.o
                0x100081aa                DMA2_DMA18_IRQHandler
 .text.DMA3_DMA19_IRQHandler
                0x100081b2        0x8 ./startup/startup_mkv56f24.o
                0x100081b2                DMA3_DMA19_IRQHandler
 .text.DMA4_DMA20_IRQHandler
                0x100081ba        0x8 ./startup/startup_mkv56f24.o
                0x100081ba                DMA4_DMA20_IRQHandler
 .text.DMA5_DMA21_IRQHandler
                0x100081c2        0x8 ./startup/startup_mkv56f24.o
                0x100081c2                DMA5_DMA21_IRQHandler
 .text.DMA6_DMA22_IRQHandler
                0x100081ca        0x8 ./startup/startup_mkv56f24.o
                0x100081ca                DMA6_DMA22_IRQHandler
 .text.DMA7_DMA23_IRQHandler
                0x100081d2        0x8 ./startup/startup_mkv56f24.o
                0x100081d2                DMA7_DMA23_IRQHandler
 .text.DMA8_DMA24_IRQHandler
                0x100081da        0x8 ./startup/startup_mkv56f24.o
                0x100081da                DMA8_DMA24_IRQHandler
 .text.DMA9_DMA25_IRQHandler
                0x100081e2        0x8 ./startup/startup_mkv56f24.o
                0x100081e2                DMA9_DMA25_IRQHandler
 .text.DMA10_DMA26_IRQHandler
                0x100081ea        0x8 ./startup/startup_mkv56f24.o
                0x100081ea                DMA10_DMA26_IRQHandler
 .text.DMA11_DMA27_IRQHandler
                0x100081f2        0x8 ./startup/startup_mkv56f24.o
                0x100081f2                DMA11_DMA27_IRQHandler
 .text.DMA12_DMA28_IRQHandler
                0x100081fa        0x8 ./startup/startup_mkv56f24.o
                0x100081fa                DMA12_DMA28_IRQHandler
 .text.DMA13_DMA29_IRQHandler
                0x10008202        0x8 ./startup/startup_mkv56f24.o
                0x10008202                DMA13_DMA29_IRQHandler
 .text.DMA14_DMA30_IRQHandler
                0x1000820a        0x8 ./startup/startup_mkv56f24.o
                0x1000820a                DMA14_DMA30_IRQHandler
 .text.DMA15_DMA31_IRQHandler
                0x10008212        0x8 ./startup/startup_mkv56f24.o
                0x10008212                DMA15_DMA31_IRQHandler
 .text.DMA_Error_IRQHandler
                0x1000821a        0x8 ./startup/startup_mkv56f24.o
                0x1000821a                DMA_Error_IRQHandler
 .text.MCM_IRQHandler
                0x10008222        0x8 ./startup/startup_mkv56f24.o
                0x10008222                MCM_IRQHandler
 .text.FTFE_IRQHandler
                0x1000822a        0x8 ./startup/startup_mkv56f24.o
                0x1000822a                FTFE_IRQHandler
 .text.Read_Collision_IRQHandler
                0x10008232        0x8 ./startup/startup_mkv56f24.o
                0x10008232                Read_Collision_IRQHandler
 .text.PMC_IRQHandler
                0x1000823a        0x8 ./startup/startup_mkv56f24.o
                0x1000823a                PMC_IRQHandler
 .text.LLWU_IRQHandler
                0x10008242        0x8 ./startup/startup_mkv56f24.o
                0x10008242                LLWU_IRQHandler
 .text.WDOG_EWM_IRQHandler
                0x1000824a        0x8 ./startup/startup_mkv56f24.o
                0x1000824a                WDOG_EWM_IRQHandler
 .text.TRNG0_IRQHandler
                0x10008252        0x8 ./startup/startup_mkv56f24.o
                0x10008252                TRNG0_IRQHandler
 .text.I2C0_IRQHandler
                0x1000825a        0x8 ./startup/startup_mkv56f24.o
                0x1000825a                I2C0_IRQHandler
 .text.I2C1_IRQHandler
                0x10008262        0x8 ./startup/startup_mkv56f24.o
                0x10008262                I2C1_IRQHandler
 .text.SPI0_IRQHandler
                0x1000826a        0x8 ./startup/startup_mkv56f24.o
                0x1000826a                SPI0_IRQHandler
 .text.SPI1_IRQHandler
                0x10008272        0x8 ./startup/startup_mkv56f24.o
                0x10008272                SPI1_IRQHandler
 .text.UART5_RX_TX_IRQHandler
                0x1000827a        0x8 ./startup/startup_mkv56f24.o
                0x1000827a                UART5_RX_TX_IRQHandler
 .text.UART5_ERR_IRQHandler
                0x10008282        0x8 ./startup/startup_mkv56f24.o
                0x10008282                UART5_ERR_IRQHandler
 .text.Reserved46_IRQHandler
                0x1000828a        0x8 ./startup/startup_mkv56f24.o
                0x1000828a                Reserved46_IRQHandler
 .text.UART0_RX_TX_IRQHandler
                0x10008292        0x8 ./startup/startup_mkv56f24.o
                0x10008292                UART0_RX_TX_IRQHandler
 .text.UART0_ERR_IRQHandler
                0x1000829a        0x8 ./startup/startup_mkv56f24.o
                0x1000829a                UART0_ERR_IRQHandler
 .text.UART1_RX_TX_IRQHandler
                0x100082a2        0x8 ./startup/startup_mkv56f24.o
                0x100082a2                UART1_RX_TX_IRQHandler
 .text.UART1_ERR_IRQHandler
                0x100082aa        0x8 ./startup/startup_mkv56f24.o
                0x100082aa                UART1_ERR_IRQHandler
 .text.UART2_RX_TX_IRQHandler
                0x100082b2        0x8 ./startup/startup_mkv56f24.o
                0x100082b2                UART2_RX_TX_IRQHandler
 .text.UART2_ERR_IRQHandler
                0x100082ba        0x8 ./startup/startup_mkv56f24.o
                0x100082ba                UART2_ERR_IRQHandler
 .text.ADC0_IRQHandler
                0x100082c2        0x8 ./startup/startup_mkv56f24.o
                0x100082c2                ADC0_IRQHandler
 .text.HSADC_ERR_IRQHandler
                0x100082ca        0x8 ./startup/startup_mkv56f24.o
                0x100082ca                HSADC_ERR_IRQHandler
 .text.HSADC0_CCA_IRQHandler
                0x100082d2        0x8 ./startup/startup_mkv56f24.o
                0x100082d2                HSADC0_CCA_IRQHandler
 .text.CMP0_IRQHandler
                0x100082da        0x8 ./startup/startup_mkv56f24.o
                0x100082da                CMP0_IRQHandler
 .text.CMP1_IRQHandler
                0x100082e2        0x8 ./startup/startup_mkv56f24.o
                0x100082e2                CMP1_IRQHandler
 .text.UART3_RX_TX_IRQHandler
                0x100082ea        0x8 ./startup/startup_mkv56f24.o
                0x100082ea                UART3_RX_TX_IRQHandler
 .text.UART3_ERR_IRQHandler
                0x100082f2        0x8 ./startup/startup_mkv56f24.o
                0x100082f2                UART3_ERR_IRQHandler
 .text.UART4_RX_TX_IRQHandler
                0x100082fa        0x8 ./startup/startup_mkv56f24.o
                0x100082fa                UART4_RX_TX_IRQHandler
 .text.UART4_ERR_IRQHandler
                0x10008302        0x8 ./startup/startup_mkv56f24.o
                0x10008302                UART4_ERR_IRQHandler
 .text.PIT1_IRQHandler
                0x1000830a        0x8 ./startup/startup_mkv56f24.o
                0x1000830a                PIT1_IRQHandler
 .text.PIT2_IRQHandler
                0x10008312        0x8 ./startup/startup_mkv56f24.o
                0x10008312                PIT2_IRQHandler
 .text.PIT3_IRQHandler
                0x1000831a        0x8 ./startup/startup_mkv56f24.o
                0x1000831a                PIT3_IRQHandler
 .text.PDB0_IRQHandler
                0x10008322        0x8 ./startup/startup_mkv56f24.o
                0x10008322                PDB0_IRQHandler
 .text.XBARA_IRQHandler
                0x1000832a        0x8 ./startup/startup_mkv56f24.o
                0x1000832a                XBARA_IRQHandler
 .text.PDB1_IRQHandler
                0x10008332        0x8 ./startup/startup_mkv56f24.o
                0x10008332                PDB1_IRQHandler
 .text.DAC0_IRQHandler
                0x1000833a        0x8 ./startup/startup_mkv56f24.o
                0x1000833a                DAC0_IRQHandler
 .text.MCG_IRQHandler
                0x10008342        0x8 ./startup/startup_mkv56f24.o
                0x10008342                MCG_IRQHandler
 .text.LPTMR0_IRQHandler
                0x1000834a        0x8 ./startup/startup_mkv56f24.o
                0x1000834a                LPTMR0_IRQHandler
 .text.SWI_IRQHandler
                0x10008352        0x8 ./startup/startup_mkv56f24.o
                0x10008352                SWI_IRQHandler
 .text.SPI2_IRQHandler
                0x1000835a        0x8 ./startup/startup_mkv56f24.o
                0x1000835a                SPI2_IRQHandler
 .text.ENC_COMPARE_IRQHandler
                0x10008362        0x8 ./startup/startup_mkv56f24.o
                0x10008362                ENC_COMPARE_IRQHandler
 .text.ENC_HOME_IRQHandler
                0x1000836a        0x8 ./startup/startup_mkv56f24.o
                0x1000836a                ENC_HOME_IRQHandler
 .text.ENC_WDOG_SAB_IRQHandler
                0x10008372        0x8 ./startup/startup_mkv56f24.o
                0x10008372                ENC_WDOG_SAB_IRQHandler
 .text.ENC_INDEX_IRQHandler
                0x1000837a        0x8 ./startup/startup_mkv56f24.o
                0x1000837a                ENC_INDEX_IRQHandler
 .text.CMP2_IRQHandler
                0x10008382        0x8 ./startup/startup_mkv56f24.o
                0x10008382                CMP2_IRQHandler
 .text.FTM3_IRQHandler
                0x1000838a        0x8 ./startup/startup_mkv56f24.o
                0x1000838a                FTM3_IRQHandler
 .text.Reserved88_IRQHandler
                0x10008392        0x8 ./startup/startup_mkv56f24.o
                0x10008392                Reserved88_IRQHandler
 .text.HSADC0_CCB_IRQHandler
                0x1000839a        0x8 ./startup/startup_mkv56f24.o
                0x1000839a                HSADC0_CCB_IRQHandler
 .text.HSADC1_CCA_IRQHandler
                0x100083a2        0x8 ./startup/startup_mkv56f24.o
                0x100083a2                HSADC1_CCA_IRQHandler
 .text.CAN0_Bus_Off_IRQHandler
                0x100083aa        0x8 ./startup/startup_mkv56f24.o
                0x100083aa                CAN0_Bus_Off_IRQHandler
 .text.CAN0_Error_IRQHandler
                0x100083b2        0x8 ./startup/startup_mkv56f24.o
                0x100083b2                CAN0_Error_IRQHandler
 .text.CAN0_Tx_Warning_IRQHandler
                0x100083ba        0x8 ./startup/startup_mkv56f24.o
                0x100083ba                CAN0_Tx_Warning_IRQHandler
 .text.CAN0_Rx_Warning_IRQHandler
                0x100083c2        0x8 ./startup/startup_mkv56f24.o
                0x100083c2                CAN0_Rx_Warning_IRQHandler
 .text.CAN0_Wake_Up_IRQHandler
                0x100083ca        0x8 ./startup/startup_mkv56f24.o
                0x100083ca                CAN0_Wake_Up_IRQHandler
 .text.PWM0_CMP0_IRQHandler
                0x100083d2        0x8 ./startup/startup_mkv56f24.o
                0x100083d2                PWM0_CMP0_IRQHandler
 .text.PWM0_RELOAD0_IRQHandler
                0x100083da        0x8 ./startup/startup_mkv56f24.o
                0x100083da                PWM0_RELOAD0_IRQHandler
 .text.PWM0_CMP1_IRQHandler
                0x100083e2        0x8 ./startup/startup_mkv56f24.o
                0x100083e2                PWM0_CMP1_IRQHandler
 .text.PWM0_RELOAD1_IRQHandler
                0x100083ea        0x8 ./startup/startup_mkv56f24.o
                0x100083ea                PWM0_RELOAD1_IRQHandler
 .text.PWM0_CMP2_IRQHandler
                0x100083f2        0x8 ./startup/startup_mkv56f24.o
                0x100083f2                PWM0_CMP2_IRQHandler
 .text.PWM0_RELOAD2_IRQHandler
                0x100083fa        0x8 ./startup/startup_mkv56f24.o
                0x100083fa                PWM0_RELOAD2_IRQHandler
 .text.PWM0_CMP3_IRQHandler
                0x10008402        0x8 ./startup/startup_mkv56f24.o
                0x10008402                PWM0_CMP3_IRQHandler
 .text.PWM0_RELOAD3_IRQHandler
                0x1000840a        0x8 ./startup/startup_mkv56f24.o
                0x1000840a                PWM0_RELOAD3_IRQHandler
 .text.PWM0_CAP_IRQHandler
                0x10008412        0x8 ./startup/startup_mkv56f24.o
                0x10008412                PWM0_CAP_IRQHandler
 .text.PWM0_RERR_IRQHandler
                0x1000841a        0x8 ./startup/startup_mkv56f24.o
                0x1000841a                PWM0_RERR_IRQHandler
 .text.PWM0_FAULT_IRQHandler
                0x10008422        0x8 ./startup/startup_mkv56f24.o
                0x10008422                PWM0_FAULT_IRQHandler
 .text.CMP3_IRQHandler
                0x1000842a        0x8 ./startup/startup_mkv56f24.o
                0x1000842a                CMP3_IRQHandler
 .text.HSADC1_CCB_IRQHandler
                0x10008432        0x8 ./startup/startup_mkv56f24.o
                0x10008432                HSADC1_CCB_IRQHandler
 .text.CAN1_ORed_Message_buffer_IRQHandler
                0x1000843a        0x8 ./startup/startup_mkv56f24.o
                0x1000843a                CAN1_ORed_Message_buffer_IRQHandler
 .text.CAN1_Bus_Off_IRQHandler
                0x10008442        0x8 ./startup/startup_mkv56f24.o
                0x10008442                CAN1_Bus_Off_IRQHandler
 .text.CAN1_Error_IRQHandler
                0x1000844a        0x8 ./startup/startup_mkv56f24.o
                0x1000844a                CAN1_Error_IRQHandler
 .text.CAN1_Tx_Warning_IRQHandler
                0x10008452        0x8 ./startup/startup_mkv56f24.o
                0x10008452                CAN1_Tx_Warning_IRQHandler
 .text.CAN1_Rx_Warning_IRQHandler
                0x1000845a        0x8 ./startup/startup_mkv56f24.o
                0x1000845a                CAN1_Rx_Warning_IRQHandler
 .text.CAN1_Wake_Up_IRQHandler
                0x10008462        0x8 ./startup/startup_mkv56f24.o
                0x10008462                CAN1_Wake_Up_IRQHandler
 .text.Reserved116_IRQHandler
                0x1000846a        0x8 ./startup/startup_mkv56f24.o
                0x1000846a                Reserved116_IRQHandler
 .text.Reserved117_IRQHandler
                0x10008472        0x8 ./startup/startup_mkv56f24.o
                0x10008472                Reserved117_IRQHandler
 .text.Reserved118_IRQHandler
                0x1000847a        0x8 ./startup/startup_mkv56f24.o
                0x1000847a                Reserved118_IRQHandler
 .text.Reserved119_IRQHandler
                0x10008482        0x8 ./startup/startup_mkv56f24.o
                0x10008482                Reserved119_IRQHandler
 .text.PWM1_CMP0_IRQHandler
                0x1000848a        0x8 ./startup/startup_mkv56f24.o
                0x1000848a                PWM1_CMP0_IRQHandler
 .text.PWM1_RELOAD0_IRQHandler
                0x10008492        0x8 ./startup/startup_mkv56f24.o
                0x10008492                PWM1_RELOAD0_IRQHandler
 .text.PWM1_CMP1_IRQHandler
                0x1000849a        0x8 ./startup/startup_mkv56f24.o
                0x1000849a                PWM1_CMP1_IRQHandler
 .text.PWM1_RELOAD1_IRQHandler
                0x100084a2        0x8 ./startup/startup_mkv56f24.o
                0x100084a2                PWM1_RELOAD1_IRQHandler
 .text.PWM1_CMP2_IRQHandler
                0x100084aa        0x8 ./startup/startup_mkv56f24.o
                0x100084aa                PWM1_CMP2_IRQHandler
 .text.PWM1_RELOAD2_IRQHandler
                0x100084b2        0x8 ./startup/startup_mkv56f24.o
                0x100084b2                PWM1_RELOAD2_IRQHandler
 .text.PWM1_CMP3_IRQHandler
                0x100084ba        0x8 ./startup/startup_mkv56f24.o
                0x100084ba                PWM1_CMP3_IRQHandler
 .text.PWM1_RELOAD3_IRQHandler
                0x100084c2        0x8 ./startup/startup_mkv56f24.o
                0x100084c2                PWM1_RELOAD3_IRQHandler
 .text.PWM1_CAP_IRQHandler
                0x100084ca        0x8 ./startup/startup_mkv56f24.o
                0x100084ca                PWM1_CAP_IRQHandler
 .text.PWM1_RERR_IRQHandler
                0x100084d2        0x8 ./startup/startup_mkv56f24.o
                0x100084d2                PWM1_RERR_IRQHandler
 .text.PWM1_FAULT_IRQHandler
                0x100084da        0x8 ./startup/startup_mkv56f24.o
                0x100084da                PWM1_FAULT_IRQHandler
 .text.TaskCANopen
                0x100084e2        0xc ./source/tasks/task_canopen.o
                0x100084e2                TaskCANopen
 .text.FusionVectorSubtract
                0x100084ee       0x9c ./source/tasks/task_fusion.o
 .text.FusionVectorHadamardProduct
                0x1000858a       0x9c ./source/tasks/task_fusion.o
 .text.FusionMatrixMultiplyVector
                0x10008626       0xf0 ./source/tasks/task_fusion.o
 .text.FusionCalibrationInertial
                0x10008716      0x15a ./source/tasks/task_fusion.o
 .text.FusionCalibrationMagnetic
                0x10008870       0xfe ./source/tasks/task_fusion.o
 .text.FusionVectorIsZero
                0x1000896e       0x60 ./source/fusion/FusionAhrs.o
 .text.FusionVectorAdd
                0x100089ce       0x9c ./source/fusion/FusionAhrs.o
 .text.FusionVectorSum
                0x10008a6a       0x40 ./source/fusion/FusionAhrs.o
 .text.FusionVectorMultiplyScalar
                0x10008aaa       0x88 ./source/fusion/FusionAhrs.o
 .text.FusionVectorHadamardProduct
                0x10008b32       0x9c ./source/fusion/FusionAhrs.o
 .text.FusionVectorCrossProduct
                0x10008bce       0xcc ./source/fusion/FusionAhrs.o
 .text.FusionVectorDotProduct
                0x10008c9a       0xac ./source/fusion/FusionAhrs.o
 .text.FusionVectorMagnitudeSquared
                0x10008d46       0x94 ./source/fusion/FusionAhrs.o
 .text.FusionVectorNormalise
                0x10008dda       0xa6 ./source/fusion/FusionAhrs.o
 .text.FusionQuaternionAdd
                0x10008e80       0xc4 ./source/fusion/FusionAhrs.o
 .text.FusionQuaternionMultiply
                0x10008f44      0x184 ./source/fusion/FusionAhrs.o
 .text.FusionQuaternionMultiplyVector
                0x100090c8      0x140 ./source/fusion/FusionAhrs.o
 .text.FusionQuaternionNormalise
                0x10009208       0xea ./source/fusion/FusionAhrs.o
 .text.HalfGravity
                0x100092f2      0x17a ./source/fusion/FusionAhrs.o
 .text.HalfMagnetic
                0x1000946c      0x214 ./source/fusion/FusionAhrs.o
 .text.Feedback
                0x10009680      0x16a ./source/fusion/FusionAhrs.o
 .text.Clamp    0x100097ea       0x32 ./source/fusion/FusionAhrs.o
 .text.FusionAhrsSetHeading
                0x1000981c      0x12c ./source/fusion/FusionAhrs.o
                0x1000981c                FusionAhrsSetHeading
 .text.FusionAhrsUpdate
                0x10009948      0x736 ./source/fusion/FusionAhrs.o
                0x10009948                FusionAhrsUpdate
 .text.FusionVectorAdd
                0x1000a07e       0x9c ./source/fusion/FusionOffset.o
 .text.FusionVectorSubtract
                0x1000a11a       0x9c ./source/fusion/FusionOffset.o
 .text.FusionVectorMultiplyScalar
                0x1000a1b6       0x88 ./source/fusion/FusionOffset.o
 .text.FusionOffsetUpdate
                0x1000a23e      0x1c4 ./source/fusion/FusionOffset.o
                0x1000a23e                FusionOffsetUpdate
 .text.FLEXCAN_GetMbStatusFlags
                0x1000a402       0x1e ./source/drivers/flexcan0_drv.o
 .text.FLEXCAN_ClearMbStatusFlags
                0x1000a420       0x1c ./source/drivers/flexcan0_drv.o
 .text.PIT_ClearStatusFlags
                0x1000a43c       0x2a ./source/drivers/pit_drv.o
 .text.HardFault_Handler
                0x1000a466       0x36 ./source/semihost_hardfault.o
                0x1000a466                HardFault_Handler
 .text.xEventGroupCreate
                0x1000a49c       0x2e ./freertos/freertos_kernel/event_groups.o
                0x1000a49c                xEventGroupCreate
 .text.xEventGroupSetBits
                0x1000a4ca      0x118 ./freertos/freertos_kernel/event_groups.o
                0x1000a4ca                xEventGroupSetBits
 .text.vEventGroupDelete
                0x1000a5e2       0x64 ./freertos/freertos_kernel/event_groups.o
                0x1000a5e2                vEventGroupDelete
 .text.vEventGroupSetBitsCallback
                0x1000a646       0x1a ./freertos/freertos_kernel/event_groups.o
                0x1000a646                vEventGroupSetBitsCallback
 .text.vListInitialise
                0x1000a660       0x40 ./freertos/freertos_kernel/list.o
                0x1000a660                vListInitialise
 .text.vListInitialiseItem
                0x1000a6a0       0x1a ./freertos/freertos_kernel/list.o
                0x1000a6a0                vListInitialiseItem
 .text.vListInsertEnd
                0x1000a6ba       0x48 ./freertos/freertos_kernel/list.o
                0x1000a6ba                vListInsertEnd
 .text.vListInsert
                0x1000a702       0x72 ./freertos/freertos_kernel/list.o
                0x1000a702                vListInsert
 .text.uxListRemove
                0x1000a774       0x54 ./freertos/freertos_kernel/list.o
                0x1000a774                uxListRemove
 .text.xQueueGenericCreate
                0x1000a7c8       0x6e ./freertos/freertos_kernel/queue.o
                0x1000a7c8                xQueueGenericCreate
 .text.prvInitialiseNewQueue
                0x1000a836       0x46 ./freertos/freertos_kernel/queue.o
 .text.prvInitialiseMutex
                0x1000a87c       0x34 ./freertos/freertos_kernel/queue.o
 .text.xQueueCreateMutex
                0x1000a8b0       0x30 ./freertos/freertos_kernel/queue.o
                0x1000a8b0                xQueueCreateMutex
 .text.xQueueGenericSendFromISR
                0x1000a8e0      0x13c ./freertos/freertos_kernel/queue.o
                0x1000a8e0                xQueueGenericSendFromISR
 .text.xQueueReceiveFromISR
                0x1000aa1c      0x104 ./freertos/freertos_kernel/queue.o
                0x1000aa1c                xQueueReceiveFromISR
 .text.vQueueDelete
                0x1000ab20       0x3e ./freertos/freertos_kernel/queue.o
                0x1000ab20                vQueueDelete
 .text.prvGetDisinheritPriorityAfterTimeout
                0x1000ab5e       0x30 ./freertos/freertos_kernel/queue.o
 .text.prvCopyDataToQueue
                0x1000ab8e       0xd4 ./freertos/freertos_kernel/queue.o
 .text.prvCopyDataFromQueue
                0x1000ac62       0x4c ./freertos/freertos_kernel/queue.o
 .text.prvUnlockQueue
                0x1000acae       0xa4 ./freertos/freertos_kernel/queue.o
 .text.prvIsQueueEmpty
                0x1000ad52       0x2c ./freertos/freertos_kernel/queue.o
 .text.prvIsQueueFull
                0x1000ad7e       0x30 ./freertos/freertos_kernel/queue.o
 .text.vQueueWaitForMessageRestricted
                0x1000adae       0x68 ./freertos/freertos_kernel/queue.o
                0x1000adae                vQueueWaitForMessageRestricted
 .text.xTaskCreate
                0x1000ae16       0x82 ./freertos/freertos_kernel/tasks.o
                0x1000ae16                xTaskCreate
 .text.prvInitialiseNewTask
                0x1000ae98      0x13e ./freertos/freertos_kernel/tasks.o
 .text.prvDeleteTCB
                0x1000afd6       0x20 ./freertos/freertos_kernel/tasks.o
 .text.prvTimerTask
                0x1000aff6       0x26 ./freertos/freertos_kernel/timers.o
 .text.UART_EnableTx
                0x1000b01c       0x40 ./drivers/freertos/fsl_uart_freertos.o
 .text.UART_EnableRx
                0x1000b05c       0x40 ./drivers/freertos/fsl_uart_freertos.o
 .text.OSC_SetExtRefClkConfig
                0x1000b09c       0x40 ./drivers/fsl_clock.o
 .text.OSC_SetCapLoad
                0x1000b0dc       0x34 ./drivers/fsl_clock.o
 .text.CLOCK_GetPll0RefFreq
                0x1000b110        0xe ./drivers/fsl_clock.o
 .text.CLOCK_GetFixedFreqClkFreq
                0x1000b11e       0x34 ./drivers/fsl_clock.o
                0x1000b11e                CLOCK_GetFixedFreqClkFreq
 .text.CLOCK_SetExternalRefClkConfig
                0x1000b152       0x18 ./drivers/fsl_clock.o
                0x1000b152                CLOCK_SetExternalRefClkConfig
 .text.DSPI_IsMaster
                0x1000b16a       0x26 ./drivers/fsl_dspi.o
 .text.FLEXCAN_Enable
                0x1000b190       0x54 ./drivers/fsl_flexcan.o
 .text.FLEXCAN_EnterFreezeMode
                0x1000b1e4       0x3c ./drivers/fsl_flexcan.o
                0x1000b1e4                FLEXCAN_EnterFreezeMode
 .text.FLEXCAN_ExitFreezeMode
                0x1000b220       0x3c ./drivers/fsl_flexcan.o
                0x1000b220                FLEXCAN_ExitFreezeMode
 .text.FLEXCAN_IsMbOccupied
                0x1000b25c       0x52 ./drivers/fsl_flexcan.o
 .text.FTM_ClearStatusFlags
                0x1000b2ae       0x68 ./drivers/fsl_ftm.o
                0x1000b2ae                FTM_ClearStatusFlags
 .text.SMC_SetPowerModeHsrun
                0x1000b316       0x32 ./drivers/fsl_smc.o
                0x1000b316                SMC_SetPowerModeHsrun
 .text.EnableIRQ
                0x1000b348       0x2c ./drivers/fsl_uart.o
 .text.UART_GetStatusFlags
                0x1000b374       0x48 ./drivers/fsl_uart.o
                0x1000b374                UART_GetStatusFlags
 .text.UART_ClearStatusFlags
                0x1000b3bc       0x80 ./drivers/fsl_uart.o
                0x1000b3bc                UART_ClearStatusFlags
 .text.UART_WriteBlocking
                0x1000b43c       0x50 ./drivers/fsl_uart.o
                0x1000b43c                UART_WriteBlocking
 .text.UART0_RX_TX_DriverIRQHandler
                0x1000b48c       0x12 ./drivers/fsl_uart.o
                0x1000b48c                UART0_RX_TX_DriverIRQHandler
 .text.UART1_RX_TX_DriverIRQHandler
                0x1000b49e       0x12 ./drivers/fsl_uart.o
                0x1000b49e                UART1_RX_TX_DriverIRQHandler
 .text.UART2_RX_TX_DriverIRQHandler
                0x1000b4b0       0x12 ./drivers/fsl_uart.o
                0x1000b4b0                UART2_RX_TX_DriverIRQHandler
 .text.UART3_RX_TX_DriverIRQHandler
                0x1000b4c2       0x12 ./drivers/fsl_uart.o
                0x1000b4c2                UART3_RX_TX_DriverIRQHandler
 .text.UART4_RX_TX_DriverIRQHandler
                0x1000b4d4       0x12 ./drivers/fsl_uart.o
                0x1000b4d4                UART4_RX_TX_DriverIRQHandler
 .text.UART5_RX_TX_DriverIRQHandler
                0x1000b4e6       0x12 ./drivers/fsl_uart.o
                0x1000b4e6                UART5_RX_TX_DriverIRQHandler
 .text.SystemInitHook
                0x1000b4f8        0xe ./device/system_MKV56F24.o
                0x1000b4f8                SystemInitHook
 .text.HAL_UartGetStatus
                0x1000b506       0x22 ./component/uart/uart_adapter.o
 .text.FTM0_IRQHandler
                0x1000b528       0x14 ./component/timer/ftm_adapter.o
                0x1000b528                FTM0_IRQHandler
 .text.FTM1_IRQHandler
                0x1000b53c       0x14 ./component/timer/ftm_adapter.o
                0x1000b53c                FTM1_IRQHandler
 .text.FTM2_IRQHandler
                0x1000b550       0x14 ./component/timer/ftm_adapter.o
                0x1000b550                FTM2_IRQHandler
 .text.DisableGlobalIRQ
                0x1000b564       0x22 ./component/serial_manager/serial_manager.o
 .text.EnableGlobalIRQ
                0x1000b586       0x20 ./component/serial_manager/serial_manager.o
 .text.SerialManager_StartWriting
                0x1000b5a6       0x38 ./component/serial_manager/serial_manager.o
 .text.SerialManager_WriteBlocking
                0x1000b5de       0x20 ./component/serial_manager/serial_manager.o
                0x1000b5de                SerialManager_WriteBlocking
 .text.PORTA_IRQHandler
                0x1000b5fe       0x14 ./component/gpio/gpio_adapter.o
                0x1000b5fe                PORTA_IRQHandler
 .text.PORTB_IRQHandler
                0x1000b612       0x14 ./component/gpio/gpio_adapter.o
                0x1000b612                PORTB_IRQHandler
 .text.PORTC_IRQHandler
                0x1000b626       0x14 ./component/gpio/gpio_adapter.o
                0x1000b626                PORTC_IRQHandler
 .text.PORTD_IRQHandler
                0x1000b63a       0x14 ./component/gpio/gpio_adapter.o
                0x1000b63a                PORTD_IRQHandler
 .text.PORTE_IRQHandler
                0x1000b64e       0x14 ./component/gpio/gpio_adapter.o
                0x1000b64e                PORTE_IRQHandler
 .text.SMC_SetPowerModeProtection
                0x1000b662       0x1e ./board/clock_config.o
 .text.SMC_GetPowerModeState
                0x1000b680       0x1a ./board/clock_config.o
 .text.BOARD_InitBootClocks
                0x1000b69a        0xc ./board/clock_config.o
                0x1000b69a                BOARD_InitBootClocks
 .text.EnableIRQ
                0x1000b6a6       0x2c ./board/peripherals.o
 .text.FLEXCAN_EnableMbInterrupts
                0x1000b6d2       0x22 ./board/peripherals.o
 .text.PIT_EnableInterrupts
                0x1000b6f4       0x3a ./board/peripherals.o
 .text.PIT_SetTimerPeriod
                0x1000b72e       0x28 ./board/peripherals.o
 .text.PIT_StartTimer
                0x1000b756       0x38 ./board/peripherals.o
 .text.GPIOB_init
                0x1000b78e        0xe ./board/peripherals.o
 .text.BOARD_InitPeripherals
                0x1000b79c       0x28 ./board/peripherals.o
                0x1000b79c                BOARD_InitPeripherals
 .text.BOARD_InitBootPeripherals
                0x1000b7c4        0xc ./board/peripherals.o
                0x1000b7c4                BOARD_InitBootPeripherals
 .text.PORT_SetPinMux
                0x1000b7d0       0x3a ./board/pin_mux.o
 .text.BOARD_InitBootPins
                0x1000b80a        0xc ./board/pin_mux.o
                0x1000b80a                BOARD_InitBootPins
 .text.__main   0x1000b816        0xe C:/nxp/MCUXpressoIDE_25.6.136/ide/plugins/com.nxp.mcuxpresso.tools.win32_25.6.0.202501151204/tools/bin/../lib/gcc/arm-none-eabi/14.2.1/../../../../arm-none-eabi/lib/thumb/v7e-m+fp/hard\libcr_nohost_nf.a(_cr__main.o)
                0x1000b816                __main
 .text.__sys_appexit
                0x1000b824        0x2 C:/nxp/MCUXpressoIDE_25.6.136/ide/plugins/com.nxp.mcuxpresso.tools.win32_25.6.0.202501151204/tools/bin/../lib/gcc/arm-none-eabi/14.2.1/../../../../arm-none-eabi/lib/thumb/v7e-m+fp/hard\libcr_nohost_nf.a(__sys_appexit.o)
                0x1000b824                __sys_appexit
                0x1000b824                __exit
 .text.fabsf    0x1000b826       0x10 C:/nxp/MCUXpressoIDE_25.6.136/ide/plugins/com.nxp.mcuxpresso.tools.win32_25.6.0.202501151204/tools/bin/../lib/gcc/arm-none-eabi/14.2.1/../../../../arm-none-eabi/lib/thumb/v7e-m+fp/hard\libcr_c.a(fabsf.o)
                0x1000b826                fabsf
 .text.sinf     0x1000b836       0x26 C:/nxp/MCUXpressoIDE_25.6.136/ide/plugins/com.nxp.mcuxpresso.tools.win32_25.6.0.202501151204/tools/bin/../lib/gcc/arm-none-eabi/14.2.1/../../../../arm-none-eabi/lib/thumb/v7e-m+fp/hard\libcr_c.a(sinf.o)
                0x1000b836                sinf
 .text.memcpy   0x1000b85c        0x4 C:/nxp/MCUXpressoIDE_25.6.136/ide/plugins/com.nxp.mcuxpresso.tools.win32_25.6.0.202501151204/tools/bin/../lib/gcc/arm-none-eabi/14.2.1/../../../../arm-none-eabi/lib/thumb/v7e-m+fp/hard\libcr_c.a(memcpy.o)
                0x1000b85c                memcpy
 .text.memset   0x1000b860        0x4 C:/nxp/MCUXpressoIDE_25.6.136/ide/plugins/com.nxp.mcuxpresso.tools.win32_25.6.0.202501151204/tools/bin/../lib/gcc/arm-none-eabi/14.2.1/../../../../arm-none-eabi/lib/thumb/v7e-m+fp/hard\libcr_c.a(memset.o)
                0x1000b860                memset
 .text._deferredlazyseek
                0x1000b864       0x40 C:/nxp/MCUXpressoIDE_25.6.136/ide/plugins/com.nxp.mcuxpresso.tools.win32_25.6.0.202501151204/tools/bin/../lib/gcc/arm-none-eabi/14.2.1/../../../../arm-none-eabi/lib/thumb/v7e-m+fp/hard\libcr_c.a(_deferredlazyseek.o)
                0x1000b864                _deferredlazyseek
 .text.__flsbuf
                0x1000b8a4      0x12a C:/nxp/MCUXpressoIDE_25.6.136/ide/plugins/com.nxp.mcuxpresso.tools.win32_25.6.0.202501151204/tools/bin/../lib/gcc/arm-none-eabi/14.2.1/../../../../arm-none-eabi/lib/thumb/v7e-m+fp/hard\libcr_c.a(_deferredlazyseek.o)
                0x1000b8a4                __flsbuf
 .text._fflush  0x1000b9ce       0x52 C:/nxp/MCUXpressoIDE_25.6.136/ide/plugins/com.nxp.mcuxpresso.tools.win32_25.6.0.202501151204/tools/bin/../lib/gcc/arm-none-eabi/14.2.1/../../../../arm-none-eabi/lib/thumb/v7e-m+fp/hard\libcr_c.a(_fflush.o)
                0x1000b9ce                _fflush
 .text.free     0x1000ba20       0x30 C:/nxp/MCUXpressoIDE_25.6.136/ide/plugins/com.nxp.mcuxpresso.tools.win32_25.6.0.202501151204/tools/bin/../lib/gcc/arm-none-eabi/14.2.1/../../../../arm-none-eabi/lib/thumb/v7e-m+fp/hard\libcr_c.a(alloc.o)
                0x1000ba20                free
 .text.fputs    0x1000ba50       0x2c C:/nxp/MCUXpressoIDE_25.6.136/ide/plugins/com.nxp.mcuxpresso.tools.win32_25.6.0.202501151204/tools/bin/../lib/gcc/arm-none-eabi/14.2.1/../../../../arm-none-eabi/lib/thumb/v7e-m+fp/hard\libcr_c.a(fputs.o)
                0x1000ba50                fputs
 .text.setvbuf  0x1000ba7c       0x3e C:/nxp/MCUXpressoIDE_25.6.136/ide/plugins/com.nxp.mcuxpresso.tools.win32_25.6.0.202501151204/tools/bin/../lib/gcc/arm-none-eabi/14.2.1/../../../../arm-none-eabi/lib/thumb/v7e-m+fp/hard\libcr_c.a(setvbuf.o)
                0x1000ba7c                setvbuf
 .text.strlen   0x1000baba       0x4e C:/nxp/MCUXpressoIDE_25.6.136/ide/plugins/com.nxp.mcuxpresso.tools.win32_25.6.0.202501151204/tools/bin/../lib/gcc/arm-none-eabi/14.2.1/../../../../arm-none-eabi/lib/thumb/v7e-m+fp/hard\libcr_c.a(strlen.o)
                0x1000baba                strlen
 .text._fdopen  0x1000bb08       0x68 C:/nxp/MCUXpressoIDE_25.6.136/ide/plugins/com.nxp.mcuxpresso.tools.win32_25.6.0.202501151204/tools/bin/../lib/gcc/arm-none-eabi/14.2.1/../../../../arm-none-eabi/lib/thumb/v7e-m+fp/hard\libcr_c.a(_fdopen.o)
                0x1000bb08                _fdopen
 .text.fclose   0x1000bb70       0x58 C:/nxp/MCUXpressoIDE_25.6.136/ide/plugins/com.nxp.mcuxpresso.tools.win32_25.6.0.202501151204/tools/bin/../lib/gcc/arm-none-eabi/14.2.1/../../../../arm-none-eabi/lib/thumb/v7e-m+fp/hard\libcr_c.a(fclose.o)
                0x1000bb70                fclose
 .text.remove   0x1000bbc8       0x14 C:/nxp/MCUXpressoIDE_25.6.136/ide/plugins/com.nxp.mcuxpresso.tools.win32_25.6.0.202501151204/tools/bin/../lib/gcc/arm-none-eabi/14.2.1/../../../../arm-none-eabi/lib/thumb/v7e-m+fp/hard\libcr_c.a(remove.o)
                0x1000bbc8                remove
 .text._do_fflush
                0x1000bbdc       0x40 C:/nxp/MCUXpressoIDE_25.6.136/ide/plugins/com.nxp.mcuxpresso.tools.win32_25.6.0.202501151204/tools/bin/../lib/gcc/arm-none-eabi/14.2.1/../../../../arm-none-eabi/lib/thumb/v7e-m+fp/hard\libcr_c.a(_do_fflush.o)
                0x1000bbdc                _do_fflush
 .text.__aeabi_d2iz
                0x1000bc1c       0x42 C:/nxp/MCUXpressoIDE_25.6.136/ide/plugins/com.nxp.mcuxpresso.tools.win32_25.6.0.202501151204/tools/bin/../lib/gcc/arm-none-eabi/14.2.1/thumb/v7e-m+fp/hard\libcr_eabihelpers.a(double.o)
                0x1000bc1c                __aeabi_d2iz
 .text.__aeabi_dcmple
                0x1000bc5e       0x54 C:/nxp/MCUXpressoIDE_25.6.136/ide/plugins/com.nxp.mcuxpresso.tools.win32_25.6.0.202501151204/tools/bin/../lib/gcc/arm-none-eabi/14.2.1/thumb/v7e-m+fp/hard\libcr_eabihelpers.a(double.o)
                0x1000bc5e                __aeabi_dcmple
 .text.__aeabi_dcmpge
                0x1000bcb2       0x5a C:/nxp/MCUXpressoIDE_25.6.136/ide/plugins/com.nxp.mcuxpresso.tools.win32_25.6.0.202501151204/tools/bin/../lib/gcc/arm-none-eabi/14.2.1/thumb/v7e-m+fp/hard\libcr_eabihelpers.a(double.o)
                0x1000bcb2                __aeabi_dcmpge
 .text.__aeabi_memcpy
                0x1000bd0c       0x34 C:/nxp/MCUXpressoIDE_25.6.136/ide/plugins/com.nxp.mcuxpresso.tools.win32_25.6.0.202501151204/tools/bin/../lib/gcc/arm-none-eabi/14.2.1/thumb/v7e-m+fp/hard\libcr_eabihelpers.a(memcpy.o)
                0x1000bd0c                __aeabi_memcpy
                0x1000bd16                __aeabi_memcpy8
                0x1000bd16                __aeabi_memcpy4
 .text.__aeabi_memset_lowlevel
                0x1000bd40       0x32 C:/nxp/MCUXpressoIDE_25.6.136/ide/plugins/com.nxp.mcuxpresso.tools.win32_25.6.0.202501151204/tools/bin/../lib/gcc/arm-none-eabi/14.2.1/thumb/v7e-m+fp/hard\libcr_eabihelpers.a(memcpy.o)
                0x1000bd40                __aeabi_lowlevel_memset
 .text.__sys_close
                0x1000bd72        0x6 C:/nxp/MCUXpressoIDE_25.6.136/ide/plugins/com.nxp.mcuxpresso.tools.win32_25.6.0.202501151204/tools/bin/../lib/gcc/arm-none-eabi/14.2.1/../../../../arm-none-eabi/lib/thumb/v7e-m+fp/hard\libcr_nohost_nf.a(__sys_close.o)
                0x1000bd72                __sys_close
 .text.__sys_flen
                0x1000bd78        0x6 C:/nxp/MCUXpressoIDE_25.6.136/ide/plugins/com.nxp.mcuxpresso.tools.win32_25.6.0.202501151204/tools/bin/../lib/gcc/arm-none-eabi/14.2.1/../../../../arm-none-eabi/lib/thumb/v7e-m+fp/hard\libcr_nohost_nf.a(__sys_flen.o)
                0x1000bd78                __sys_flen
 .text.__sys_istty
                0x1000bd7e        0x6 C:/nxp/MCUXpressoIDE_25.6.136/ide/plugins/com.nxp.mcuxpresso.tools.win32_25.6.0.202501151204/tools/bin/../lib/gcc/arm-none-eabi/14.2.1/../../../../arm-none-eabi/lib/thumb/v7e-m+fp/hard\libcr_nohost_nf.a(__sys_istty.o)
                0x1000bd7e                __sys_istty
 .text.__sys_remove
                0x1000bd84        0x6 C:/nxp/MCUXpressoIDE_25.6.136/ide/plugins/com.nxp.mcuxpresso.tools.win32_25.6.0.202501151204/tools/bin/../lib/gcc/arm-none-eabi/14.2.1/../../../../arm-none-eabi/lib/thumb/v7e-m+fp/hard\libcr_nohost_nf.a(__sys_remove.o)
                0x1000bd84                __sys_remove
 .text.__sys_seek
                0x1000bd8a        0x6 C:/nxp/MCUXpressoIDE_25.6.136/ide/plugins/com.nxp.mcuxpresso.tools.win32_25.6.0.202501151204/tools/bin/../lib/gcc/arm-none-eabi/14.2.1/../../../../arm-none-eabi/lib/thumb/v7e-m+fp/hard\libcr_nohost_nf.a(__sys_seek.o)
                0x1000bd8a                __sys_seek
 .text.__sys_tmpnam
                0x1000bd90        0x6 C:/nxp/MCUXpressoIDE_25.6.136/ide/plugins/com.nxp.mcuxpresso.tools.win32_25.6.0.202501151204/tools/bin/../lib/gcc/arm-none-eabi/14.2.1/../../../../arm-none-eabi/lib/thumb/v7e-m+fp/hard\libcr_nohost_nf.a(__sys_tmpnam.o)
                0x1000bd90                __sys_tmpnam
 .text.__sys_write
                0x1000bd96        0x4 C:/nxp/MCUXpressoIDE_25.6.136/ide/plugins/com.nxp.mcuxpresso.tools.win32_25.6.0.202501151204/tools/bin/../lib/gcc/arm-none-eabi/14.2.1/../../../../arm-none-eabi/lib/thumb/v7e-m+fp/hard\libcr_nohost_nf.a(__sys_write.o)
                0x1000bd96                __sys_write
 *freertos*/tasks.o(SORT_BY_ALIGNMENT(.rodata*))
 .rodata.vTaskStartScheduler.str1.4
                0x1000bd9a        0x5 ./freertos/freertos_kernel/tasks.o
 *(SORT_BY_ALIGNMENT(.rodata) SORT_BY_ALIGNMENT(.rodata.*) SORT_BY_ALIGNMENT(.constdata) SORT_BY_ALIGNMENT(.constdata.*))
 *fill*         0x1000bd9a        0x6 ff
 .rodata.a1.0   0x1000bda0       0x88 C:/nxp/MCUXpressoIDE_25.6.136/ide/plugins/com.nxp.mcuxpresso.tools.win32_25.6.0.202501151204/tools/bin/../lib/gcc/arm-none-eabi/14.2.1/../../../../arm-none-eabi/lib/thumb/v7e-m+fp/hard\libcr_c.a(powf.o)
 .rodata.DbgConsole_SendDataReliable.str1.4
                0x1000be28      0xc48 ./utilities/fsl_debug_console.o
                                 0x4d (size before relaxing)
 .rodata.DbgConsole_Init.str1.4
                0x1000ca70       0x86 ./utilities/fsl_debug_console.o
 .rodata.TaskCANopen_Init.str1.4
                0x1000ca70        0xd ./source/tasks/task_canopen.o
 .rodata.gyroscopeMisalignment
                0x1000ca70       0x24 ./source/tasks/task_fusion.o
 .rodata.gyroscopeSensitivity
                0x1000ca94        0xc ./source/tasks/task_fusion.o
 .rodata.gyroscopeOffset
                0x1000caa0        0xc ./source/tasks/task_fusion.o
 .rodata.accelerometerMisalignment
                0x1000caac       0x24 ./source/tasks/task_fusion.o
 .rodata.accelerometerSensitivity
                0x1000cad0        0xc ./source/tasks/task_fusion.o
 .rodata.accelerometerOffset
                0x1000cadc        0xc ./source/tasks/task_fusion.o
 .rodata.softIronMatrix
                0x1000cae8       0x24 ./source/tasks/task_fusion.o
 .rodata.hardIronOffset
                0x1000cb0c        0xc ./source/tasks/task_fusion.o
 .rodata.TaskFusion_Init.str1.4
                0x1000cb18        0xc ./source/tasks/task_fusion.o
 .rodata.settings.0
                0x1000cb18       0x18 ./source/tasks/task_fusion.o
 .rodata.TaskIMU_Init.str1.4
                0x1000cb30        0x9 ./source/tasks/task_imu.o
 .rodata        0x1000cb30       0x18 ./source/fusion/FusionAhrs.o
 .rodata.main.str1.4
                0x1000cb48        0xe ./source/kfx_backpan_fusion.o
 .rodata.xTimerCreateTimerTask.str1.4
                0x1000cb48        0x8 ./freertos/freertos_kernel/timers.o
 .rodata.prvCheckForValidListAndQueue.str1.4
                0x1000cb48        0x5 ./freertos/freertos_kernel/timers.o
 .rodata.CLOCK_GetMcgExtClkFreq.str1.4
                0x1000cb48       0x24 ./drivers/fsl_clock.o
 .rodata.CLOCK_GetOsc0ErClkUndivFreq.str1.4
                0x1000cb48       0x1e ./drivers/fsl_clock.o
 .rodata.CLOCK_GetOsc0ErClkDivFreq.str1.4
                0x1000cb48       0x1e ./drivers/fsl_clock.o
 .rodata.CLOCK_GetPll0Freq.str1.4
                0x1000cb48       0x1d ./drivers/fsl_clock.o
 .rodata.CLOCK_EnablePll0.str1.4
                0x1000cb48       0x19 ./drivers/fsl_clock.o
 .rodata.CLOCK_SetPbeMode.str1.4
                0x1000cb48       0x1a ./drivers/fsl_clock.o
 .rodata.CLOCK_BootToPeeMode.str1.4
                0x1000cb48       0x1a ./drivers/fsl_clock.o
 .rodata.fllFactorTable.1
                0x1000cb48       0x10 ./drivers/fsl_clock.o
 .rodata.SPI0_DriverIRQHandler.str1.4
                0x1000cb58       0x2a ./drivers/fsl_dspi.o
 .rodata.SPI1_DriverIRQHandler.str1.4
                0x1000cb58       0x2a ./drivers/fsl_dspi.o
 .rodata.SPI2_DriverIRQHandler.str1.4
                0x1000cb58       0x2a ./drivers/fsl_dspi.o
 .rodata.EDMA_GetChannelStatusFlags.str1.4
                0x1000cb58       0x45 ./drivers/fsl_edma.o
 .rodata.EDMA_HandleIRQ.str1.4
                0x1000cb58       0x21 ./drivers/fsl_edma.o
 .rodata.s_flexcanBases
                0x1000cb58        0x8 ./drivers/fsl_flexcan.o
 .rodata.s_flexcanClock
                0x1000cb60        0xc ./drivers/fsl_flexcan.o
 .rodata.FLEXCAN_GetInstance.str1.4
                0x1000cb6c       0x3a ./drivers/fsl_flexcan.o
 .rodata.FLEXCAN_Reset.str1.4
                0x1000cb6c       0x3a ./drivers/fsl_flexcan.o
 .rodata.FLEXCAN_SetBaudRate.str1.4
                0x1000cb6c       0x5d ./drivers/fsl_flexcan.o
 .rodata.FLEXCAN_Init.str1.4
                0x1000cb6c       0xad ./drivers/fsl_flexcan.o
 .rodata.FLEXCAN_SetTimingConfig.str1.4
                0x1000cb6c       0x25 ./drivers/fsl_flexcan.o
 .rodata.FLEXCAN_SetTxMbConfig.str1.4
                0x1000cb6c       0x78 ./drivers/fsl_flexcan.o
 .rodata.FLEXCAN_SetRxMbConfig.str1.4
                0x1000cb6c       0xbc ./drivers/fsl_flexcan.o
 .rodata.FLEXCAN_ReadRxMb.str1.4
                0x1000cb6c       0xa0 ./drivers/fsl_flexcan.o
 .rodata.CAN0_DriverIRQHandler.str1.4
                0x1000cb6c       0x30 ./drivers/fsl_flexcan.o
 .rodata.CAN1_DriverIRQHandler.str1.4
                0x1000cb6c       0x30 ./drivers/fsl_flexcan.o
 .rodata.s_portBases
                0x1000cb6c       0x14 ./drivers/fsl_gpio.o
 .rodata.s_gpioBases
                0x1000cb80       0x14 ./drivers/fsl_gpio.o
 .rodata.GPIO_GetInstance.str1.4
                0x1000cb94       0x33 ./drivers/fsl_gpio.o
 .rodata.PIT_GetInstance.str1.4
                0x1000cb94       0x31 ./drivers/fsl_pit.o
 .rodata.PIT_Init.str1.4
                0x1000cb94       0x1e ./drivers/fsl_pit.o
 .rodata.s_uartBases
                0x1000cb94       0x18 ./drivers/fsl_uart.o
 .rodata.s_uartIRQ
                0x1000cbac        0x6 ./drivers/fsl_uart.o
 *fill*         0x1000cbb2        0x2 ff
 .rodata.s_uartClock
                0x1000cbb4       0x18 ./drivers/fsl_uart.o
 .rodata.UART_GetInstance.str1.4
                0x1000cbcc       0x2b ./drivers/fsl_uart.o
 .rodata.UART_TransferGetRxRingBufferLength.str1.4
                0x1000cbcc       0x18 ./drivers/fsl_uart.o
 .rodata.UART_TransferIsRxRingBufferFull.str1.4
                0x1000cbcc       0x18 ./drivers/fsl_uart.o
 .rodata.UART_Init.str1.4
                0x1000cbcc       0xef ./drivers/fsl_uart.o
 .rodata.UART_GetDefaultConfig.str1.4
                0x1000cbcc       0x18 ./drivers/fsl_uart.o
 .rodata.UART_WriteNonBlocking.str1.4
                0x1000cbcc       0x16 ./drivers/fsl_uart.o
 .rodata.UART_ReadNonBlocking.str1.4
                0x1000cbcc       0x16 ./drivers/fsl_uart.o
 .rodata.UART_TransferCreateHandle.str1.4
                0x1000cbcc       0x18 ./drivers/fsl_uart.o
 .rodata.UART_TransferStartRingBuffer.str1.4
                0x1000cbcc       0x34 ./drivers/fsl_uart.o
 .rodata.UART_TransferHandleIRQ.str1.4
                0x1000cbcc       0x19 ./drivers/fsl_uart.o
 .rodata.s_UartAdapterBase
                0x1000cbcc       0x18 ./component/uart/uart_adapter.o
 .rodata.HAL_UartInit.str1.4
                0x1000cbe4       0xcd ./component/uart/uart_adapter.o
 .rodata.HAL_UartSendBlocking.str1.4
                0x1000cbe4       0x54 ./component/uart/uart_adapter.o
 .rodata.s_FtmBase
                0x1000cbe4       0x10 ./component/timer/ftm_adapter.o
 .rodata.SerialManager_Write.str1.4
                0x1000cbf4       0x82 ./component/serial_manager/serial_manager.o
 .rodata.SerialManager_Init.str1.4