../source/fusion/FusionMath.h:129:21:FusionDegreesToRadians	16	static
../source/fusion/FusionMath.h:138:21:FusionRadiansToDegrees	16	static
../source/fusion/FusionMath.h:150:21:FusionAsin	16	static
../source/fusion/FusionMath.h:171:21:FusionFastInverseSqrt	24	static
../source/fusion/FusionMath.h:193:20:FusionVectorIsZero	24	static
../source/fusion/FusionMath.h:203:28:FusionVectorAdd	72	static
../source/fusion/FusionMath.h:218:28:FusionVectorSubtract	72	static
../source/fusion/FusionMath.h:232:21:FusionVectorSum	24	static
../source/fusion/FusionMath.h:242:28:FusionVectorMultiplyScalar	64	static
../source/fusion/FusionMath.h:257:28:FusionVectorHadamardProduct	72	static
../source/fusion/FusionMath.h:272:28:FusionVectorCrossProduct	72	static
../source/fusion/FusionMath.h:291:21:FusionVectorDotProduct	48	static
../source/fusion/FusionMath.h:300:21:FusionVectorMagnitudeSquared	40	static
../source/fusion/FusionMath.h:309:21:FusionVectorMagnitude	24	static
../source/fusion/FusionMath.h:318:28:FusionVectorNormalise	56	static
../source/fusion/FusionMath.h:336:32:FusionQuaternionAdd	88	static
../source/fusion/FusionMath.h:352:32:FusionQuaternionMultiply	88	static
../source/fusion/FusionMath.h:375:32:FusionQuaternionMultiplyVector	88	static
../source/fusion/FusionMath.h:394:32:FusionQuaternionNormalise	88	static
../source/fusion/FusionAhrs.c:45:6:FusionAhrsInitialise	48	static
../source/fusion/FusionAhrs.c:63:6:FusionAhrsReset	72	static
../source/fusion/FusionAhrs.c:84:6:FusionAhrsSetSettings	16	static
../source/fusion/FusionAhrs.c:109:28:HalfGravity	80	static
../source/fusion/FusionAhrs.c:139:28:HalfMagnetic	96	static
../source/fusion/FusionAhrs.c:177:28:Feedback	72	static
../source/fusion/FusionAhrs.c:191:19:Clamp	24	static
../source/fusion/FusionAhrs.c:209:6:FusionAhrsUpdateNoMagnetometer	56	static
../source/fusion/FusionAhrs.c:229:6:FusionAhrsUpdateExternalHeading	72	static
../source/fusion/FusionAhrs.c:254:18:FusionAhrsGetQuaternion	48	static
../source/fusion/FusionAhrs.c:263:6:FusionAhrsSetQuaternion	32	static
../source/fusion/FusionAhrs.c:272:14:FusionAhrsGetGravity	56	static
../source/fusion/FusionAhrs.c:289:14:FusionAhrsGetLinearAcceleration	80	static
../source/fusion/FusionAhrs.c:308:14:FusionAhrsGetEarthAcceleration	88	static
../source/fusion/FusionAhrs.c:346:26:FusionAhrsGetInternalStates	48	static
../source/fusion/FusionAhrs.c:363:17:FusionAhrsGetFlags	24	static
../source/fusion/FusionAhrs.c:380:6:FusionAhrsSetHeading	48	static
../source/fusion/FusionAhrs.c:403:6:FusionAhrsUpdate	264	static
