../source/fusion/FusionMath.h:127:21:FusionDegreesToRadians	16	static
../source/fusion/FusionMath.h:136:21:FusionRadiansToDegrees	16	static
../source/fusion/FusionMath.h:148:21:FusionAsin	16	static
../source/fusion/FusionMath.h:168:21:FusionFastInverseSqrt	24	static
../source/fusion/FusionMath.h:190:20:FusionVectorIsZero	24	static
../source/fusion/FusionMath.h:200:28:FusionVectorAdd	72	static
../source/fusion/FusionMath.h:215:28:FusionVectorSubtract	72	static
../source/fusion/FusionMath.h:229:21:FusionVectorSum	24	static
../source/fusion/FusionMath.h:239:28:FusionVectorMultiplyScalar	64	static
../source/fusion/FusionMath.h:254:28:FusionVectorHadamardProduct	72	static
../source/fusion/FusionMath.h:269:28:FusionVectorCrossProduct	72	static
../source/fusion/FusionMath.h:288:21:FusionVectorDotProduct	48	static
../source/fusion/FusionMath.h:297:21:FusionVectorMagnitudeSquared	40	static
../source/fusion/FusionMath.h:306:21:FusionVectorMagnitude	24	static
../source/fusion/FusionMath.h:315:28:FusionVectorNormalise	56	static
../source/fusion/FusionMath.h:333:32:FusionQuaternionAdd	88	static
../source/fusion/FusionMath.h:349:32:FusionQuaternionMultiply	88	static
../source/fusion/FusionMath.h:372:32:FusionQuaternionMultiplyVector	88	static
../source/fusion/FusionMath.h:391:32:FusionQuaternionNormalise	88	static
../source/fusion/FusionAhrs.c:45:6:FusionAhrsInitialise	48	static
../source/fusion/FusionAhrs.c:63:6:FusionAhrsReset	72	static
../source/fusion/FusionAhrs.c:84:6:FusionAhrsSetSettings	16	static
../source/fusion/FusionAhrs.c:112:6:FusionAhrsUpdate	264	static
../source/fusion/FusionAhrs.c:223:28:HalfGravity	80	static
../source/fusion/FusionAhrs.c:253:28:HalfMagnetic	96	static
../source/fusion/FusionAhrs.c:291:28:Feedback	72	static
../source/fusion/FusionAhrs.c:305:19:Clamp	24	static
../source/fusion/FusionAhrs.c:323:6:FusionAhrsUpdateNoMagnetometer	56	static
../source/fusion/FusionAhrs.c:343:6:FusionAhrsUpdateExternalHeading	72	static
../source/fusion/FusionAhrs.c:368:18:FusionAhrsGetQuaternion	48	static
../source/fusion/FusionAhrs.c:377:6:FusionAhrsSetQuaternion	32	static
../source/fusion/FusionAhrs.c:386:14:FusionAhrsGetGravity	56	static
../source/fusion/FusionAhrs.c:403:14:FusionAhrsGetLinearAcceleration	80	static
../source/fusion/FusionAhrs.c:422:14:FusionAhrsGetEarthAcceleration	88	static
../source/fusion/FusionAhrs.c:460:26:FusionAhrsGetInternalStates	48	static
../source/fusion/FusionAhrs.c:477:17:FusionAhrsGetFlags	24	static
../source/fusion/FusionAhrs.c:494:6:FusionAhrsSetHeading	48	static
