C:\Users\Lenovo\Documents\MCUXpressoIDE_25.6.136\workspace\kfx_backpan_fusion\CMSIS/core_cm7.h:1902:22:__NVIC_EnableIRQ	16	static
../drivers/fsl_clock.h:672:20:CLOCK_EnableClock	24	static
../drivers/fsl_clock.h:683:20:CLOCK_DisableClock	24	static
../drivers/fsl_common.h:484:28:EnableIRQ	16	static
../drivers/fsl_flexcan.h:836:24:FLEXCAN_GetStatusFlags	16	static
../drivers/fsl_flexcan.h:850:20:FLEXCAN_ClearStatusFlags	16	static
../drivers/fsl_flexcan.h:891:24:FLEXCAN_GetMbStatusFlags	16	static
../drivers/fsl_flexcan.h:913:20:FLEXCAN_ClearMbStatusFlags	16	static
../drivers/fsl_flexcan.h:940:20:FLEXCAN_EnableInterrupts	16	static
../drivers/fsl_flexcan.h:961:20:FLEXCAN_DisableInterrupts	16	static
../drivers/fsl_flexcan.h:984:20:FLEXCAN_EnableMbInterrupts	16	static
../drivers/fsl_flexcan.h:1006:20:FLEXCAN_DisableMbInterrupts	16	static
../drivers/fsl_flexcan.h:1064:20:FLEXCAN_Enable	16	static
../drivers/fsl_flexcan.c:317:10:FLEXCAN_GetInstance	24	static
../drivers/fsl_flexcan.c:466:6:FLEXCAN_EnterFreezeMode	16	static
../drivers/fsl_flexcan.c:477:6:FLEXCAN_ExitFreezeMode	16	static
../drivers/fsl_flexcan.c:496:13:FLEXCAN_IsMbOccupied	24	static
../drivers/fsl_flexcan.c:555:13:FLEXCAN_IsMbIntEnabled	24	static
../drivers/fsl_flexcan.c:577:13:FLEXCAN_Reset	24	static
../drivers/fsl_flexcan.c:653:13:FLEXCAN_SetBaudRate	32	static
../drivers/fsl_flexcan.c:752:6:FLEXCAN_Init	48	static
../drivers/fsl_flexcan.c:951:6:FLEXCAN_Deinit	24	static
../drivers/fsl_flexcan.c:992:6:FLEXCAN_GetDefaultConfig	16	static
../drivers/fsl_flexcan.c:1044:6:FLEXCAN_SetTimingConfig	16	static
../drivers/fsl_flexcan.c:1137:6:FLEXCAN_SetRxMbGlobalMask	16	static
../drivers/fsl_flexcan.c:1159:6:FLEXCAN_SetRxFifoGlobalMask	16	static
../drivers/fsl_flexcan.c:1185:6:FLEXCAN_SetRxIndividualMask	24	static
../drivers/fsl_flexcan.c:1211:6:FLEXCAN_SetTxMbConfig	16	static
../drivers/fsl_flexcan.c:1244:13:FLEXCAN_GetSegments	40	static
../drivers/fsl_flexcan.c:1310:6:FLEXCAN_CalculateImprovedTimingValues	40	static
../drivers/fsl_flexcan.c:1728:6:FLEXCAN_SetRxMbConfig	32	static
../drivers/fsl_flexcan.c:1848:6:FLEXCAN_SetRxFifoConfig	40	static
../drivers/fsl_flexcan.c:1966:6:FLEXCAN_EnableRxFifoDMA	16	static
../drivers/fsl_flexcan.c:2077:10:FLEXCAN_WriteTxMb	32	static
../drivers/fsl_flexcan.c:2250:10:FLEXCAN_ReadRxMb	40	static
../drivers/fsl_flexcan.c:2425:10:FLEXCAN_ReadRxFifo	24	static
../drivers/fsl_flexcan.c:2488:10:FLEXCAN_TransferSendBlocking	32	static
../drivers/fsl_flexcan.c:2537:10:FLEXCAN_TransferReceiveBlocking	32	static
../drivers/fsl_flexcan.c:2659:10:FLEXCAN_TransferReceiveFifoBlocking	24	static
../drivers/fsl_flexcan.c:2689:6:FLEXCAN_TransferCreateHandle	32	static
../drivers/fsl_flexcan.c:2754:10:FLEXCAN_TransferSendNonBlocking	32	static
../drivers/fsl_flexcan.c:2818:10:FLEXCAN_TransferReceiveNonBlocking	32	static
../drivers/fsl_flexcan.c:2988:10:FLEXCAN_TransferReceiveFifoNonBlocking	32	static
../drivers/fsl_flexcan.c:3029:6:FLEXCAN_TransferAbortSend	32	static
../drivers/fsl_flexcan.c:3145:6:FLEXCAN_TransferAbortReceive	32	static
../drivers/fsl_flexcan.c:3176:6:FLEXCAN_TransferAbortReceiveFifo	16	static
../drivers/fsl_flexcan.c:3213:10:FLEXCAN_GetTimeStamp	16	static
../drivers/fsl_flexcan.c:3221:13:FLEXCAN_CheckUnhandleInterruptEvents	64	static
../drivers/fsl_flexcan.c:3250:17:FLEXCAN_SubHandlerForDataTransfered	48	static
../drivers/fsl_flexcan.c:3413:6:FLEXCAN_TransferHandleIRQ	48	static
../drivers/fsl_flexcan.c:3457:6:CAN0_DriverIRQHandler	8	static
../drivers/fsl_flexcan.c:3467:6:CAN1_DriverIRQHandler	8	static
